../cryptolib/atca_helpers.c:579:20:atcab_base64decode_block	24	static
../cryptolib/atca_helpers.c:234:23:hex_digit_to_num	0	static
../cryptolib/atca_helpers.c:118:13:atcab_reversal	12	static
../cryptolib/atca_helpers.c:159:13:atcab_bin2hex_	48	static
../cryptolib/atca_helpers.c:55:13:atcab_bin2hex	24	static
../cryptolib/atca_helpers.c:318:6:isDigit	0	static
../cryptolib/atca_helpers.c:328:6:isWhiteSpace	0	static
../cryptolib/atca_helpers.c:338:6:isAlpha	0	static
../cryptolib/atca_helpers.c:348:6:isHexAlpha	0	static
../cryptolib/atca_helpers.c:369:6:isHexDigit	8	static
../cryptolib/atca_helpers.c:252:13:atcab_hex2bin_	48	static
../cryptolib/atca_helpers.c:308:13:atcab_hex2bin	16	static
../cryptolib/atca_helpers.c:359:6:isHex	8	static
../cryptolib/atca_helpers.c:383:13:packHex	32	static
../cryptolib/atca_helpers.c:503:6:isBase64Digit	16	static
../cryptolib/atca_helpers.c:492:6:isBase64	8	static
../cryptolib/atca_helpers.c:514:9:base64Index	0	static
../cryptolib/atca_helpers.c:549:6:base64Char	0	static
../cryptolib/atca_helpers.c:642:13:atcab_base64decode_	56	static
../cryptolib/atca_helpers.c:720:13:atcab_base64encode_	56	static
../cryptolib/atca_helpers.c:835:13:atcab_base64encode	16	static
../cryptolib/atca_helpers.c:851:13:atcab_base64decode	16	static
../cryptolib/atca_helpers.c:859:5:atcab_memset_s	0	static
