../cryptolib/atca_utils_sizes.c:37:1:atcacert_tm_utc_t_size	0	static
../cryptolib/atca_utils_sizes.c:38:1:atcacert_date_format_t_size	0	static
../cryptolib/atca_utils_sizes.c:41:1:atcacert_cert_type_t_size	0	static
../cryptolib/atca_utils_sizes.c:42:1:atcacert_cert_sn_src_t_size	0	static
../cryptolib/atca_utils_sizes.c:43:1:atcacert_device_zone_t_size	0	static
../cryptolib/atca_utils_sizes.c:44:1:atcacert_std_cert_element_t_size	0	static
../cryptolib/atca_utils_sizes.c:45:1:atcacert_device_loc_t_size	0	static
../cryptolib/atca_utils_sizes.c:46:1:atcacert_cert_loc_t_size	0	static
../cryptolib/atca_utils_sizes.c:47:1:atcacert_cert_element_t_size	0	static
../cryptolib/atca_utils_sizes.c:48:1:atcacert_def_t_size	0	static
../cryptolib/atca_utils_sizes.c:49:1:atcacert_build_state_t_size	0	static
../cryptolib/atca_utils_sizes.c:52:1:atca_aes_cbc_ctx_t_size	0	static
../cryptolib/atca_utils_sizes.c:53:1:atca_aes_cmac_ctx_t_size	0	static
../cryptolib/atca_utils_sizes.c:54:1:atca_aes_ctr_ctx_t_size	0	static
../cryptolib/atca_utils_sizes.c:57:1:atca_temp_key_t_size	0	static
../cryptolib/atca_utils_sizes.c:58:1:atca_include_data_in_out_size	0	static
../cryptolib/atca_utils_sizes.c:59:1:atca_nonce_in_out_t_size	0	static
../cryptolib/atca_utils_sizes.c:60:1:atca_io_decrypt_in_out_t_size	0	static
../cryptolib/atca_utils_sizes.c:61:1:atca_verify_mac_in_out_t_size	0	static
../cryptolib/atca_utils_sizes.c:62:1:atca_secureboot_enc_in_out_t_size	0	static
../cryptolib/atca_utils_sizes.c:63:1:atca_secureboot_mac_in_out_t_size	0	static
../cryptolib/atca_utils_sizes.c:64:1:atca_mac_in_out_t_size	0	static
../cryptolib/atca_utils_sizes.c:65:1:atca_hmac_in_out_size	0	static
../cryptolib/atca_utils_sizes.c:66:1:atca_gen_dig_in_out_t_size	0	static
../cryptolib/atca_utils_sizes.c:67:1:atca_write_mac_in_out_t_size	0	static
../cryptolib/atca_utils_sizes.c:68:1:atca_derive_key_in_out_size	0	static
../cryptolib/atca_utils_sizes.c:69:1:atca_derive_key_mac_in_out_size	0	static
../cryptolib/atca_utils_sizes.c:70:1:atca_decrypt_in_out_size	0	static
../cryptolib/atca_utils_sizes.c:71:1:atca_check_mac_in_out_t_size	0	static
../cryptolib/atca_utils_sizes.c:72:1:atca_verify_in_out_t_size	0	static
../cryptolib/atca_utils_sizes.c:73:1:atca_gen_key_in_out_t_size	0	static
../cryptolib/atca_utils_sizes.c:74:1:atca_sign_internal_in_out_t_size	0	static
../cryptolib/atca_utils_sizes.c:77:1:bool_size	0	static
../cryptolib/atca_utils_sizes.c:81:1:atca_command_size	0	static
../cryptolib/atca_utils_sizes.c:82:1:ATCAPacket_size	0	static
../cryptolib/atca_utils_sizes.c:86:1:atca_device_size	0	static
../cryptolib/atca_utils_sizes.c:89:1:ATCADeviceType_size	0	static
../cryptolib/atca_utils_sizes.c:98:1:ATCAIfaceType_size	0	static
../cryptolib/atca_utils_sizes.c:99:1:ATCAIfaceCfg_size	0	static
../cryptolib/atca_utils_sizes.c:100:1:atca_iface_size	0	static
../cryptolib/atca_utils_sizes.c:103:1:ATCA_STATUS_size	0	static
