../Drivers/LoRaMac-node/common/LmHandler/packages/LmhpCompliance.c:226:13:LmhpComplianceIsInitialized	0	static
../Drivers/LoRaMac-node/common/LmHandler/packages/LmhpCompliance.c:231:13:LmhpComplianceIsTxPending	0	static
../Drivers/LoRaMac-node/common/LmHandler/packages/LmhpCompliance.c:560:13:SendBeaconRxStatusInd	16	static
../Drivers/LoRaMac-node/common/LmHandler/packages/LmhpCompliance.c:122:20:ClassBStatusReset	8	static
../Drivers/LoRaMac-node/common/LmHandler/packages/LmhpCompliance.c:206:13:LmhpComplianceInit	16	static
../Drivers/LoRaMac-node/common/LmHandler/packages/LmhpCompliance.c:236:13:LmhpComplianceProcess	24	static
../Drivers/LoRaMac-node/common/LmHandler/packages/LmhpCompliance.c:525:13:LmhpComplianceOnMlmeIndication	8	static
../Drivers/LoRaMac-node/common/LmHandler/packages/LmhpCompliance.c:274:13:LmhpComplianceOnMcpsIndication	88	static
../Drivers/LoRaMac-node/common/LmHandler/packages/LmhpCompliance.c:502:13:LmhpComplianceOnMlmeConfirm	8	static
../Drivers/LoRaMac-node/common/LmHandler/packages/LmhpCompliance.c:201:15:LmphCompliancePackageFactory	0	static
