../Drivers/STM32L0xx_HAL_Driver/Src/stm32l0xx_hal_lptim.c:2312:26:LPTIM_WaitForFlag	16	static
../Drivers/STM32L0xx_HAL_Driver/Src/stm32l0xx_hal_lptim.c:391:13:HAL_LPTIM_MspInit	0	static
../Drivers/STM32L0xx_HAL_Driver/Src/stm32l0xx_hal_lptim.c:220:19:HAL_LPTIM_Init	24	static
../Drivers/STM32L0xx_HAL_Driver/Src/stm32l0xx_hal_lptim.c:406:13:HAL_LPTIM_MspDeInit	0	static
../Drivers/STM32L0xx_HAL_Driver/Src/stm32l0xx_hal_lptim.c:455:19:HAL_LPTIM_PWM_Start	24	static
../Drivers/STM32L0xx_HAL_Driver/Src/stm32l0xx_hal_lptim.c:678:19:HAL_LPTIM_OnePulse_Start	32	static
../Drivers/STM32L0xx_HAL_Driver/Src/stm32l0xx_hal_lptim.c:901:19:HAL_LPTIM_SetOnce_Start	32	static
../Drivers/STM32L0xx_HAL_Driver/Src/stm32l0xx_hal_lptim.c:1122:19:HAL_LPTIM_Encoder_Start	16	static
../Drivers/STM32L0xx_HAL_Driver/Src/stm32l0xx_hal_lptim.c:1334:19:HAL_LPTIM_TimeOut_Start	24	static
../Drivers/STM32L0xx_HAL_Driver/Src/stm32l0xx_hal_lptim.c:1537:19:HAL_LPTIM_Counter_Start	16	static
../Drivers/STM32L0xx_HAL_Driver/Src/stm32l0xx_hal_lptim.c:1740:10:HAL_LPTIM_ReadCounter	0	static
../Drivers/STM32L0xx_HAL_Driver/Src/stm32l0xx_hal_lptim.c:1753:10:HAL_LPTIM_ReadAutoReload	0	static
../Drivers/STM32L0xx_HAL_Driver/Src/stm32l0xx_hal_lptim.c:1766:10:HAL_LPTIM_ReadCompare	0	static
../Drivers/STM32L0xx_HAL_Driver/Src/stm32l0xx_hal_lptim.c:1932:13:HAL_LPTIM_CompareMatchCallback	0	static
../Drivers/STM32L0xx_HAL_Driver/Src/stm32l0xx_hal_lptim.c:1947:13:HAL_LPTIM_AutoReloadMatchCallback	0	static
../Drivers/STM32L0xx_HAL_Driver/Src/stm32l0xx_hal_lptim.c:1962:13:HAL_LPTIM_TriggerCallback	0	static
../Drivers/STM32L0xx_HAL_Driver/Src/stm32l0xx_hal_lptim.c:1977:13:HAL_LPTIM_CompareWriteCallback	0	static
../Drivers/STM32L0xx_HAL_Driver/Src/stm32l0xx_hal_lptim.c:1992:13:HAL_LPTIM_AutoReloadWriteCallback	0	static
../Drivers/STM32L0xx_HAL_Driver/Src/stm32l0xx_hal_lptim.c:2007:13:HAL_LPTIM_DirectionUpCallback	0	static
../Drivers/STM32L0xx_HAL_Driver/Src/stm32l0xx_hal_lptim.c:2022:13:HAL_LPTIM_DirectionDownCallback	0	static
../Drivers/STM32L0xx_HAL_Driver/Src/stm32l0xx_hal_lptim.c:1805:6:HAL_LPTIM_IRQHandler	8	static
../Drivers/STM32L0xx_HAL_Driver/Src/stm32l0xx_hal_lptim.c:2265:24:HAL_LPTIM_GetState	0	static
../Drivers/STM32L0xx_HAL_Driver/Src/stm32l0xx_hal_lptim.c:2337:6:LPTIM_Disable	40	static,ignoring_inline_asm
../Drivers/STM32L0xx_HAL_Driver/Src/stm32l0xx_hal_lptim.c:344:19:HAL_LPTIM_DeInit	16	static
../Drivers/STM32L0xx_HAL_Driver/Src/stm32l0xx_hal_lptim.c:510:19:HAL_LPTIM_PWM_Stop	8	static
../Drivers/STM32L0xx_HAL_Driver/Src/stm32l0xx_hal_lptim.c:733:19:HAL_LPTIM_OnePulse_Stop	8	static
../Drivers/STM32L0xx_HAL_Driver/Src/stm32l0xx_hal_lptim.c:956:19:HAL_LPTIM_SetOnce_Stop	8	static
../Drivers/STM32L0xx_HAL_Driver/Src/stm32l0xx_hal_lptim.c:1586:19:HAL_LPTIM_Counter_Stop	8	static
../Drivers/STM32L0xx_HAL_Driver/Src/stm32l0xx_hal_lptim.c:542:19:HAL_LPTIM_PWM_Start_IT	32	static
../Drivers/STM32L0xx_HAL_Driver/Src/stm32l0xx_hal_lptim.c:627:19:HAL_LPTIM_PWM_Stop_IT	16	static
../Drivers/STM32L0xx_HAL_Driver/Src/stm32l0xx_hal_lptim.c:850:19:HAL_LPTIM_OnePulse_Stop_IT	8	static
../Drivers/STM32L0xx_HAL_Driver/Src/stm32l0xx_hal_lptim.c:1073:19:HAL_LPTIM_SetOnce_Stop_IT	8	static
../Drivers/STM32L0xx_HAL_Driver/Src/stm32l0xx_hal_lptim.c:765:19:HAL_LPTIM_OnePulse_Start_IT	32	static
../Drivers/STM32L0xx_HAL_Driver/Src/stm32l0xx_hal_lptim.c:988:19:HAL_LPTIM_SetOnce_Start_IT	32	static
../Drivers/STM32L0xx_HAL_Driver/Src/stm32l0xx_hal_lptim.c:1181:19:HAL_LPTIM_Encoder_Stop	16	static
../Drivers/STM32L0xx_HAL_Driver/Src/stm32l0xx_hal_lptim.c:1214:19:HAL_LPTIM_Encoder_Start_IT	16	static
../Drivers/STM32L0xx_HAL_Driver/Src/stm32l0xx_hal_lptim.c:1291:19:HAL_LPTIM_Encoder_Stop_IT	16	static
../Drivers/STM32L0xx_HAL_Driver/Src/stm32l0xx_hal_lptim.c:1389:19:HAL_LPTIM_TimeOut_Stop	16	static
../Drivers/STM32L0xx_HAL_Driver/Src/stm32l0xx_hal_lptim.c:1426:19:HAL_LPTIM_TimeOut_Start_IT	24	static
../Drivers/STM32L0xx_HAL_Driver/Src/stm32l0xx_hal_lptim.c:1498:19:HAL_LPTIM_TimeOut_Stop_IT	16	static
../Drivers/STM32L0xx_HAL_Driver/Src/stm32l0xx_hal_lptim.c:1616:19:HAL_LPTIM_Counter_Start_IT	24	static
../Drivers/STM32L0xx_HAL_Driver/Src/stm32l0xx_hal_lptim.c:1685:19:HAL_LPTIM_Counter_Stop_IT	16	static
