../Src/atecc608a_integration.c:31:6:hal_delay_us	8	static
../Src/atecc608a_integration.c:35:6:atca_delay_10us	8	static
../Src/atecc608a_integration.c:39:6:hal_delay_ms	8	static
../Src/atecc608a_integration.c:55:13:hal_i2c_init	16	static
../Src/atecc608a_integration.c:107:13:hal_i2c_post_init	0	static
../Src/atecc608a_integration.c:117:13:hal_i2c_send	16	static
../Src/atecc608a_integration.c:139:13:hal_i2c_receive	48	static
../Src/atecc608a_integration.c:185:13:hal_i2c_wake	16	static
../Src/atecc608a_integration.c:191:13:hal_i2c_idle	24	static
../Src/atecc608a_integration.c:202:13:hal_i2c_sleep	24	static
../Src/atecc608a_integration.c:213:13:hal_i2c_release	0	static
../Src/atecc608a_integration.c:225:13:hal_i2c_discover_buses	0	static
../Src/atecc608a_integration.c:230:13:hal_i2c_discover_devices	0	static
