../Src/hardware.c:130:6:LEDBlinkTask	16	static
../Src/hardware.c:73:10:I2C_Scan	24	static
../Src/hardware.c:94:10:getBatteryVoltage	24	static
../Src/hardware.c:113:6:HAL_I2C_MemRxCpltCallback	8	static
../Src/hardware.c:118:6:LEDBlinkSync	24	static
../Src/hardware.c:155:10:LEDBlink	40	static
../Src/hardware.c:268:6:hal_deinit	32	static
../Src/hardware.c:327:6:hal_reinit	8	static
../Src/hardware.c:342:6:HW_EnterStandbyMode	16	static
../Src/hardware.c:369:6:HW_EnterStopMode	0	static
../Src/hardware.c:435:6:HW_EraseEEPROM	8	static
../Src/hardware.c:443:6:HW_ProgramEEPROM	16	static
../Src/hardware.c:452:6:HW_ResetEEPROM	16	static,ignoring_inline_asm
../Src/hardware.c:465:6:HW_WriteEEPROM	48	static
../Src/hardware.c:495:6:HW_ReadEEPROM	8	static
../Src/hardware.c:509:6:HW_ChangePW	16	static
../Src/hardware.c:543:10:HW_RTCGetMsTime	80	static
../Src/hardware.c:567:9:HW_RTCGetNsTime	88	static
../Src/hardware.c:593:10:HW_RTCGetSTime	80	static
../Src/hardware.c:402:6:HW_ExitStopMode	24	static
../Src/hardware.c:611:6:HW_RTCWUTSet	8	static
../Src/hardware.c:34:6:PrepareWakeup	16	static
../Src/hardware.c:617:6:Breakpoint	0	static,ignoring_inline_asm
