../Src/lrw.c:629:13:OnMacProcessNotify	0	static
../Src/lrw.c:755:13:MlmeIndication	8	static
../Src/lrw.c:670:13:McpsConfirm	16	static
../Src/lrw.c:694:13:McpsIndication	24	static
../Src/lrw.c:720:13:MlmeConfirm	56	static
../Src/lrw.c:96:9:LRW_ToDatarate	8	static
../Src/lrw.c:121:9:LRW_ToTxPower	8	static
../Src/lrw.c:151:9:LRW_FromTxPower	8	static
../Src/lrw.c:288:6:LRW_Join	40	static
../Src/lrw.c:301:6:LRW_IsJoined	48	static
../Src/lrw.c:313:6:LRW_TX	48	static
../Src/lrw.c:354:6:LRW_Process	8	static
../Src/lrw.c:378:6:LRW_FromDevCfg	80	static
../Src/lrw.c:211:6:LRW_Init	56	static
../Src/lrw.c:569:6:LRW_ToDevCfg	88	static
../Src/lrw.c:367:13:LRW_SaveNvm	8	static
../Src/lrw.c:619:6:LRW_IsBusy	8	static
../Src/lrw.c:771:9:LRW_HasQueue	0	static
../Src/lrw.c:790:6:enqueueToSend	32	static
../Src/lrw.c:998:6:LRW_Send	40	static
