../Src/sensors.c:55:6:BMA400_Init	72	static
../Src/sensors.c:131:6:BMA400_Read	40	static
../Src/sensors.c:154:6:BMA400_Reset	8	static
../Src/sensors.c:158:6:BMA400_ForeverTest	64	static
../Src/sensors.c:212:6:SFH7776_Init	56	static
../Src/sensors.c:280:6:SFH7776_Read	32	static
../Src/sensors.c:325:6:SFH7776_Reset	32	static
../Src/sensors.c:331:6:SFH7776_ForeverTest	32	static
../Src/sensors.c:959:6:HDC2080_Init	56	static
../Src/sensors.c:1000:6:HDC2080_Read	32	static
../Src/sensors.c:1015:6:HDC2080_Reset	32	static
../Src/sensors.c:1022:6:HDC2080_ForeverTest	40	static
