atca_host.c:38:10:atcah_include_data	8	static
atca_host.c:97:13:atcah_nonce	80	static
atca_host.c:206:13:atcah_io_decrypt	256	static
atca_host.c:247:13:atcah_verify_mac	256	static
atca_host.c:334:13:atcah_secureboot_enc	200	static
atca_host.c:370:13:atcah_secureboot_mac	208	static
atca_host.c:420:13:atcah_mac	128	static
atca_host.c:501:13:atcah_check_mac	128	static
atca_host.c:605:13:atcah_hmac	200	static
atca_host.c:716:13:atcah_gen_dig	112	static
atca_host.c:893:13:atcah_gen_mac	120	static
atca_host.c:973:13:atcah_write_auth_mac	120	static
atca_host.c:1048:13:atcah_privwrite_auth_mac	152	static
atca_host.c:1145:13:atcah_derive_key	136	static
atca_host.c:1220:13:atcah_derive_key_mac	72	static
atca_host.c:1279:13:atcah_decrypt	8	static
atca_host.c:1327:13:atcah_sha256	8	static
atca_host.c:1339:13:atcah_gen_key_msg	160	static
atca_host.c:1408:13:atcah_config_to_sign_internal	20	static
atca_host.c:1457:13:atcah_sign_internal_msg	88	static
atca_host.c:1544:13:atcah_encode_counter_match	8	static
