../Drivers/LoRaMac-node/common/LmHandler/packages/FragDecoder.c:495:13:SetRow	8	static
../Drivers/LoRaMac-node/common/LmHandler/packages/FragDecoder.c:503:13:GetRow	8	static
../Drivers/LoRaMac-node/common/LmHandler/packages/FragDecoder.c:522:16:GetParity	0	static
../Drivers/LoRaMac-node/common/LmHandler/packages/FragDecoder.c:530:13:SetParity	8	static
../Drivers/LoRaMac-node/common/LmHandler/packages/FragDecoder.c:552:13:XorDataLine	12	static
../Drivers/LoRaMac-node/common/LmHandler/packages/FragDecoder.c:560:13:XorParityLine	32	static
../Drivers/LoRaMac-node/common/LmHandler/packages/FragDecoder.c:639:13:FragFindMissingFrags	32	static
../Drivers/LoRaMac-node/common/LmHandler/packages/FragDecoder.c:670:17:FragFindMissingIndex	8	static
../Drivers/LoRaMac-node/common/LmHandler/packages/FragDecoder.c:689:13:FragExtractLineFromBinaryMatrix	32	static
../Drivers/LoRaMac-node/common/LmHandler/packages/FragDecoder.c:243:6:FragDecoderInit	24	static
../Drivers/LoRaMac-node/common/LmHandler/packages/FragDecoder.c:295:10:FragDecoderGetMaxFileSize	0	static
../Drivers/LoRaMac-node/common/LmHandler/packages/FragDecoder.c:301:9:FragDecoderProcess	104	static
../Drivers/LoRaMac-node/common/LmHandler/packages/FragDecoder.c:483:21:FragDecoderGetStatus	8	static
