../Drivers/LoRaMac-node/common/LmHandler/packages/LmhpFragmentation.c:228:13:LmhpFragmentationIsInitialized	0	static
../Drivers/LoRaMac-node/common/LmHandler/packages/LmhpFragmentation.c:233:14:LmhpFragmentationIsTxPending	0	static
../Drivers/LoRaMac-node/common/LmHandler/packages/LmhpFragmentation.c:207:13:LmhpFragmentationInit	16	static
../Drivers/LoRaMac-node/common/LmHandler/packages/LmhpFragmentation.c:194:13:OnFragmentTxDelay	8	static
../Drivers/LoRaMac-node/common/LmHandler/packages/LmhpFragmentation.c:269:13:LmhpFragmentationOnMcpsIndication	96	static
../Drivers/LoRaMac-node/common/LmHandler/packages/LmhpFragmentation.c:238:13:LmhpFragmentationProcess	24	static
../Drivers/LoRaMac-node/common/LmHandler/packages/LmhpFragmentation.c:202:15:LmhpFragmentationPackageFactory	0	static
