ClassSTM32L071.h:274:15:static void McuSTM32L071::DoNothing(void*)	0	static
ClassSTM32L071.cpp:29:6:void FlashPageErase(uint32_t)	0	static
ClassSTM32L071.cpp:45:9:uint8_t EepromMcuWriteBuffer(uint32_t, uint8_t*, uint16_t)	32	static
ClassSTM32L071.cpp:67:9:uint8_t EepromMcuReadBuffer(uint32_t, uint8_t*, uint16_t)	8	static
ClassSTM32L071.cpp:78:6:void EepromMcuSetDeviceAddr(uint8_t)	0	static
ClassSTM32L071.cpp:82:9:uint8_t EepromMcuGetDeviceAddr()	0	static
ClassSTM32L071.cpp:113:6:void WakeUpAlarmMSecond(int)	8	static
ClassSTM32L071.cpp:126:6:void WakeUpAlarmSecond(int)	8	static
ClassSTM32L071.cpp:136:6:void HAL_LPTIM_CompareMatchCallback(LPTIM_HandleTypeDef*)	8	static
ClassSTM32L071.cpp:260:1:McuSTM32L071::McuSTM32L071(PinName, PinName, PinName)	0	static
ClassSTM32L071.cpp:266:1:McuSTM32L071::~McuSTM32L071()	0	static
ClassSTM32L071.cpp:273:6:void McuSTM32L071::InitMcu()	0	static
ClassSTM32L071.cpp:283:6:void McuSTM32L071::Init_Irq(PinName)	0	static
ClassSTM32L071.cpp:337:6:void McuSTM32L071::InitSpi()	0	static
ClassSTM32L071.cpp:388:9:uint8_t McuSTM32L071::SpiWrite(int)	40	static
ClassSTM32L071.cpp:399:5:int McuSTM32L071::RestoreContext(uint8_t*, uint32_t, uint32_t)	8	static
ClassSTM32L071.cpp:406:5:int McuSTM32L071::StoreContext(const void*, uint32_t, uint32_t)	8	static
ClassSTM32L071.cpp:422:6:void McuSTM32L071::RtcInit()	48	static
ClassSTM32L071.cpp:488:10:uint32_t McuSTM32L071::RtcGetTimeSecond()	80	static
ClassSTM32L071.cpp:513:10:uint32_t McuSTM32L071::RtcGetTimeMs()	80	static
ClassSTM32L071.cpp:535:6:void McuSTM32L071::GotoSleepSecond(int)	8	static
ClassSTM32L071.cpp:561:6:void McuSTM32L071::GotoSleepMSecond(int)	8	static
ClassSTM32L071.cpp:579:6:void McuSTM32L071::WatchDogStart()	8	static
ClassSTM32L071.cpp:589:6:void McuSTM32L071::WatchDogRelease()	8	static
ClassSTM32L071.cpp:596:6:void McuSTM32L071::LowPowerTimerLoRaInit()	0	static
ClassSTM32L071.cpp:634:6:void McuSTM32L071::StartTimerMsecond(void (*)(void*), void*, int)	8	static
ClassSTM32L071.cpp:664:6:void McuSTM32L071::SetValueDigitalOutPin(PinName, int)	8	static
ClassSTM32L071.cpp:670:5:int McuSTM32L071::GetValueDigitalInPin(PinName)	8	static
ClassSTM32L071.cpp:676:15:GPIO_TypeDef* McuSTM32L071::ReslovePortForPin(PinName)	0	static
ClassSTM32L071.cpp:685:6:void McuSTM32L071::AttachInterruptIn(void (*)(void*), void*)	0	static
