ClassSTM32L051.h:253:15:static void McuSTM32L051::DoNothing(void*)	0	static
ClassSTM32L051.cpp:82:6:void EepromMcuSetDeviceAddr(uint8_t)	0	static
ClassSTM32L051.cpp:86:9:uint8_t EepromMcuGetDeviceAddr()	0	static
ClassSTM32L051.cpp:118:6:void WakeUpAlarmMSecond(int)	8	static
ClassSTM32L051.cpp:131:6:void WakeUpAlarmSecond(int)	8	static
ClassSTM32L051.cpp:145:6:void LPTIM1_IRQHandler()	8	static
ClassSTM32L051.cpp:251:1:McuSTM32L051::McuSTM32L051(PinName, PinName, PinName)	0	static
ClassSTM32L051.cpp:257:1:McuSTM32L051::~McuSTM32L051()	0	static
ClassSTM32L051.cpp:264:6:void McuSTM32L051::InitMcu()	0	static
ClassSTM32L051.cpp:274:6:void McuSTM32L051::Init_Irq(PinName)	0	static
ClassSTM32L051.cpp:328:6:void McuSTM32L051::InitSpi()	0	static
ClassSTM32L051.cpp:379:9:uint8_t McuSTM32L051::SpiWrite(int)	32	static
ClassSTM32L051.cpp:406:5:int McuSTM32L051::RestoreContext(uint8_t*, uint32_t, uint32_t)	0	static
ClassSTM32L051.cpp:415:5:int McuSTM32L051::StoreContext(const void*, uint32_t, uint32_t)	0	static
ClassSTM32L051.cpp:431:6:void McuSTM32L051::RtcInit()	48	static
ClassSTM32L051.cpp:489:10:uint32_t McuSTM32L051::RtcGetTimeMs()	80	static
ClassSTM32L051.cpp:508:10:uint32_t McuSTM32L051::RtcGetTimeSecond()	80	static
ClassSTM32L051.cpp:530:6:void McuSTM32L051::GotoSleepSecond(int)	16	static
ClassSTM32L051.cpp:556:6:void McuSTM32L051::GotoSleepMSecond(int)	8	static
ClassSTM32L051.cpp:573:6:void McuSTM32L051::WatchDogStart()	8	static
ClassSTM32L051.cpp:583:6:void McuSTM32L051::WatchDogRelease()	8	static
ClassSTM32L051.cpp:590:6:void McuSTM32L051::LowPowerTimerLoRaInit()	0	static
ClassSTM32L051.cpp:628:6:void McuSTM32L051::StartTimerMsecond(void (*)(void*), void*, int)	8	static
ClassSTM32L051.cpp:647:15:GPIO_TypeDef* McuSTM32L051::ReslvePortForPin(PinName)	0	static
ClassSTM32L051.cpp:638:6:void McuSTM32L051::SetValueDigitalOutPin(PinName, int)	16	static
ClassSTM32L051.cpp:642:5:int McuSTM32L051::GetValueDigitalInPin(PinName)	8	static
ClassSTM32L051.cpp:663:6:void McuSTM32L051::AttachInterruptIn(void (*)(void*), void*)	0	static
