../Drivers/LoRaMac-node/common/LmHandlerMsgDisplay.c:91:6:PrintHexBuffer	24	static
../Drivers/LoRaMac-node/common/LmHandlerMsgDisplay.c:113:6:DisplayNvmDataChange	8	static
../Drivers/LoRaMac-node/common/LmHandlerMsgDisplay.c:127:6:DisplayNetworkParametersUpdate	24	static
../Drivers/LoRaMac-node/common/LmHandlerMsgDisplay.c:149:6:DisplayMacMcpsRequestUpdate	16	static
../Drivers/LoRaMac-node/common/LmHandlerMsgDisplay.c:189:6:DisplayMacMlmeRequestUpdate	16	static
../Drivers/LoRaMac-node/common/LmHandlerMsgDisplay.c:236:6:DisplayJoinRequestUpdate	8	static
../Drivers/LoRaMac-node/common/LmHandlerMsgDisplay.c:260:6:DisplayTxUpdate	72	static
../Drivers/LoRaMac-node/common/LmHandlerMsgDisplay.c:353:6:DisplayRxUpdate	48	static
../Drivers/LoRaMac-node/common/LmHandlerMsgDisplay.c:387:6:DisplayBeaconUpdate	8	static
../Drivers/LoRaMac-node/common/LmHandlerMsgDisplay.c:424:6:DisplayClassUpdate	8	static
../Drivers/LoRaMac-node/common/LmHandlerMsgDisplay.c:429:6:DisplayAppInfo	24	static
