../cryptolib/calib/calib_sha.c:69:13:calib_sha_base	224	static
../cryptolib/calib/calib_sha.c:133:13:calib_sha_start	16	static
../cryptolib/calib/calib_sha.c:146:13:calib_sha_update	16	static
../cryptolib/calib/calib_sha.c:162:13:calib_sha_end	32	static
../cryptolib/calib/calib_sha.c:180:13:calib_sha_read_context	16	static
../cryptolib/calib/calib_sha.c:194:13:calib_sha_write_context	16	static
../cryptolib/calib/calib_sha.c:221:13:calib_hw_sha2_256_init	8	static
../cryptolib/calib/calib_sha.c:237:13:calib_hw_sha2_256_update	48	static
../cryptolib/calib/calib_sha.c:289:13:calib_hw_sha2_256_finish	48	static
../cryptolib/calib/calib_sha.c:363:13:calib_hw_sha2_256	160	static
../cryptolib/calib/calib_sha.c:208:13:calib_sha	8	static
../cryptolib/calib/calib_sha.c:394:13:calib_sha_hmac_init	24	static
../cryptolib/calib/calib_sha.c:410:13:calib_sha_hmac_update	56	static
../cryptolib/calib/calib_sha.c:466:13:calib_sha_hmac_finish	40	static
../cryptolib/calib/calib_sha.c:505:13:calib_sha_hmac	168	static
