../Drivers/LoRaMac-node/mac/LoRaMacCommands.c:289:24:LoRaMacCommandsInit	8	static
../Drivers/LoRaMac-node/mac/LoRaMacCommands.c:299:24:LoRaMacCommandsAddCmd	32	static
../Drivers/LoRaMac-node/mac/LoRaMacCommands.c:332:24:LoRaMacCommandsRemoveCmd	16	static
../Drivers/LoRaMac-node/mac/LoRaMacCommands.c:356:24:LoRaMacCommandsGetCmd	0	static
../Drivers/LoRaMac-node/mac/LoRaMacCommands.c:380:24:LoRaMacCommandsRemoveNoneStickyCmds	8	static
../Drivers/LoRaMac-node/mac/LoRaMacCommands.c:406:24:LoRaMacCommandsRemoveStickyAnsCmds	16	static
../Drivers/LoRaMac-node/mac/LoRaMacCommands.c:428:24:LoRaMacCommandsGetSizeSerializedCmds	0	static
../Drivers/LoRaMac-node/mac/LoRaMacCommands.c:438:24:LoRaMacCommandsSerializeCmds	32	static
../Drivers/LoRaMac-node/mac/LoRaMacCommands.c:481:24:LoRaMacCommandsStickyCmdsPending	0	static
../Drivers/LoRaMac-node/mac/LoRaMacCommands.c:507:9:LoRaMacCommandsGetCmdSize	0	static
