../Drivers/LoRaMac-node/mac/LoRaMacCrypto.c:533:30:DeriveSessionKey10x	40	static
../Drivers/LoRaMac-node/mac/LoRaMacCrypto.c:132:30:PayloadEncrypt	72	static
../Drivers/LoRaMac-node/mac/LoRaMacCrypto.c:1454:23:LoRaMacCryptoDeriveMcKEKey.part.0	24	static
../Drivers/LoRaMac-node/mac/LoRaMacCrypto.c:673:30:GetLastFcntDown.constprop	4	static
../Drivers/LoRaMac-node/mac/LoRaMacCrypto.c:372:30:VerifyCmacB0.constprop	304	static
../Drivers/LoRaMac-node/mac/LoRaMacCrypto.c:812:23:LoRaMacCryptoInit	8	static
../Drivers/LoRaMac-node/mac/LoRaMacCrypto.c:837:23:LoRaMacCryptoSetLrWanVersion	0	static
../Drivers/LoRaMac-node/mac/LoRaMacCrypto.c:843:23:LoRaMacCryptoGetFCntUp	0	static
../Drivers/LoRaMac-node/mac/LoRaMacCrypto.c:855:23:LoRaMacCryptoGetFCntDown	24	static
../Drivers/LoRaMac-node/mac/LoRaMacCrypto.c:922:23:LoRaMacCryptoSetMulticastReference	0	static
../Drivers/LoRaMac-node/mac/LoRaMacCrypto.c:958:23:LoRaMacCryptoPrepareJoinRequest	16	static
../Drivers/LoRaMac-node/mac/LoRaMacCrypto.c:1253:23:LoRaMacCryptoSecureMessage	56	static
../Drivers/LoRaMac-node/mac/LoRaMacCrypto.c:1347:23:LoRaMacCryptoUnsecureMessage	56	static
../Drivers/LoRaMac-node/mac/LoRaMacCrypto.c:1433:23:LoRaMacCryptoDeriveMcRootKey	24	static
../Drivers/LoRaMac-node/mac/LoRaMacCrypto.c:937:23:LoRaMacCryptoSetKey	16	static
../Drivers/LoRaMac-node/mac/LoRaMacCrypto.c:1087:23:LoRaMacCryptoHandleJoinAccept	88	static
../Drivers/LoRaMac-node/mac/LoRaMacCrypto.c:1454:23:LoRaMacCryptoDeriveMcKEKey	8	static
../Drivers/LoRaMac-node/mac/LoRaMacCrypto.c:1471:23:LoRaMacCryptoDeriveMcSessionKeyPair	56	static
