../Drivers/LoRaMac-node/boards/board.c:47:6:BoardCriticalSectionBegin	0	static,ignoring_inline_asm
../Drivers/LoRaMac-node/boards/board.c:53:6:BoardCriticalSectionEnd	0	static,ignoring_inline_asm
../Drivers/LoRaMac-node/boards/board.c:58:6:BoardResetMcu	16	static,ignoring_inline_asm
../Drivers/LoRaMac-node/boards/board.c:66:6:BoardDeInitMcu	0	static
../Drivers/LoRaMac-node/boards/board.c:74:10:BoardGetRandomSeed	0	static
../Drivers/LoRaMac-node/boards/board.c:87:6:BoardGetUniqueId	24	static
../Drivers/LoRaMac-node/boards/board.c:98:6:LpmEnterStopMode	16	static,ignoring_inline_asm
../Drivers/LoRaMac-node/boards/board.c:125:6:LpmExitStopMode	16	static,ignoring_inline_asm
../Drivers/LoRaMac-node/boards/board.c:141:6:LpmEnterSleepMode	8	static
../Drivers/LoRaMac-node/boards/board.c:146:6:BoardLowPowerHandler	8	static,ignoring_inline_asm
