../Drivers/LoRaMac-node/boards/sx1261mbxbas-board.c:52:6:SX126xIoInit	0	static
../Drivers/LoRaMac-node/boards/sx1261mbxbas-board.c:60:6:SX126xIoIrqInit	8	static
../Drivers/LoRaMac-node/boards/sx1261mbxbas-board.c:65:6:SX126xIoTcxoInit	0	static
../Drivers/LoRaMac-node/boards/sx1261mbxbas-board.c:70:10:SX126xGetBoardTcxoWakeupTime	0	static
../Drivers/LoRaMac-node/boards/sx1261mbxbas-board.c:75:6:SX126xIoRfSwitchInit	8	static
../Drivers/LoRaMac-node/boards/sx1261mbxbas-board.c:80:23:SX126xGetOperatingMode	0	static
../Drivers/LoRaMac-node/boards/sx1261mbxbas-board.c:85:6:SX126xSetOperatingMode	0	static
../Drivers/LoRaMac-node/boards/sx1261mbxbas-board.c:108:6:SX126xReset	24	static
../Drivers/LoRaMac-node/boards/sx1261mbxbas-board.c:117:6:SX126xWaitOnBusy	8	static
../Drivers/LoRaMac-node/boards/sx1261mbxbas-board.c:122:6:SX126xWakeup	24	static
../Drivers/LoRaMac-node/boards/sx1261mbxbas-board.c:142:6:SX126xWriteCommand	32	static
../Drivers/LoRaMac-node/boards/sx1261mbxbas-board.c:163:9:SX126xReadCommand	32	static
../Drivers/LoRaMac-node/boards/sx1261mbxbas-board.c:185:6:SX126xWriteRegisters	32	static
../Drivers/LoRaMac-node/boards/sx1261mbxbas-board.c:205:6:SX126xWriteRegister	16	static
../Drivers/LoRaMac-node/boards/sx1261mbxbas-board.c:210:6:SX126xReadRegisters	32	static
../Drivers/LoRaMac-node/boards/sx1261mbxbas-board.c:229:9:SX126xReadRegister	16	static
../Drivers/LoRaMac-node/boards/sx1261mbxbas-board.c:236:6:SX126xWriteBuffer	32	static
../Drivers/LoRaMac-node/boards/sx1261mbxbas-board.c:253:6:SX126xReadBuffer	32	static
../Drivers/LoRaMac-node/boards/sx1261mbxbas-board.c:271:6:SX126xSetRfTxPower	8	static
../Drivers/LoRaMac-node/boards/sx1261mbxbas-board.c:276:9:SX126xGetDeviceId	0	static
../Drivers/LoRaMac-node/boards/sx1261mbxbas-board.c:280:6:SX126xCheckRfFrequency	0	static
../Drivers/LoRaMac-node/boards/sx1261mbxbas-board.c:286:10:SX126xGetDio1PinState	8	static
