stm32l0xx_hal_msp.c:51:6:HAL_MspInit	8	static
stm32l0xx_hal_msp.c:73:6:HAL_ADC_MspInit	32	static
stm32l0xx_hal_msp.c:100:6:HAL_ADC_MspDeInit	8	static
stm32l0xx_hal_msp.c:123:6:HAL_I2C_MspInit	40	static
stm32l0xx_hal_msp.c:175:6:HAL_I2C_MspDeInit	8	static
stm32l0xx_hal_msp.c:204:6:HAL_LPTIM_MspInit	8	static
stm32l0xx_hal_msp.c:224:6:HAL_LPTIM_MspDeInit	8	static
stm32l0xx_hal_msp.c:244:6:HAL_RTC_MspInit	0	static
stm32l0xx_hal_msp.c:261:6:HAL_RTC_MspDeInit	0	static
stm32l0xx_hal_msp.c:278:6:HAL_SPI_MspInit	32	static
stm32l0xx_hal_msp.c:312:6:HAL_SPI_MspDeInit	8	static
