stm32l0xx_it.c:90:6:NMI_Handler	0	static
stm32l0xx_it.c:103:6:HardFault_Handler	0	static
stm32l0xx_it.c:118:6:SVC_Handler	0	static
stm32l0xx_it.c:131:6:PendSV_Handler	0	static
stm32l0xx_it.c:144:6:SysTick_Handler	8	static
stm32l0xx_it.c:165:6:EXTI0_1_IRQHandler	8	static
stm32l0xx_it.c:180:6:EXTI4_15_IRQHandler	8	static
stm32l0xx_it.c:194:6:DMA1_Channel2_3_IRQHandler	8	static
stm32l0xx_it.c:208:6:LPTIM1_IRQHandler	8	static
stm32l0xx_it.c:222:6:I2C1_IRQHandler	8	static
stm32l0xx_it.c:240:6:SPI1_IRQHandler	8	static
stm32l0xx_it.c:255:6:RTC_IRQHandler	8	static
