atcacert_def.c:216:23:atcacert_is_device_loc_match	32	static
atcacert_def.c:968:13:uint8_to_hex	0	static
atcacert_def.c:1009:12:hex_to_uint8	0	static
atcacert_def.c:554:13:atcacert_copy_device_loc_data	24	static
atcacert_def.c:253:12:get_effective_offset	12	static
atcacert_def.c:39:5:atcacert_merge_device_loc	48	static
atcacert_def.c:120:5:atcacert_get_device_locs	48	static
atcacert_def.c:534:5:atcacert_is_device_loc_overlap	16	static
atcacert_def.c:1517:5:atcacert_get_tbs	32	static
atcacert_def.c:1543:5:atcacert_get_tbs_digest	32	static
atcacert_def.c:1572:5:atcacert_set_cert_element	32	static
atcacert_def.c:718:5:atcacert_set_signature	56	static
atcacert_def.c:820:5:atcacert_set_issue_date	56	static
atcacert_def.c:894:5:atcacert_set_expire_date	56	static
atcacert_def.c:991:5:atcacert_set_signer_id	48	static
atcacert_def.c:1384:5:atcacert_set_comp_cert	96	static
atcacert_def.c:1084:5:atcacert_set_cert_sn	56	static
atcacert_def.c:1350:5:atcacert_set_auth_key_id_raw	24	static
atcacert_def.c:1617:5:atcacert_get_cert_element	24	static
atcacert_def.c:692:5:atcacert_get_subj_public_key	24	static
atcacert_def.c:705:5:atcacert_get_subj_key_id	24	static
atcacert_def.c:789:5:atcacert_get_signature	48	static
atcacert_def.c:854:5:atcacert_get_issue_date	56	static
atcacert_def.c:928:5:atcacert_get_expire_date	56	static
atcacert_def.c:1050:5:atcacert_get_signer_id	32	static
atcacert_def.c:1164:5:atcacert_gen_cert_sn	168	static
atcacert_def.c:510:5:atcacert_cert_build_finish	16	static
atcacert_def.c:1460:5:atcacert_get_comp_cert	56	static
atcacert_def.c:1300:5:atcacert_get_cert_sn	24	static
atcacert_def.c:1371:5:atcacert_get_auth_key_id	24	static
atcacert_def.c:1653:5:atcacert_get_key_id	88	static
atcacert_def.c:658:5:atcacert_set_subj_public_key	56	static
atcacert_def.c:1322:5:atcacert_set_auth_key_id	56	static
atcacert_def.c:271:5:atcacert_cert_build_start	32	static
atcacert_def.c:1668:6:atcacert_public_key_add_padding	16	static
atcacert_def.c:565:5:atcacert_get_device_data	328	static
atcacert_def.c:1676:6:atcacert_public_key_remove_padding	16	static
atcacert_def.c:1682:5:atcacert_transform_data	40	static
atcacert_def.c:334:5:atcacert_cert_build_process	632	static
atcacert_def.c:1743:5:atcacert_max_cert_size	12	static
