atcacert_date.c:166:17:uint_to_str	24	static
atcacert_date.c:235:23:str_to_int	32	static
atcacert_date.c:761:12:atcacert_date_enc_posix_uint32	48	static
atcacert_date.c:691:27:atcacert_gmtime32.isra.1	24	static
atcacert_date.c:102:5:atcacert_date_get_max_date	0	static
atcacert_date.c:248:5:atcacert_date_enc_iso8601_sep	16	static
atcacert_date.c:312:5:atcacert_date_dec_iso8601_sep	16	static
atcacert_date.c:402:5:atcacert_date_enc_rfc5280_utc	8	static
atcacert_date.c:464:5:atcacert_date_dec_rfc5280_utc	16	static
atcacert_date.c:537:5:atcacert_date_enc_rfc5280_gen	8	static
atcacert_date.c:591:5:atcacert_date_dec_rfc5280_gen	16	static
atcacert_date.c:873:5:atcacert_date_enc_posix_uint32_be	16	static
atcacert_date.c:928:5:atcacert_date_dec_posix_uint32_be	8	static
atcacert_date.c:947:5:atcacert_date_enc_posix_uint32_le	16	static
atcacert_date.c:40:5:atcacert_date_enc	16	static
atcacert_date.c:972:5:atcacert_date_dec_posix_uint32_le	8	static
atcacert_date.c:74:5:atcacert_date_dec	16	static
atcacert_date.c:991:5:atcacert_date_enc_compcert	24	static
atcacert_date.c:1047:5:atcacert_date_dec_compcert	32	static
