calib_command.c:554:6:atCRC	32	static
calib_command.c:584:6:atCalcCrc	8	static
calib_command.c:42:13:atCheckMAC	8	static
calib_command.c:56:13:atCounter	8	static
calib_command.c:71:13:atDeriveKey	8	static
calib_command.c:95:13:atECDH	8	static
calib_command.c:110:13:atGenDig	8	static
calib_command.c:136:13:atGenKey	8	static
calib_command.c:158:13:atHMAC	8	static
calib_command.c:172:13:atInfo	8	static
calib_command.c:186:13:atLock	8	static
calib_command.c:200:13:atMAC	8	static
calib_command.c:222:13:atNonce	8	static
calib_command.c:262:13:atPause	8	static
calib_command.c:276:13:atPrivWrite	8	static
calib_command.c:290:13:atRandom	8	static
calib_command.c:304:13:atRead	8	static
calib_command.c:318:13:atSecureBoot	8	static
calib_command.c:349:13:atSHA	8	static
calib_command.c:391:13:atSign	8	static
calib_command.c:405:13:atUpdateExtra	8	static
calib_command.c:419:13:atVerify	8	static
calib_command.c:458:13:atWrite	8	static
calib_command.c:485:13:atAES	8	static
calib_command.c:508:13:atSelfTest	8	static
calib_command.c:525:13:atKDF	8	static
calib_command.c:604:13:atCheckCrc	24	static
calib_command.c:621:6:atIsSHAFamily	0	static
calib_command.c:640:6:atIsECCFamily	0	static
calib_command.c:660:13:isATCAError	0	static
