hdc2080.cpp:45:6:void begin()	0	static
hdc2080.cpp:102:6:void openReg(uint8_t)	0	static
hdc2080.cpp:109:9:uint8_t readReg(uint8_t)	32	static
hdc2080.cpp:50:10:uint16_t readTemp()	8	static
hdc2080.cpp:65:10:uint16_t readHumidity()	8	static
hdc2080.cpp:130:6:void writeReg(uint8_t, uint8_t)	32	static
hdc2080.cpp:79:6:void enableHeater()	8	static
hdc2080.cpp:91:6:void disableHeater()	8	static
hdc2080.cpp:146:6:void setLowTemp(float)	8	static
hdc2080.cpp:166:6:void setHighTemp(float)	8	static
hdc2080.cpp:186:6:void setHighHumidity(float)	8	static
hdc2080.cpp:206:6:void setLowHumidity(float)	8	static
hdc2080.cpp:227:10:uint16_t readLowHumidityThreshold()	8	static
hdc2080.cpp:238:10:uint16_t readHighHumidityThreshold()	8	static
hdc2080.cpp:249:10:uint16_t readLowTempThreshold()	8	static
hdc2080.cpp:260:10:uint16_t readHighTempThreshold()	8	static
hdc2080.cpp:273:6:void setTempRes(int)	8	static
hdc2080.cpp:301:6:void setHumidRes(int)	8	static
hdc2080.cpp:330:6:void setMeasurementMode(int)	8	static
hdc2080.cpp:359:6:void triggerMeasurement()	8	static
hdc2080.cpp:370:6:void reset()	8	static
hdc2080.cpp:382:6:void enableInterrupt()	8	static
hdc2080.cpp:393:6:void disableInterrupt()	8	static
hdc2080.cpp:405:6:void setRate(int)	8	static
hdc2080.cpp:459:6:void setInterruptPolarity(int)	8	static
hdc2080.cpp:483:6:void setInterruptMode(int)	8	static
hdc2080.cpp:505:9:uint8_t readInterruptStatus()	8	static
hdc2080.cpp:513:6:void clearMaxTemp()	8	static
hdc2080.cpp:519:6:void clearMaxHumidity()	8	static
hdc2080.cpp:525:10:uint16_t readMaxTemp()	8	static
hdc2080.cpp:536:10:uint16_t readMaxHumidity()	8	static
hdc2080.cpp:548:6:void enableThresholdInterrupt()	8	static
hdc2080.cpp:559:6:void disableThresholdInterrupt()	8	static
hdc2080.cpp:570:6:void enableDRDYInterrupt()	8	static
hdc2080.cpp:581:6:void disableDRDYInterrupt()	8	static
