../cryptolib/calib/calib_aes_gcm.c:61:20:calib_aes_ghash	48	static
../cryptolib/calib/calib_aes_gcm.c:448:20:calib_aes_gcm_calc_auth_tag	64	static
../cryptolib/calib/calib_aes_gcm.c:118:20:calib_aes_gcm_increment.constprop	8	static
../cryptolib/calib/calib_aes_gcm.c:349:20:calib_aes_gcm_update	48	static
../cryptolib/calib/calib_aes_gcm.c:162:13:calib_aes_gcm_init	64	static
../cryptolib/calib/calib_aes_gcm.c:238:13:calib_aes_gcm_init_rand	72	static
../cryptolib/calib/calib_aes_gcm.c:284:13:calib_aes_gcm_aad_update	56	static
../cryptolib/calib/calib_aes_gcm.c:430:13:calib_aes_gcm_encrypt_update	16	static
../cryptolib/calib/calib_aes_gcm.c:500:13:calib_aes_gcm_encrypt_finish	32	static
../cryptolib/calib/calib_aes_gcm.c:545:13:calib_aes_gcm_decrypt_update	16	static
../cryptolib/calib/calib_aes_gcm.c:560:13:calib_aes_gcm_decrypt_finish	48	static
