../Drivers/LoRaMac-node/mac/LoRaMacClassB.c:611:6:LoRaMacClassBInit	0	static
../Drivers/LoRaMac-node/mac/LoRaMacClassB.c:636:6:LoRaMacClassBSetBeaconState	0	static
../Drivers/LoRaMac-node/mac/LoRaMacClassB.c:664:6:LoRaMacClassBSetPingSlotState	0	static
../Drivers/LoRaMac-node/mac/LoRaMacClassB.c:671:6:LoRaMacClassBSetMulticastSlotState	0	static
../Drivers/LoRaMac-node/mac/LoRaMacClassB.c:678:6:LoRaMacClassBIsAcquisitionInProgress	0	static
../Drivers/LoRaMac-node/mac/LoRaMacClassB.c:699:6:LoRaMacClassBBeaconTimerEvent	0	static
../Drivers/LoRaMac-node/mac/LoRaMacClassB.c:963:6:LoRaMacClassBPingSlotTimerEvent	0	static
../Drivers/LoRaMac-node/mac/LoRaMacClassB.c:1097:6:LoRaMacClassBMulticastSlotTimerEvent	0	static
../Drivers/LoRaMac-node/mac/LoRaMacClassB.c:1276:6:LoRaMacClassBRxBeacon	0	static
../Drivers/LoRaMac-node/mac/LoRaMacClassB.c:1397:6:LoRaMacClassBIsBeaconExpected	0	static
../Drivers/LoRaMac-node/mac/LoRaMacClassB.c:1411:6:LoRaMacClassBIsPingExpected	0	static
../Drivers/LoRaMac-node/mac/LoRaMacClassB.c:1424:6:LoRaMacClassBIsMulticastExpected	0	static
../Drivers/LoRaMac-node/mac/LoRaMacClassB.c:1437:6:LoRaMacClassBIsAcquisitionPending	0	static
../Drivers/LoRaMac-node/mac/LoRaMacClassB.c:1450:6:LoRaMacClassBIsBeaconModeActive	0	static
../Drivers/LoRaMac-node/mac/LoRaMacClassB.c:1464:6:LoRaMacClassBSetPingSlotInfo	0	static
../Drivers/LoRaMac-node/mac/LoRaMacClassB.c:1472:6:LoRaMacClassBHaltBeaconing	0	static
../Drivers/LoRaMac-node/mac/LoRaMacClassB.c:1500:6:LoRaMacClassBResumeBeaconing	0	static
../Drivers/LoRaMac-node/mac/LoRaMacClassB.c:1521:17:LoRaMacClassBSwitchClass	0	static
../Drivers/LoRaMac-node/mac/LoRaMacClassB.c:1546:17:LoRaMacClassBMibGetRequestConfirm	0	static
../Drivers/LoRaMac-node/mac/LoRaMacClassB.c:1570:17:LoRaMacMibClassBSetRequestConfirm	0	static
../Drivers/LoRaMac-node/mac/LoRaMacClassB.c:1594:6:LoRaMacClassBPingSlotInfoAns	0	static
../Drivers/LoRaMac-node/mac/LoRaMacClassB.c:1605:9:LoRaMacClassBPingSlotChannelReq	0	static
../Drivers/LoRaMac-node/mac/LoRaMacClassB.c:1651:6:LoRaMacClassBBeaconTimingAns	0	static
../Drivers/LoRaMac-node/mac/LoRaMacClassB.c:1680:6:LoRaMacClassBDeviceTimeAns	0	static
../Drivers/LoRaMac-node/mac/LoRaMacClassB.c:1716:6:LoRaMacClassBBeaconFreqReq	0	static
../Drivers/LoRaMac-node/mac/LoRaMacClassB.c:1743:13:LoRaMacClassBIsUplinkCollision	0	static
../Drivers/LoRaMac-node/mac/LoRaMacClassB.c:1767:6:LoRaMacClassBStopRxSlots	0	static
../Drivers/LoRaMac-node/mac/LoRaMacClassB.c:1780:6:LoRaMacClassBStartRxSlots	0	static
../Drivers/LoRaMac-node/mac/LoRaMacClassB.c:1796:6:LoRaMacClassBSetMulticastPeriodicity	0	static
../Drivers/LoRaMac-node/mac/LoRaMacClassB.c:1807:6:LoRaMacClassBSetFPendingBit	0	static
../Drivers/LoRaMac-node/mac/LoRaMacClassB.c:1835:6:LoRaMacClassBProcess	0	static
