../Drivers/LoRaMac-node/mac/LoRaMac.c:719:13:OnRadioTxTimeout	8	static
../Drivers/LoRaMac-node/mac/LoRaMac.c:729:13:OnRadioRxError	8	static
../Drivers/LoRaMac-node/mac/LoRaMac.c:739:13:OnRadioRxTimeout	8	static
../Drivers/LoRaMac-node/mac/LoRaMac.c:749:13:UpdateRxSlotIdleState	0	static
../Drivers/LoRaMac-node/mac/LoRaMac.c:1931:16:GetMaxAppPayloadWithoutFOptsLength	24	static
../Drivers/LoRaMac-node/mac/LoRaMac.c:1785:13:OnRetransmitTimeoutTimerEvent	8	static
../Drivers/LoRaMac-node/mac/LoRaMac.c:807:13:PrepareRxDoneAbort	8	static
../Drivers/LoRaMac-node/mac/LoRaMac.c:1283:13:HandleRadioRxErrorTimeout	32	static
../Drivers/LoRaMac-node/mac/LoRaMac.c:2834:13:OpenContinuousRxCWindow	40	static
../Drivers/LoRaMac-node/mac/LoRaMac.c:1847:24:SwitchClass	32	static
../Drivers/LoRaMac-node/mac/LoRaMac.c:702:13:OnRadioRxDone	24	static
../Drivers/LoRaMac-node/mac/LoRaMac.c:689:13:OnRadioTxDone	24	static
../Drivers/LoRaMac-node/mac/LoRaMac.c:2734:13:ResetMacParameters	96	static
../Drivers/LoRaMac-node/mac/LoRaMac.c:2820:13:RxWindowSetup.constprop	24	static
../Drivers/LoRaMac-node/mac/LoRaMac.c:1755:13:OnRxWindow1TimerEvent	8	static
../Drivers/LoRaMac-node/mac/LoRaMac.c:1767:13:OnRxWindow2TimerEvent	8	static
../Drivers/LoRaMac-node/mac/LoRaMac.c:1968:13:ProcessMacCommands.constprop	96	static
../Drivers/LoRaMac-node/mac/LoRaMac.c:3227:13:StopRetransmission.isra	8	static
../Drivers/LoRaMac-node/mac/LoRaMac.c:1388:6:LoRaMacIsBusy	0	static
../Drivers/LoRaMac-node/mac/LoRaMac.c:2857:17:PrepareFrame	48	static
../Drivers/LoRaMac-node/mac/LoRaMac.c:2962:17:SendFrameOnChannel	56	static
../Drivers/LoRaMac-node/mac/LoRaMac.c:2583:24:ScheduleTx	88	static
../Drivers/LoRaMac-node/mac/LoRaMac.c:1722:13:OnTxDelayedTimerEvent	8	static
../Drivers/LoRaMac-node/mac/LoRaMac.c:2359:17:Send	80	static
../Drivers/LoRaMac-node/mac/LoRaMac.c:2446:17:SendReJoinReq	16	static
../Drivers/LoRaMac-node/mac/LoRaMac.c:3025:17:SetTxContinuousWave	8	static
../Drivers/LoRaMac-node/mac/LoRaMac.c:3116:17:DetermineFrameType	8	static
../Drivers/LoRaMac-node/mac/LoRaMac.c:1681:6:LoRaMacProcess	192	static
../Drivers/LoRaMac-node/mac/LoRaMac.c:3267:17:LoRaMacInitialization	72	static
../Drivers/LoRaMac-node/mac/LoRaMac.c:3468:17:LoRaMacStart	0	static
../Drivers/LoRaMac-node/mac/LoRaMac.c:3474:17:LoRaMacStop	8	static
../Drivers/LoRaMac-node/mac/LoRaMac.c:3488:17:LoRaMacQueryTxPossible	72	static
../Drivers/LoRaMac-node/mac/LoRaMac.c:3547:17:LoRaMacMibGetRequestConfirm	24	static
../Drivers/LoRaMac-node/mac/LoRaMac.c:3753:17:LoRaMacMibSetRequestConfirm	40	static
../Drivers/LoRaMac-node/mac/LoRaMac.c:4404:17:LoRaMacChannelAdd	40	static
../Drivers/LoRaMac-node/mac/LoRaMac.c:4422:17:LoRaMacChannelRemove	16	static
../Drivers/LoRaMac-node/mac/LoRaMac.c:4443:17:LoRaMacMcChannelSetup	24	static
../Drivers/LoRaMac-node/mac/LoRaMac.c:4495:17:LoRaMacMcChannelDelete	48	static
../Drivers/LoRaMac-node/mac/LoRaMac.c:4517:9:LoRaMacMcChannelGetGroupId	0	static
../Drivers/LoRaMac-node/mac/LoRaMac.c:4529:17:LoRaMacMcChannelSetupRxParams	40	static
../Drivers/LoRaMac-node/mac/LoRaMac.c:4590:17:LoRaMacMlmeRequest	56	static
../Drivers/LoRaMac-node/mac/LoRaMac.c:4762:17:LoRaMacMcpsRequest	88	static
../Drivers/LoRaMac-node/mac/LoRaMac.c:4899:6:LoRaMacTestSetDutyCycleOn	24	static
../Drivers/LoRaMac-node/mac/LoRaMac.c:4911:17:LoRaMacDeInitialization	16	static
