../cryptolib/atca_basic.c:59:13:atcab_version	8	static
../cryptolib/atca_basic.c:72:13:atcab_init_ext	24	static
../cryptolib/atca_basic.c:121:13:atcab_init	8	static
../cryptolib/atca_basic.c:165:13:atcab_release_ext	8	static
../cryptolib/atca_basic.c:184:13:atcab_release	8	static
../cryptolib/atca_basic.c:138:13:atcab_init_device	16	static
../cryptolib/atca_basic.c:192:12:atcab_get_device	0	static
../cryptolib/atca_basic.c:202:16:atcab_get_device_type_ext	0	static
../cryptolib/atca_basic.c:216:16:atcab_get_device_type	8	static
../cryptolib/atca_basic.c:224:6:atcab_is_ca_device	0	static
../cryptolib/atca_basic.c:232:6:atcab_is_ta_device	0	static
