MacLayer.h:150:16:static void LoraWanContainer<NBCHANNEL, R>::CallbackIsrTimerRx1(void*) [with int NBCHANNEL = 16; R = SX1276]	8	static
MacLayer.h:153:16:static void LoraWanContainer<NBCHANNEL, R>::CallbackIsrTimerRx2(void*) [with int NBCHANNEL = 16; R = SX1276]	8	static
MacLayer.h:150:16:static void LoraWanContainer<NBCHANNEL, R>::CallbackIsrTimerRx1(void*) [with int NBCHANNEL = 16; R = SX126x]	8	static
MacLayer.h:153:16:static void LoraWanContainer<NBCHANNEL, R>::CallbackIsrTimerRx2(void*) [with int NBCHANNEL = 16; R = SX126x]	8	static
MacLayer.h:150:16:static void LoraWanContainer<NBCHANNEL, R>::CallbackIsrTimerRx1(void*) [with int NBCHANNEL = 16; R = SX1272]	8	static
MacLayer.h:153:16:static void LoraWanContainer<NBCHANNEL, R>::CallbackIsrTimerRx2(void*) [with int NBCHANNEL = 16; R = SX1272]	8	static
MacLayer.h:150:16:static void LoraWanContainer<NBCHANNEL, R>::CallbackIsrTimerRx1(void*) [with int NBCHANNEL = 72; R = SX1272]	8	static
MacLayer.h:153:16:static void LoraWanContainer<NBCHANNEL, R>::CallbackIsrTimerRx2(void*) [with int NBCHANNEL = 72; R = SX1272]	8	static
MacLayer.h:150:16:static void LoraWanContainer<NBCHANNEL, R>::CallbackIsrTimerRx1(void*) [with int NBCHANNEL = 72; R = SX1276]	8	static
MacLayer.h:153:16:static void LoraWanContainer<NBCHANNEL, R>::CallbackIsrTimerRx2(void*) [with int NBCHANNEL = 72; R = SX1276]	8	static
MacLayer.h:150:16:static void LoraWanContainer<NBCHANNEL, R>::CallbackIsrTimerRx1(void*) [with int NBCHANNEL = 72; R = SX126x]	8	static
MacLayer.h:153:16:static void LoraWanContainer<NBCHANNEL, R>::CallbackIsrTimerRx2(void*) [with int NBCHANNEL = 72; R = SX126x]	8	static
MacLayer.cpp:36:35:LoraWanContainer<NBCHANNEL, R>::LoraWanContainer(sLoRaWanKeys, R*, uint32_t) [with int NBCHANNEL = 16; R = SX1276]	32	static
MacLayer.cpp:82:35:LoraWanContainer<NBCHANNEL, R>::~LoraWanContainer() [with int NBCHANNEL = 16; R = SX1276]	8	static
MacLayer.cpp:109:40:void LoraWanContainer<NBCHANNEL, R>::EncryptTxFrame() [with int NBCHANNEL = 16; R = SX1276]	48	static
MacLayer.cpp:123:40:void LoraWanContainer<NBCHANNEL, R>::ConfigureRadioAndSend() [with int NBCHANNEL = 16; R = SX1276]	24	static
MacLayer.cpp:136:40:void LoraWanContainer<NBCHANNEL, R>::ConfigureRadioForRx1() [with int NBCHANNEL = 16; R = SX1276]	16	static
MacLayer.cpp:146:40:void LoraWanContainer<NBCHANNEL, R>::ConfigureRadioForRx2() [with int NBCHANNEL = 16; R = SX1276]	16	static
MacLayer.cpp:151:40:void LoraWanContainer<NBCHANNEL, R>::ConfigureRadioForRxClassC() [with int NBCHANNEL = 16; R = SX1276]	16	static
MacLayer.cpp:794:40:void LoraWanContainer<NBCHANNEL, R>::UpdateJoinProcedure() [with int NBCHANNEL = 16; R = SX1276]	40	static
MacLayer.cpp:1046:40:void LoraWanContainer<NBCHANNEL, R>::SetDevAddr(uint32_t) [with int NBCHANNEL = 16; R = SX1276]	0	static
MacLayer.h:200:11:uint8_t LoraWanContainer<NBCHANNEL, R>::GetSF() [with int NBCHANNEL = 16; R = SX1276]	0	static
MacLayer.h:204:14:eBandWidth LoraWanContainer<NBCHANNEL, R>::GetBW() [with int NBCHANNEL = 16; R = SX1276]	0	static
MacLayer.cpp:986:39:int LoraWanContainer<NBCHANNEL, R>::FindEnabledChannel(uint8_t) [with int NBCHANNEL = 16; R = SX1276]	16	static
MacLayer.cpp:942:40:void LoraWanContainer<NBCHANNEL, R>::PrintMacContext() [with int NBCHANNEL = 16; R = SX1276]	16	static
MacLayer.cpp:855:40:void LoraWanContainer<NBCHANNEL, R>::SetMacHeader() [with int NBCHANNEL = 16; R = SX1276]	0	static
MacLayer.cpp:832:40:void LoraWanContainer<NBCHANNEL, R>::BuildJoinLoraFrame() [with int NBCHANNEL = 16; R = SX1276]	24	static
MacLayer.cpp:858:40:void LoraWanContainer<NBCHANNEL, R>::SetFrameHeader() [with int NBCHANNEL = 16; R = SX1276]	16	static
MacLayer.cpp:94:40:void LoraWanContainer<NBCHANNEL, R>::BuildTxLoraFrame() [with int NBCHANNEL = 16; R = SX1276]	24	static
MacLayer.cpp:340:40:void LoraWanContainer<NBCHANNEL, R>::UpdateMacLayer() [with int NBCHANNEL = 16; R = SX1276]	32	static
MacLayer.cpp:884:39:int LoraWanContainer<NBCHANNEL, R>::ExtractRxMhdr() [with int NBCHANNEL = 16; R = SX1276]	16	static
MacLayer.cpp:873:39:int LoraWanContainer<NBCHANNEL, R>::CheckRxPayloadLength() [with int NBCHANNEL = 16; R = SX1276]	8	static
MacLayer.cpp:897:39:int LoraWanContainer<NBCHANNEL, R>::ExtractRxFhdr(uint16_t*, uint32_t) [with int NBCHANNEL = 16; R = SX1276]	32	static
MacLayer.cpp:922:39:int LoraWanContainer<NBCHANNEL, R>::AcceptFcntDwn(uint16_t, uint32_t*) [with int NBCHANNEL = 16; R = SX1276]	16	static
MacLayer.cpp:972:40:void LoraWanContainer<NBCHANNEL, R>::SetAlarm(uint32_t, eRxWinType) [with int NBCHANNEL = 16; R = SX1276]	16	static
MacLayer.cpp:482:40:void LoraWanContainer<NBCHANNEL, R>::LinkCheckParser() [with int NBCHANNEL = 16; R = SX1276]	16	static
MacLayer.cpp:506:40:void LoraWanContainer<NBCHANNEL, R>::LinkADRParser(uint8_t) [with int NBCHANNEL = 16; R = SX1276]	48	static
MacLayer.cpp:644:40:void LoraWanContainer<NBCHANNEL, R>::DutyCycleParser() [with int NBCHANNEL = 16; R = SX1276]	16	static
MacLayer.cpp:581:40:void LoraWanContainer<NBCHANNEL, R>::RXParamSetupParser() [with int NBCHANNEL = 16; R = SX1276]	40	static
MacLayer.cpp:657:40:void LoraWanContainer<NBCHANNEL, R>::DevStatusParser() [with int NBCHANNEL = 16; R = SX1276]	16	static
MacLayer.cpp:671:40:void LoraWanContainer<NBCHANNEL, R>::NewChannelParser() [with int NBCHANNEL = 16; R = SX1276]	56	static
MacLayer.cpp:739:40:void LoraWanContainer<NBCHANNEL, R>::RXTimingSetupParser() [with int NBCHANNEL = 16; R = SX1276]	16	static
MacLayer.cpp:755:40:void LoraWanContainer<NBCHANNEL, R>::DicChannelParser() [with int NBCHANNEL = 16; R = SX1276]	40	static
MacLayer.cpp:409:50:eStatusLoRaWan LoraWanContainer<NBCHANNEL, R>::ParseManagementPacket() [with int NBCHANNEL = 16; R = SX1276]	32	static
MacLayer.cpp:1000:40:void LoraWanContainer<NBCHANNEL, R>::ComputeRxWindowParameters(uint8_t, eBandWidth, uint32_t, uint32_t, uint8_t) [with int NBCHANNEL = 16; R = SX1276]	40	static
MacLayer.cpp:155:40:void LoraWanContainer<NBCHANNEL, R>::ConfigureTimerForRx(eRxWinType) [with int NBCHANNEL = 16; R = SX1276]	40	static
MacLayer.cpp:1017:50:eStatusLoRaWan LoraWanContainer<NBCHANNEL, R>::CheckValidMulticastPayload() [with int NBCHANNEL = 16; R = SX1276]	8	static
MacLayer.cpp:199:49:eRxPacketType LoraWanContainer<NBCHANNEL, R>::DecodeRxFrame() [with int NBCHANNEL = 16; R = SX1276]	56	static
MacLayer.cpp:36:35:LoraWanContainer<NBCHANNEL, R>::LoraWanContainer(sLoRaWanKeys, R*, uint32_t) [with int NBCHANNEL = 16; R = SX126x]	32	static
MacLayer.cpp:82:35:LoraWanContainer<NBCHANNEL, R>::~LoraWanContainer() [with int NBCHANNEL = 16; R = SX126x]	8	static
MacLayer.cpp:109:40:void LoraWanContainer<NBCHANNEL, R>::EncryptTxFrame() [with int NBCHANNEL = 16; R = SX126x]	48	static
MacLayer.cpp:123:40:void LoraWanContainer<NBCHANNEL, R>::ConfigureRadioAndSend() [with int NBCHANNEL = 16; R = SX126x]	24	static
MacLayer.cpp:136:40:void LoraWanContainer<NBCHANNEL, R>::ConfigureRadioForRx1() [with int NBCHANNEL = 16; R = SX126x]	16	static
MacLayer.cpp:146:40:void LoraWanContainer<NBCHANNEL, R>::ConfigureRadioForRx2() [with int NBCHANNEL = 16; R = SX126x]	16	static
MacLayer.cpp:151:40:void LoraWanContainer<NBCHANNEL, R>::ConfigureRadioForRxClassC() [with int NBCHANNEL = 16; R = SX126x]	16	static
MacLayer.cpp:794:40:void LoraWanContainer<NBCHANNEL, R>::UpdateJoinProcedure() [with int NBCHANNEL = 16; R = SX126x]	40	static
MacLayer.cpp:1046:40:void LoraWanContainer<NBCHANNEL, R>::SetDevAddr(uint32_t) [with int NBCHANNEL = 16; R = SX126x]	0	static
MacLayer.h:200:11:uint8_t LoraWanContainer<NBCHANNEL, R>::GetSF() [with int NBCHANNEL = 16; R = SX126x]	0	static
MacLayer.h:204:14:eBandWidth LoraWanContainer<NBCHANNEL, R>::GetBW() [with int NBCHANNEL = 16; R = SX126x]	0	static
MacLayer.cpp:986:39:int LoraWanContainer<NBCHANNEL, R>::FindEnabledChannel(uint8_t) [with int NBCHANNEL = 16; R = SX126x]	16	static
MacLayer.cpp:942:40:void LoraWanContainer<NBCHANNEL, R>::PrintMacContext() [with int NBCHANNEL = 16; R = SX126x]	16	static
MacLayer.cpp:855:40:void LoraWanContainer<NBCHANNEL, R>::SetMacHeader() [with int NBCHANNEL = 16; R = SX126x]	0	static
MacLayer.cpp:832:40:void LoraWanContainer<NBCHANNEL, R>::BuildJoinLoraFrame() [with int NBCHANNEL = 16; R = SX126x]	24	static
MacLayer.cpp:858:40:void LoraWanContainer<NBCHANNEL, R>::SetFrameHeader() [with int NBCHANNEL = 16; R = SX126x]	16	static
MacLayer.cpp:94:40:void LoraWanContainer<NBCHANNEL, R>::BuildTxLoraFrame() [with int NBCHANNEL = 16; R = SX126x]	24	static
MacLayer.cpp:340:40:void LoraWanContainer<NBCHANNEL, R>::UpdateMacLayer() [with int NBCHANNEL = 16; R = SX126x]	32	static
MacLayer.cpp:884:39:int LoraWanContainer<NBCHANNEL, R>::ExtractRxMhdr() [with int NBCHANNEL = 16; R = SX126x]	16	static
MacLayer.cpp:873:39:int LoraWanContainer<NBCHANNEL, R>::CheckRxPayloadLength() [with int NBCHANNEL = 16; R = SX126x]	8	static
MacLayer.cpp:897:39:int LoraWanContainer<NBCHANNEL, R>::ExtractRxFhdr(uint16_t*, uint32_t) [with int NBCHANNEL = 16; R = SX126x]	32	static
MacLayer.cpp:922:39:int LoraWanContainer<NBCHANNEL, R>::AcceptFcntDwn(uint16_t, uint32_t*) [with int NBCHANNEL = 16; R = SX126x]	16	static
MacLayer.cpp:972:40:void LoraWanContainer<NBCHANNEL, R>::SetAlarm(uint32_t, eRxWinType) [with int NBCHANNEL = 16; R = SX126x]	16	static
MacLayer.cpp:482:40:void LoraWanContainer<NBCHANNEL, R>::LinkCheckParser() [with int NBCHANNEL = 16; R = SX126x]	16	static
MacLayer.cpp:506:40:void LoraWanContainer<NBCHANNEL, R>::LinkADRParser(uint8_t) [with int NBCHANNEL = 16; R = SX126x]	48	static
MacLayer.cpp:644:40:void LoraWanContainer<NBCHANNEL, R>::DutyCycleParser() [with int NBCHANNEL = 16; R = SX126x]	16	static
MacLayer.cpp:581:40:void LoraWanContainer<NBCHANNEL, R>::RXParamSetupParser() [with int NBCHANNEL = 16; R = SX126x]	40	static
MacLayer.cpp:657:40:void LoraWanContainer<NBCHANNEL, R>::DevStatusParser() [with int NBCHANNEL = 16; R = SX126x]	16	static
MacLayer.cpp:671:40:void LoraWanContainer<NBCHANNEL, R>::NewChannelParser() [with int NBCHANNEL = 16; R = SX126x]	56	static
MacLayer.cpp:739:40:void LoraWanContainer<NBCHANNEL, R>::RXTimingSetupParser() [with int NBCHANNEL = 16; R = SX126x]	16	static
MacLayer.cpp:755:40:void LoraWanContainer<NBCHANNEL, R>::DicChannelParser() [with int NBCHANNEL = 16; R = SX126x]	40	static
MacLayer.cpp:409:50:eStatusLoRaWan LoraWanContainer<NBCHANNEL, R>::ParseManagementPacket() [with int NBCHANNEL = 16; R = SX126x]	32	static
MacLayer.cpp:1000:40:void LoraWanContainer<NBCHANNEL, R>::ComputeRxWindowParameters(uint8_t, eBandWidth, uint32_t, uint32_t, uint8_t) [with int NBCHANNEL = 16; R = SX126x]	40	static
MacLayer.cpp:155:40:void LoraWanContainer<NBCHANNEL, R>::ConfigureTimerForRx(eRxWinType) [with int NBCHANNEL = 16; R = SX126x]	40	static
MacLayer.cpp:1017:50:eStatusLoRaWan LoraWanContainer<NBCHANNEL, R>::CheckValidMulticastPayload() [with int NBCHANNEL = 16; R = SX126x]	8	static
MacLayer.cpp:199:49:eRxPacketType LoraWanContainer<NBCHANNEL, R>::DecodeRxFrame() [with int NBCHANNEL = 16; R = SX126x]	56	static
MacLayer.cpp:36:35:LoraWanContainer<NBCHANNEL, R>::LoraWanContainer(sLoRaWanKeys, R*, uint32_t) [with int NBCHANNEL = 16; R = SX1272]	32	static
MacLayer.cpp:82:35:LoraWanContainer<NBCHANNEL, R>::~LoraWanContainer() [with int NBCHANNEL = 16; R = SX1272]	8	static
MacLayer.cpp:109:40:void LoraWanContainer<NBCHANNEL, R>::EncryptTxFrame() [with int NBCHANNEL = 16; R = SX1272]	48	static
MacLayer.cpp:123:40:void LoraWanContainer<NBCHANNEL, R>::ConfigureRadioAndSend() [with int NBCHANNEL = 16; R = SX1272]	24	static
MacLayer.cpp:136:40:void LoraWanContainer<NBCHANNEL, R>::ConfigureRadioForRx1() [with int NBCHANNEL = 16; R = SX1272]	16	static
MacLayer.cpp:146:40:void LoraWanContainer<NBCHANNEL, R>::ConfigureRadioForRx2() [with int NBCHANNEL = 16; R = SX1272]	16	static
MacLayer.cpp:151:40:void LoraWanContainer<NBCHANNEL, R>::ConfigureRadioForRxClassC() [with int NBCHANNEL = 16; R = SX1272]	16	static
MacLayer.cpp:794:40:void LoraWanContainer<NBCHANNEL, R>::UpdateJoinProcedure() [with int NBCHANNEL = 16; R = SX1272]	40	static
MacLayer.cpp:1046:40:void LoraWanContainer<NBCHANNEL, R>::SetDevAddr(uint32_t) [with int NBCHANNEL = 16; R = SX1272]	0	static
MacLayer.h:200:11:uint8_t LoraWanContainer<NBCHANNEL, R>::GetSF() [with int NBCHANNEL = 16; R = SX1272]	0	static
MacLayer.h:204:14:eBandWidth LoraWanContainer<NBCHANNEL, R>::GetBW() [with int NBCHANNEL = 16; R = SX1272]	0	static
MacLayer.cpp:986:39:int LoraWanContainer<NBCHANNEL, R>::FindEnabledChannel(uint8_t) [with int NBCHANNEL = 16; R = SX1272]	16	static
MacLayer.cpp:942:40:void LoraWanContainer<NBCHANNEL, R>::PrintMacContext() [with int NBCHANNEL = 16; R = SX1272]	16	static
MacLayer.cpp:855:40:void LoraWanContainer<NBCHANNEL, R>::SetMacHeader() [with int NBCHANNEL = 16; R = SX1272]	0	static
MacLayer.cpp:832:40:void LoraWanContainer<NBCHANNEL, R>::BuildJoinLoraFrame() [with int NBCHANNEL = 16; R = SX1272]	24	static
MacLayer.cpp:858:40:void LoraWanContainer<NBCHANNEL, R>::SetFrameHeader() [with int NBCHANNEL = 16; R = SX1272]	16	static
MacLayer.cpp:94:40:void LoraWanContainer<NBCHANNEL, R>::BuildTxLoraFrame() [with int NBCHANNEL = 16; R = SX1272]	24	static
MacLayer.cpp:340:40:void LoraWanContainer<NBCHANNEL, R>::UpdateMacLayer() [with int NBCHANNEL = 16; R = SX1272]	32	static
MacLayer.cpp:884:39:int LoraWanContainer<NBCHANNEL, R>::ExtractRxMhdr() [with int NBCHANNEL = 16; R = SX1272]	16	static
MacLayer.cpp:873:39:int LoraWanContainer<NBCHANNEL, R>::CheckRxPayloadLength() [with int NBCHANNEL = 16; R = SX1272]	8	static
MacLayer.cpp:897:39:int LoraWanContainer<NBCHANNEL, R>::ExtractRxFhdr(uint16_t*, uint32_t) [with int NBCHANNEL = 16; R = SX1272]	32	static
MacLayer.cpp:922:39:int LoraWanContainer<NBCHANNEL, R>::AcceptFcntDwn(uint16_t, uint32_t*) [with int NBCHANNEL = 16; R = SX1272]	16	static
MacLayer.cpp:972:40:void LoraWanContainer<NBCHANNEL, R>::SetAlarm(uint32_t, eRxWinType) [with int NBCHANNEL = 16; R = SX1272]	16	static
MacLayer.cpp:482:40:void LoraWanContainer<NBCHANNEL, R>::LinkCheckParser() [with int NBCHANNEL = 16; R = SX1272]	16	static
MacLayer.cpp:506:40:void LoraWanContainer<NBCHANNEL, R>::LinkADRParser(uint8_t) [with int NBCHANNEL = 16; R = SX1272]	48	static
MacLayer.cpp:644:40:void LoraWanContainer<NBCHANNEL, R>::DutyCycleParser() [with int NBCHANNEL = 16; R = SX1272]	16	static
MacLayer.cpp:581:40:void LoraWanContainer<NBCHANNEL, R>::RXParamSetupParser() [with int NBCHANNEL = 16; R = SX1272]	40	static
MacLayer.cpp:657:40:void LoraWanContainer<NBCHANNEL, R>::DevStatusParser() [with int NBCHANNEL = 16; R = SX1272]	16	static
MacLayer.cpp:671:40:void LoraWanContainer<NBCHANNEL, R>::NewChannelParser() [with int NBCHANNEL = 16; R = SX1272]	56	static
MacLayer.cpp:739:40:void LoraWanContainer<NBCHANNEL, R>::RXTimingSetupParser() [with int NBCHANNEL = 16; R = SX1272]	16	static
MacLayer.cpp:755:40:void LoraWanContainer<NBCHANNEL, R>::DicChannelParser() [with int NBCHANNEL = 16; R = SX1272]	40	static
MacLayer.cpp:409:50:eStatusLoRaWan LoraWanContainer<NBCHANNEL, R>::ParseManagementPacket() [with int NBCHANNEL = 16; R = SX1272]	32	static
MacLayer.cpp:1000:40:void LoraWanContainer<NBCHANNEL, R>::ComputeRxWindowParameters(uint8_t, eBandWidth, uint32_t, uint32_t, uint8_t) [with int NBCHANNEL = 16; R = SX1272]	40	static
MacLayer.cpp:155:40:void LoraWanContainer<NBCHANNEL, R>::ConfigureTimerForRx(eRxWinType) [with int NBCHANNEL = 16; R = SX1272]	40	static
MacLayer.cpp:1017:50:eStatusLoRaWan LoraWanContainer<NBCHANNEL, R>::CheckValidMulticastPayload() [with int NBCHANNEL = 16; R = SX1272]	8	static
MacLayer.cpp:199:49:eRxPacketType LoraWanContainer<NBCHANNEL, R>::DecodeRxFrame() [with int NBCHANNEL = 16; R = SX1272]	56	static
MacLayer.cpp:36:35:LoraWanContainer<NBCHANNEL, R>::LoraWanContainer(sLoRaWanKeys, R*, uint32_t) [with int NBCHANNEL = 72; R = SX1272]	32	static
MacLayer.cpp:82:35:LoraWanContainer<NBCHANNEL, R>::~LoraWanContainer() [with int NBCHANNEL = 72; R = SX1272]	8	static
MacLayer.cpp:109:40:void LoraWanContainer<NBCHANNEL, R>::EncryptTxFrame() [with int NBCHANNEL = 72; R = SX1272]	40	static
MacLayer.cpp:123:40:void LoraWanContainer<NBCHANNEL, R>::ConfigureRadioAndSend() [with int NBCHANNEL = 72; R = SX1272]	24	static
MacLayer.cpp:136:40:void LoraWanContainer<NBCHANNEL, R>::ConfigureRadioForRx1() [with int NBCHANNEL = 72; R = SX1272]	16	static
MacLayer.cpp:146:40:void LoraWanContainer<NBCHANNEL, R>::ConfigureRadioForRx2() [with int NBCHANNEL = 72; R = SX1272]	16	static
MacLayer.cpp:151:40:void LoraWanContainer<NBCHANNEL, R>::ConfigureRadioForRxClassC() [with int NBCHANNEL = 72; R = SX1272]	16	static
MacLayer.cpp:794:40:void LoraWanContainer<NBCHANNEL, R>::UpdateJoinProcedure() [with int NBCHANNEL = 72; R = SX1272]	40	static
MacLayer.cpp:1046:40:void LoraWanContainer<NBCHANNEL, R>::SetDevAddr(uint32_t) [with int NBCHANNEL = 72; R = SX1272]	0	static
MacLayer.h:200:11:uint8_t LoraWanContainer<NBCHANNEL, R>::GetSF() [with int NBCHANNEL = 72; R = SX1272]	0	static
MacLayer.h:204:14:eBandWidth LoraWanContainer<NBCHANNEL, R>::GetBW() [with int NBCHANNEL = 72; R = SX1272]	0	static
MacLayer.cpp:986:39:int LoraWanContainer<NBCHANNEL, R>::FindEnabledChannel(uint8_t) [with int NBCHANNEL = 72; R = SX1272]	16	static
MacLayer.cpp:942:40:void LoraWanContainer<NBCHANNEL, R>::PrintMacContext() [with int NBCHANNEL = 72; R = SX1272]	16	static
MacLayer.cpp:855:40:void LoraWanContainer<NBCHANNEL, R>::SetMacHeader() [with int NBCHANNEL = 72; R = SX1272]	0	static
MacLayer.cpp:832:40:void LoraWanContainer<NBCHANNEL, R>::BuildJoinLoraFrame() [with int NBCHANNEL = 72; R = SX1272]	24	static
MacLayer.cpp:858:40:void LoraWanContainer<NBCHANNEL, R>::SetFrameHeader() [with int NBCHANNEL = 72; R = SX1272]	12	static
MacLayer.cpp:94:40:void LoraWanContainer<NBCHANNEL, R>::BuildTxLoraFrame() [with int NBCHANNEL = 72; R = SX1272]	16	static
MacLayer.cpp:340:40:void LoraWanContainer<NBCHANNEL, R>::UpdateMacLayer() [with int NBCHANNEL = 72; R = SX1272]	32	static
MacLayer.cpp:884:39:int LoraWanContainer<NBCHANNEL, R>::ExtractRxMhdr() [with int NBCHANNEL = 72; R = SX1272]	16	static
MacLayer.cpp:873:39:int LoraWanContainer<NBCHANNEL, R>::CheckRxPayloadLength() [with int NBCHANNEL = 72; R = SX1272]	8	static
MacLayer.cpp:897:39:int LoraWanContainer<NBCHANNEL, R>::ExtractRxFhdr(uint16_t*, uint32_t) [with int NBCHANNEL = 72; R = SX1272]	32	static
MacLayer.cpp:922:39:int LoraWanContainer<NBCHANNEL, R>::AcceptFcntDwn(uint16_t, uint32_t*) [with int NBCHANNEL = 72; R = SX1272]	16	static
MacLayer.cpp:972:40:void LoraWanContainer<NBCHANNEL, R>::SetAlarm(uint32_t, eRxWinType) [with int NBCHANNEL = 72; R = SX1272]	16	static
MacLayer.cpp:482:40:void LoraWanContainer<NBCHANNEL, R>::LinkCheckParser() [with int NBCHANNEL = 72; R = SX1272]	16	static
MacLayer.cpp:506:40:void LoraWanContainer<NBCHANNEL, R>::LinkADRParser(uint8_t) [with int NBCHANNEL = 72; R = SX1272]	48	static
MacLayer.cpp:644:40:void LoraWanContainer<NBCHANNEL, R>::DutyCycleParser() [with int NBCHANNEL = 72; R = SX1272]	16	static
MacLayer.cpp:581:40:void LoraWanContainer<NBCHANNEL, R>::RXParamSetupParser() [with int NBCHANNEL = 72; R = SX1272]	40	static
MacLayer.cpp:657:40:void LoraWanContainer<NBCHANNEL, R>::DevStatusParser() [with int NBCHANNEL = 72; R = SX1272]	16	static
MacLayer.cpp:671:40:void LoraWanContainer<NBCHANNEL, R>::NewChannelParser() [with int NBCHANNEL = 72; R = SX1272]	56	static
MacLayer.cpp:739:40:void LoraWanContainer<NBCHANNEL, R>::RXTimingSetupParser() [with int NBCHANNEL = 72; R = SX1272]	24	static
MacLayer.cpp:755:40:void LoraWanContainer<NBCHANNEL, R>::DicChannelParser() [with int NBCHANNEL = 72; R = SX1272]	40	static
MacLayer.cpp:409:50:eStatusLoRaWan LoraWanContainer<NBCHANNEL, R>::ParseManagementPacket() [with int NBCHANNEL = 72; R = SX1272]	32	static
MacLayer.cpp:1000:40:void LoraWanContainer<NBCHANNEL, R>::ComputeRxWindowParameters(uint8_t, eBandWidth, uint32_t, uint32_t, uint8_t) [with int NBCHANNEL = 72; R = SX1272]	40	static
MacLayer.cpp:155:40:void LoraWanContainer<NBCHANNEL, R>::ConfigureTimerForRx(eRxWinType) [with int NBCHANNEL = 72; R = SX1272]	40	static
MacLayer.cpp:1017:50:eStatusLoRaWan LoraWanContainer<NBCHANNEL, R>::CheckValidMulticastPayload() [with int NBCHANNEL = 72; R = SX1272]	8	static
MacLayer.cpp:199:49:eRxPacketType LoraWanContainer<NBCHANNEL, R>::DecodeRxFrame() [with int NBCHANNEL = 72; R = SX1272]	56	static
MacLayer.cpp:36:35:LoraWanContainer<NBCHANNEL, R>::LoraWanContainer(sLoRaWanKeys, R*, uint32_t) [with int NBCHANNEL = 72; R = SX1276]	32	static
MacLayer.cpp:82:35:LoraWanContainer<NBCHANNEL, R>::~LoraWanContainer() [with int NBCHANNEL = 72; R = SX1276]	8	static
MacLayer.cpp:109:40:void LoraWanContainer<NBCHANNEL, R>::EncryptTxFrame() [with int NBCHANNEL = 72; R = SX1276]	40	static
MacLayer.cpp:123:40:void LoraWanContainer<NBCHANNEL, R>::ConfigureRadioAndSend() [with int NBCHANNEL = 72; R = SX1276]	24	static
MacLayer.cpp:136:40:void LoraWanContainer<NBCHANNEL, R>::ConfigureRadioForRx1() [with int NBCHANNEL = 72; R = SX1276]	16	static
MacLayer.cpp:146:40:void LoraWanContainer<NBCHANNEL, R>::ConfigureRadioForRx2() [with int NBCHANNEL = 72; R = SX1276]	16	static
MacLayer.cpp:151:40:void LoraWanContainer<NBCHANNEL, R>::ConfigureRadioForRxClassC() [with int NBCHANNEL = 72; R = SX1276]	16	static
MacLayer.cpp:794:40:void LoraWanContainer<NBCHANNEL, R>::UpdateJoinProcedure() [with int NBCHANNEL = 72; R = SX1276]	40	static
MacLayer.cpp:1046:40:void LoraWanContainer<NBCHANNEL, R>::SetDevAddr(uint32_t) [with int NBCHANNEL = 72; R = SX1276]	0	static
MacLayer.h:200:11:uint8_t LoraWanContainer<NBCHANNEL, R>::GetSF() [with int NBCHANNEL = 72; R = SX1276]	0	static
MacLayer.h:204:14:eBandWidth LoraWanContainer<NBCHANNEL, R>::GetBW() [with int NBCHANNEL = 72; R = SX1276]	0	static
MacLayer.cpp:986:39:int LoraWanContainer<NBCHANNEL, R>::FindEnabledChannel(uint8_t) [with int NBCHANNEL = 72; R = SX1276]	16	static
MacLayer.cpp:942:40:void LoraWanContainer<NBCHANNEL, R>::PrintMacContext() [with int NBCHANNEL = 72; R = SX1276]	16	static
MacLayer.cpp:855:40:void LoraWanContainer<NBCHANNEL, R>::SetMacHeader() [with int NBCHANNEL = 72; R = SX1276]	0	static
MacLayer.cpp:832:40:void LoraWanContainer<NBCHANNEL, R>::BuildJoinLoraFrame() [with int NBCHANNEL = 72; R = SX1276]	24	static
MacLayer.cpp:858:40:void LoraWanContainer<NBCHANNEL, R>::SetFrameHeader() [with int NBCHANNEL = 72; R = SX1276]	12	static
MacLayer.cpp:94:40:void LoraWanContainer<NBCHANNEL, R>::BuildTxLoraFrame() [with int NBCHANNEL = 72; R = SX1276]	16	static
MacLayer.cpp:340:40:void LoraWanContainer<NBCHANNEL, R>::UpdateMacLayer() [with int NBCHANNEL = 72; R = SX1276]	32	static
MacLayer.cpp:884:39:int LoraWanContainer<NBCHANNEL, R>::ExtractRxMhdr() [with int NBCHANNEL = 72; R = SX1276]	16	static
MacLayer.cpp:873:39:int LoraWanContainer<NBCHANNEL, R>::CheckRxPayloadLength() [with int NBCHANNEL = 72; R = SX1276]	8	static
MacLayer.cpp:897:39:int LoraWanContainer<NBCHANNEL, R>::ExtractRxFhdr(uint16_t*, uint32_t) [with int NBCHANNEL = 72; R = SX1276]	32	static
MacLayer.cpp:922:39:int LoraWanContainer<NBCHANNEL, R>::AcceptFcntDwn(uint16_t, uint32_t*) [with int NBCHANNEL = 72; R = SX1276]	16	static
MacLayer.cpp:972:40:void LoraWanContainer<NBCHANNEL, R>::SetAlarm(uint32_t, eRxWinType) [with int NBCHANNEL = 72; R = SX1276]	16	static
MacLayer.cpp:482:40:void LoraWanContainer<NBCHANNEL, R>::LinkCheckParser() [with int NBCHANNEL = 72; R = SX1276]	16	static
MacLayer.cpp:506:40:void LoraWanContainer<NBCHANNEL, R>::LinkADRParser(uint8_t) [with int NBCHANNEL = 72; R = SX1276]	48	static
MacLayer.cpp:644:40:void LoraWanContainer<NBCHANNEL, R>::DutyCycleParser() [with int NBCHANNEL = 72; R = SX1276]	16	static
MacLayer.cpp:581:40:void LoraWanContainer<NBCHANNEL, R>::RXParamSetupParser() [with int NBCHANNEL = 72; R = SX1276]	40	static
MacLayer.cpp:657:40:void LoraWanContainer<NBCHANNEL, R>::DevStatusParser() [with int NBCHANNEL = 72; R = SX1276]	16	static
MacLayer.cpp:671:40:void LoraWanContainer<NBCHANNEL, R>::NewChannelParser() [with int NBCHANNEL = 72; R = SX1276]	56	static
MacLayer.cpp:739:40:void LoraWanContainer<NBCHANNEL, R>::RXTimingSetupParser() [with int NBCHANNEL = 72; R = SX1276]	24	static
MacLayer.cpp:755:40:void LoraWanContainer<NBCHANNEL, R>::DicChannelParser() [with int NBCHANNEL = 72; R = SX1276]	40	static
MacLayer.cpp:409:50:eStatusLoRaWan LoraWanContainer<NBCHANNEL, R>::ParseManagementPacket() [with int NBCHANNEL = 72; R = SX1276]	32	static
MacLayer.cpp:1000:40:void LoraWanContainer<NBCHANNEL, R>::ComputeRxWindowParameters(uint8_t, eBandWidth, uint32_t, uint32_t, uint8_t) [with int NBCHANNEL = 72; R = SX1276]	40	static
MacLayer.cpp:155:40:void LoraWanContainer<NBCHANNEL, R>::ConfigureTimerForRx(eRxWinType) [with int NBCHANNEL = 72; R = SX1276]	40	static
MacLayer.cpp:1017:50:eStatusLoRaWan LoraWanContainer<NBCHANNEL, R>::CheckValidMulticastPayload() [with int NBCHANNEL = 72; R = SX1276]	8	static
MacLayer.cpp:199:49:eRxPacketType LoraWanContainer<NBCHANNEL, R>::DecodeRxFrame() [with int NBCHANNEL = 72; R = SX1276]	56	static
MacLayer.cpp:36:35:LoraWanContainer<NBCHANNEL, R>::LoraWanContainer(sLoRaWanKeys, R*, uint32_t) [with int NBCHANNEL = 72; R = SX126x]	32	static
MacLayer.cpp:82:35:LoraWanContainer<NBCHANNEL, R>::~LoraWanContainer() [with int NBCHANNEL = 72; R = SX126x]	8	static
MacLayer.cpp:109:40:void LoraWanContainer<NBCHANNEL, R>::EncryptTxFrame() [with int NBCHANNEL = 72; R = SX126x]	40	static
MacLayer.cpp:123:40:void LoraWanContainer<NBCHANNEL, R>::ConfigureRadioAndSend() [with int NBCHANNEL = 72; R = SX126x]	24	static
MacLayer.cpp:136:40:void LoraWanContainer<NBCHANNEL, R>::ConfigureRadioForRx1() [with int NBCHANNEL = 72; R = SX126x]	16	static
MacLayer.cpp:146:40:void LoraWanContainer<NBCHANNEL, R>::ConfigureRadioForRx2() [with int NBCHANNEL = 72; R = SX126x]	16	static
MacLayer.cpp:151:40:void LoraWanContainer<NBCHANNEL, R>::ConfigureRadioForRxClassC() [with int NBCHANNEL = 72; R = SX126x]	16	static
MacLayer.cpp:794:40:void LoraWanContainer<NBCHANNEL, R>::UpdateJoinProcedure() [with int NBCHANNEL = 72; R = SX126x]	40	static
MacLayer.cpp:1046:40:void LoraWanContainer<NBCHANNEL, R>::SetDevAddr(uint32_t) [with int NBCHANNEL = 72; R = SX126x]	0	static
MacLayer.h:200:11:uint8_t LoraWanContainer<NBCHANNEL, R>::GetSF() [with int NBCHANNEL = 72; R = SX126x]	0	static
MacLayer.h:204:14:eBandWidth LoraWanContainer<NBCHANNEL, R>::GetBW() [with int NBCHANNEL = 72; R = SX126x]	0	static
MacLayer.cpp:986:39:int LoraWanContainer<NBCHANNEL, R>::FindEnabledChannel(uint8_t) [with int NBCHANNEL = 72; R = SX126x]	16	static
MacLayer.cpp:942:40:void LoraWanContainer<NBCHANNEL, R>::PrintMacContext() [with int NBCHANNEL = 72; R = SX126x]	16	static
MacLayer.cpp:855:40:void LoraWanContainer<NBCHANNEL, R>::SetMacHeader() [with int NBCHANNEL = 72; R = SX126x]	0	static
MacLayer.cpp:832:40:void LoraWanContainer<NBCHANNEL, R>::BuildJoinLoraFrame() [with int NBCHANNEL = 72; R = SX126x]	24	static
MacLayer.cpp:858:40:void LoraWanContainer<NBCHANNEL, R>::SetFrameHeader() [with int NBCHANNEL = 72; R = SX126x]	12	static
MacLayer.cpp:94:40:void LoraWanContainer<NBCHANNEL, R>::BuildTxLoraFrame() [with int NBCHANNEL = 72; R = SX126x]	16	static
MacLayer.cpp:340:40:void LoraWanContainer<NBCHANNEL, R>::UpdateMacLayer() [with int NBCHANNEL = 72; R = SX126x]	32	static
MacLayer.cpp:884:39:int LoraWanContainer<NBCHANNEL, R>::ExtractRxMhdr() [with int NBCHANNEL = 72; R = SX126x]	16	static
MacLayer.cpp:873:39:int LoraWanContainer<NBCHANNEL, R>::CheckRxPayloadLength() [with int NBCHANNEL = 72; R = SX126x]	8	static
MacLayer.cpp:897:39:int LoraWanContainer<NBCHANNEL, R>::ExtractRxFhdr(uint16_t*, uint32_t) [with int NBCHANNEL = 72; R = SX126x]	32	static
MacLayer.cpp:922:39:int LoraWanContainer<NBCHANNEL, R>::AcceptFcntDwn(uint16_t, uint32_t*) [with int NBCHANNEL = 72; R = SX126x]	16	static
MacLayer.cpp:972:40:void LoraWanContainer<NBCHANNEL, R>::SetAlarm(uint32_t, eRxWinType) [with int NBCHANNEL = 72; R = SX126x]	16	static
MacLayer.cpp:482:40:void LoraWanContainer<NBCHANNEL, R>::LinkCheckParser() [with int NBCHANNEL = 72; R = SX126x]	16	static
MacLayer.cpp:506:40:void LoraWanContainer<NBCHANNEL, R>::LinkADRParser(uint8_t) [with int NBCHANNEL = 72; R = SX126x]	48	static
MacLayer.cpp:644:40:void LoraWanContainer<NBCHANNEL, R>::DutyCycleParser() [with int NBCHANNEL = 72; R = SX126x]	16	static
MacLayer.cpp:581:40:void LoraWanContainer<NBCHANNEL, R>::RXParamSetupParser() [with int NBCHANNEL = 72; R = SX126x]	40	static
MacLayer.cpp:657:40:void LoraWanContainer<NBCHANNEL, R>::DevStatusParser() [with int NBCHANNEL = 72; R = SX126x]	16	static
MacLayer.cpp:671:40:void LoraWanContainer<NBCHANNEL, R>::NewChannelParser() [with int NBCHANNEL = 72; R = SX126x]	56	static
MacLayer.cpp:739:40:void LoraWanContainer<NBCHANNEL, R>::RXTimingSetupParser() [with int NBCHANNEL = 72; R = SX126x]	24	static
MacLayer.cpp:755:40:void LoraWanContainer<NBCHANNEL, R>::DicChannelParser() [with int NBCHANNEL = 72; R = SX126x]	40	static
MacLayer.cpp:409:50:eStatusLoRaWan LoraWanContainer<NBCHANNEL, R>::ParseManagementPacket() [with int NBCHANNEL = 72; R = SX126x]	32	static
MacLayer.cpp:1000:40:void LoraWanContainer<NBCHANNEL, R>::ComputeRxWindowParameters(uint8_t, eBandWidth, uint32_t, uint32_t, uint8_t) [with int NBCHANNEL = 72; R = SX126x]	40	static
MacLayer.cpp:155:40:void LoraWanContainer<NBCHANNEL, R>::ConfigureTimerForRx(eRxWinType) [with int NBCHANNEL = 72; R = SX126x]	40	static
MacLayer.cpp:1017:50:eStatusLoRaWan LoraWanContainer<NBCHANNEL, R>::CheckValidMulticastPayload() [with int NBCHANNEL = 72; R = SX126x]	8	static
MacLayer.cpp:199:49:eRxPacketType LoraWanContainer<NBCHANNEL, R>::DecodeRxFrame() [with int NBCHANNEL = 72; R = SX126x]	56	static
