PhyLayer.h:35:15:static void RadioContainer<R>::CallbackIsrRadio(void*) [with R = SX1276]	8	static
PhyLayer.h:35:15:static void RadioContainer<R>::CallbackIsrRadio(void*) [with R = SX1272]	8	static
PhyLayer.h:35:15:static void RadioContainer<R>::CallbackIsrRadio(void*) [with R = SX126x]	8	static
PhyLayer.cpp:32:20:RadioContainer<R>::RadioContainer(R*) [with R = SX1276]	8	static
PhyLayer.cpp:41:20:RadioContainer<R>::~RadioContainer() [with R = SX1276]	0	static
PhyLayer.cpp:66:25:void RadioContainer<R>::Send(eModulationType, uint32_t, uint8_t, uint8_t, eBandWidth, uint16_t) [with R = SX1276]	48	static
PhyLayer.cpp:51:25:void RadioContainer<R>::AttachIsr() [with R = SX1276]	8	static
PhyLayer.cpp:56:25:void RadioContainer<R>::DetachIsr() [with R = SX1276]	8	static
PhyLayer.cpp:104:23:int RadioContainer<R>::GetRadioState() [with R = SX1276]	8	static
PhyLayer.cpp:87:25:void RadioContainer<R>::SetRxConfig(eModulationType, uint32_t, uint8_t, eBandWidth, uint32_t) [with R = SX1276]	40	static
PhyLayer.cpp:110:29:uint32_t RadioContainer<R>::GetTxFrequency() [with R = SX1276]	8	static
PhyLayer.cpp:122:34:eValidDevAddr RadioContainer<R>::CheckDevAddr(uint32_t) [with R = SX1276]	0	static
PhyLayer.cpp:137:24:int RadioContainer<R>::DumpRxPayloadAndMetadata() [with R = SX1276]	40	static
PhyLayer.cpp:32:20:RadioContainer<R>::RadioContainer(R*) [with R = SX1272]	8	static
PhyLayer.cpp:41:20:RadioContainer<R>::~RadioContainer() [with R = SX1272]	0	static
PhyLayer.cpp:66:25:void RadioContainer<R>::Send(eModulationType, uint32_t, uint8_t, uint8_t, eBandWidth, uint16_t) [with R = SX1272]	40	static
PhyLayer.cpp:51:25:void RadioContainer<R>::AttachIsr() [with R = SX1272]	8	static
PhyLayer.cpp:56:25:void RadioContainer<R>::DetachIsr() [with R = SX1272]	8	static
PhyLayer.cpp:104:23:int RadioContainer<R>::GetRadioState() [with R = SX1272]	8	static
PhyLayer.cpp:87:25:void RadioContainer<R>::SetRxConfig(eModulationType, uint32_t, uint8_t, eBandWidth, uint32_t) [with R = SX1272]	32	static
PhyLayer.cpp:110:29:uint32_t RadioContainer<R>::GetTxFrequency() [with R = SX1272]	8	static
PhyLayer.cpp:122:34:eValidDevAddr RadioContainer<R>::CheckDevAddr(uint32_t) [with R = SX1272]	0	static
PhyLayer.cpp:137:24:int RadioContainer<R>::DumpRxPayloadAndMetadata() [with R = SX1272]	40	static
PhyLayer.cpp:32:20:RadioContainer<R>::RadioContainer(R*) [with R = SX126x]	8	static
PhyLayer.cpp:41:20:RadioContainer<R>::~RadioContainer() [with R = SX126x]	0	static
PhyLayer.cpp:66:25:void RadioContainer<R>::Send(eModulationType, uint32_t, uint8_t, uint8_t, eBandWidth, uint16_t) [with R = SX126x]	48	static
PhyLayer.cpp:51:25:void RadioContainer<R>::AttachIsr() [with R = SX126x]	8	static
PhyLayer.cpp:56:25:void RadioContainer<R>::DetachIsr() [with R = SX126x]	8	static
PhyLayer.cpp:104:23:int RadioContainer<R>::GetRadioState() [with R = SX126x]	8	static
PhyLayer.cpp:87:25:void RadioContainer<R>::SetRxConfig(eModulationType, uint32_t, uint8_t, eBandWidth, uint32_t) [with R = SX126x]	32	static
PhyLayer.cpp:110:29:uint32_t RadioContainer<R>::GetTxFrequency() [with R = SX126x]	8	static
PhyLayer.cpp:122:34:eValidDevAddr RadioContainer<R>::CheckDevAddr(uint32_t) [with R = SX126x]	0	static
PhyLayer.cpp:137:24:int RadioContainer<R>::DumpRxPayloadAndMetadata() [with R = SX126x]	40	static
