RegionUS.h:58:16:void LoraRegionsUS<R>::RegionSaveInFlash() [with R = SX1276]	0	static
RegionUS.cpp:85:26:void LoraRegionsUS<R>::RegionGetCFList() [with R = SX1276]	0	static
RegionUS.cpp:102:26:void LoraRegionsUS<R>::RegionSetMask() [with R = SX1276]	0	static
RegionUS.cpp:99:26:void LoraRegionsUS<R>::RegionInitChannelMask() [with R = SX1276]	0	static
RegionUS.cpp:207:26:void LoraRegionsUS<R>::RegionDecreaseDataRate() [with R = SX1276]	0	static
RegionUS.cpp:94:36:eStatusChannel LoraRegionsUS<R>::RegionBuildChannelMask(uint8_t, uint16_t) [with R = SX1276]	0	static
RegionUS.cpp:136:36:eStatusLoRaWan LoraRegionsUS<R>::RegionIsValidRx1DrOffset(uint8_t) [with R = SX1276]	0	static
RegionUS.cpp:141:36:eStatusLoRaWan LoraRegionsUS<R>::RegionIsValidDataRate(uint8_t) [with R = SX1276]	0	static
RegionUS.cpp:146:36:eStatusLoRaWan LoraRegionsUS<R>::RegionIsAcceptableDataRate(uint8_t) [with R = SX1276]	0	static
RegionUS.cpp:151:36:eStatusLoRaWan LoraRegionsUS<R>::RegionIsValidMacFrequency(uint32_t) [with R = SX1276]	0	static
RegionUS.h:73:26:eStatusLoRaWan LoraRegionsUS<R>::RegionIsValidMacRxFrequency(uint32_t) [with R = SX1276]	0	static
RegionUS.cpp:156:36:eStatusLoRaWan LoraRegionsUS<R>::RegionIsValidTxPower(uint8_t) [with R = SX1276]	0	static
RegionUS.cpp:161:36:eStatusLoRaWan LoraRegionsUS<R>::RegionIsValidChannelIndex(uint8_t) [with R = SX1276]	0	static
RegionUS.cpp:235:30:uint8_t LoraRegionsUS<R>::RegionGetAdrAckLimit() [with R = SX1276]	0	static
RegionUS.cpp:238:30:uint8_t LoraRegionsUS<R>::RegionGetAdrAckDelay() [with R = SX1276]	0	static
RegionUS.h:58:16:void LoraRegionsUS<R>::RegionSaveInFlash() [with R = SX126x]	0	static
RegionUS.cpp:85:26:void LoraRegionsUS<R>::RegionGetCFList() [with R = SX126x]	0	static
RegionUS.cpp:102:26:void LoraRegionsUS<R>::RegionSetMask() [with R = SX126x]	0	static
RegionUS.cpp:99:26:void LoraRegionsUS<R>::RegionInitChannelMask() [with R = SX126x]	0	static
RegionUS.cpp:207:26:void LoraRegionsUS<R>::RegionDecreaseDataRate() [with R = SX126x]	0	static
RegionUS.cpp:94:36:eStatusChannel LoraRegionsUS<R>::RegionBuildChannelMask(uint8_t, uint16_t) [with R = SX126x]	0	static
RegionUS.cpp:136:36:eStatusLoRaWan LoraRegionsUS<R>::RegionIsValidRx1DrOffset(uint8_t) [with R = SX126x]	0	static
RegionUS.cpp:141:36:eStatusLoRaWan LoraRegionsUS<R>::RegionIsValidDataRate(uint8_t) [with R = SX126x]	0	static
RegionUS.cpp:146:36:eStatusLoRaWan LoraRegionsUS<R>::RegionIsAcceptableDataRate(uint8_t) [with R = SX126x]	0	static
RegionUS.cpp:151:36:eStatusLoRaWan LoraRegionsUS<R>::RegionIsValidMacFrequency(uint32_t) [with R = SX126x]	0	static
RegionUS.h:73:26:eStatusLoRaWan LoraRegionsUS<R>::RegionIsValidMacRxFrequency(uint32_t) [with R = SX126x]	0	static
RegionUS.cpp:156:36:eStatusLoRaWan LoraRegionsUS<R>::RegionIsValidTxPower(uint8_t) [with R = SX126x]	0	static
RegionUS.cpp:161:36:eStatusLoRaWan LoraRegionsUS<R>::RegionIsValidChannelIndex(uint8_t) [with R = SX126x]	0	static
RegionUS.cpp:235:30:uint8_t LoraRegionsUS<R>::RegionGetAdrAckLimit() [with R = SX126x]	0	static
RegionUS.cpp:238:30:uint8_t LoraRegionsUS<R>::RegionGetAdrAckDelay() [with R = SX126x]	0	static
RegionUS.h:58:16:void LoraRegionsUS<R>::RegionSaveInFlash() [with R = SX1272]	0	static
RegionUS.cpp:85:26:void LoraRegionsUS<R>::RegionGetCFList() [with R = SX1272]	0	static
RegionUS.cpp:102:26:void LoraRegionsUS<R>::RegionSetMask() [with R = SX1272]	0	static
RegionUS.cpp:99:26:void LoraRegionsUS<R>::RegionInitChannelMask() [with R = SX1272]	0	static
RegionUS.cpp:207:26:void LoraRegionsUS<R>::RegionDecreaseDataRate() [with R = SX1272]	0	static
RegionUS.cpp:94:36:eStatusChannel LoraRegionsUS<R>::RegionBuildChannelMask(uint8_t, uint16_t) [with R = SX1272]	0	static
RegionUS.cpp:136:36:eStatusLoRaWan LoraRegionsUS<R>::RegionIsValidRx1DrOffset(uint8_t) [with R = SX1272]	0	static
RegionUS.cpp:141:36:eStatusLoRaWan LoraRegionsUS<R>::RegionIsValidDataRate(uint8_t) [with R = SX1272]	0	static
RegionUS.cpp:146:36:eStatusLoRaWan LoraRegionsUS<R>::RegionIsAcceptableDataRate(uint8_t) [with R = SX1272]	0	static
RegionUS.cpp:151:36:eStatusLoRaWan LoraRegionsUS<R>::RegionIsValidMacFrequency(uint32_t) [with R = SX1272]	0	static
RegionUS.h:73:26:eStatusLoRaWan LoraRegionsUS<R>::RegionIsValidMacRxFrequency(uint32_t) [with R = SX1272]	0	static
RegionUS.cpp:156:36:eStatusLoRaWan LoraRegionsUS<R>::RegionIsValidTxPower(uint8_t) [with R = SX1272]	0	static
RegionUS.cpp:161:36:eStatusLoRaWan LoraRegionsUS<R>::RegionIsValidChannelIndex(uint8_t) [with R = SX1272]	0	static
RegionUS.cpp:235:30:uint8_t LoraRegionsUS<R>::RegionGetAdrAckLimit() [with R = SX1272]	0	static
RegionUS.cpp:238:30:uint8_t LoraRegionsUS<R>::RegionGetAdrAckDelay() [with R = SX1272]	0	static
RegionUS.cpp:216:27:void LoraRegionsUS<R>::RegionGiveNextChannel() [with R = SX1276]	16	static
RegionUS.cpp:71:26:void LoraRegionsUS<R>::RegionSetPower(uint8_t) [with R = SX1276]	32	static
RegionUS.cpp:71:26:void LoraRegionsUS<R>::RegionSetPower(uint8_t) [with R = SX126x]	32	static
RegionUS.cpp:71:26:void LoraRegionsUS<R>::RegionSetPower(uint8_t) [with R = SX1272]	32	static
RegionUS.cpp:119:26:void LoraRegionsUS<R>::RegionSetRxConfig(eRxWinType) [with R = SX1276]	8	static
RegionUS.cpp:119:26:void LoraRegionsUS<R>::RegionSetRxConfig(eRxWinType) [with R = SX126x]	8	static
RegionUS.cpp:119:26:void LoraRegionsUS<R>::RegionSetRxConfig(eRxWinType) [with R = SX1272]	8	static
RegionUS.cpp:216:27:void LoraRegionsUS<R>::RegionGiveNextChannel() [with R = SX126x]	16	static
RegionUS.cpp:216:27:void LoraRegionsUS<R>::RegionGiveNextChannel() [with R = SX1272]	16	static
RegionUS.cpp:27:22:LoraRegionsUS<R>::LoraRegionsUS(sLoRaWanKeys, R*, uint32_t) [with R = SX1276]	48	static
RegionUS.h:38:3:LoraRegionsUS<R>::~LoraRegionsUS() [with R = SX1276]	8	static
RegionUS.cpp:109:36:eStatusLoRaWan LoraRegionsUS<R>::RegionMaxPayloadSize(uint8_t) [with R = SX1276]	0	static
RegionUS.cpp:173:26:void LoraRegionsUS<R>::RegionSetDataRateDistribution(uint8_t) [with R = SX1276]	0	static
RegionUS.h:55:8:void LoraRegionsUS<R>::RegionLoadFromFlash() [with R = SX1276]	0	static
RegionUS.h:56:8:void LoraRegionsUS<R>::RegionSetBadCrcInFlash() [with R = SX1276]	0	static
RegionUS.cpp:245:26:void LoraRegionsUS<R>::TxDataRateToSfBw(uint8_t) [with R = SX1276]	16	static
RegionUS.cpp:177:26:void LoraRegionsUS<R>::RegionGiveNextDataRate() [with R = SX1276]	8	static
RegionUS.cpp:263:26:void LoraRegionsUS<R>::Rx2DataRateToSfBw(uint8_t) [with R = SX1276]	0	static
RegionUS.cpp:27:22:LoraRegionsUS<R>::LoraRegionsUS(sLoRaWanKeys, R*, uint32_t) [with R = SX126x]	48	static
RegionUS.h:38:3:LoraRegionsUS<R>::~LoraRegionsUS() [with R = SX126x]	8	static
RegionUS.cpp:109:36:eStatusLoRaWan LoraRegionsUS<R>::RegionMaxPayloadSize(uint8_t) [with R = SX126x]	0	static
RegionUS.cpp:173:26:void LoraRegionsUS<R>::RegionSetDataRateDistribution(uint8_t) [with R = SX126x]	0	static
RegionUS.h:55:8:void LoraRegionsUS<R>::RegionLoadFromFlash() [with R = SX126x]	0	static
RegionUS.h:56:8:void LoraRegionsUS<R>::RegionSetBadCrcInFlash() [with R = SX126x]	0	static
RegionUS.cpp:245:26:void LoraRegionsUS<R>::TxDataRateToSfBw(uint8_t) [with R = SX126x]	16	static
RegionUS.cpp:177:26:void LoraRegionsUS<R>::RegionGiveNextDataRate() [with R = SX126x]	8	static
RegionUS.cpp:263:26:void LoraRegionsUS<R>::Rx2DataRateToSfBw(uint8_t) [with R = SX126x]	0	static
RegionUS.cpp:27:22:LoraRegionsUS<R>::LoraRegionsUS(sLoRaWanKeys, R*, uint32_t) [with R = SX1272]	48	static
RegionUS.h:38:3:LoraRegionsUS<R>::~LoraRegionsUS() [with R = SX1272]	8	static
RegionUS.cpp:109:36:eStatusLoRaWan LoraRegionsUS<R>::RegionMaxPayloadSize(uint8_t) [with R = SX1272]	0	static
RegionUS.cpp:173:26:void LoraRegionsUS<R>::RegionSetDataRateDistribution(uint8_t) [with R = SX1272]	0	static
RegionUS.h:55:8:void LoraRegionsUS<R>::RegionLoadFromFlash() [with R = SX1272]	0	static
RegionUS.h:56:8:void LoraRegionsUS<R>::RegionSetBadCrcInFlash() [with R = SX1272]	0	static
RegionUS.cpp:245:26:void LoraRegionsUS<R>::TxDataRateToSfBw(uint8_t) [with R = SX1272]	16	static
RegionUS.cpp:177:26:void LoraRegionsUS<R>::RegionGiveNextDataRate() [with R = SX1272]	8	static
RegionUS.cpp:263:26:void LoraRegionsUS<R>::Rx2DataRateToSfBw(uint8_t) [with R = SX1272]	0	static
