core_cm0plus.h:983:34:void __NVIC_SystemReset()	0	static,ignoring_inline_asm
Regions.cpp:143:26:void LoraRegionsEU<R>::RegionInitChannelMask() [with R = SX1276]	0	static
Regions.cpp:196:36:eStatusLoRaWan LoraRegionsEU<R>::RegionIsValidDataRate(uint8_t) [with R = SX1276]	0	static
Regions.cpp:243:36:eStatusLoRaWan LoraRegionsEU<R>::RegionIsValidChannelIndex(uint8_t) [with R = SX1276]	0	static
Regions.cpp:400:30:uint8_t LoraRegionsEU<R>::RegionGetAdrAckLimit() [with R = SX1276]	0	static
Regions.cpp:403:30:uint8_t LoraRegionsEU<R>::RegionGetAdrAckDelay() [with R = SX1276]	0	static
Regions.cpp:143:26:void LoraRegionsEU<R>::RegionInitChannelMask() [with R = SX1272]	0	static
Regions.cpp:196:36:eStatusLoRaWan LoraRegionsEU<R>::RegionIsValidDataRate(uint8_t) [with R = SX1272]	0	static
Regions.cpp:243:36:eStatusLoRaWan LoraRegionsEU<R>::RegionIsValidChannelIndex(uint8_t) [with R = SX1272]	0	static
Regions.cpp:400:30:uint8_t LoraRegionsEU<R>::RegionGetAdrAckLimit() [with R = SX1272]	0	static
Regions.cpp:403:30:uint8_t LoraRegionsEU<R>::RegionGetAdrAckDelay() [with R = SX1272]	0	static
Regions.cpp:143:26:void LoraRegionsEU<R>::RegionInitChannelMask() [with R = SX126x]	0	static
Regions.cpp:196:36:eStatusLoRaWan LoraRegionsEU<R>::RegionIsValidDataRate(uint8_t) [with R = SX126x]	0	static
Regions.cpp:243:36:eStatusLoRaWan LoraRegionsEU<R>::RegionIsValidChannelIndex(uint8_t) [with R = SX126x]	0	static
Regions.cpp:400:30:uint8_t LoraRegionsEU<R>::RegionGetAdrAckLimit() [with R = SX126x]	0	static
Regions.cpp:403:30:uint8_t LoraRegionsEU<R>::RegionGetAdrAckDelay() [with R = SX126x]	0	static
Regions.cpp:354:26:void LoraRegionsEU<R>::RegionDecreaseDataRate() [with R = SX1276]	16	static
Regions.cpp:202:36:eStatusLoRaWan LoraRegionsEU<R>::RegionIsAcceptableDataRate(uint8_t) [with R = SX1276]	16	static
Regions.cpp:354:26:void LoraRegionsEU<R>::RegionDecreaseDataRate() [with R = SX1272]	16	static
Regions.cpp:202:36:eStatusLoRaWan LoraRegionsEU<R>::RegionIsAcceptableDataRate(uint8_t) [with R = SX1272]	16	static
Regions.cpp:354:26:void LoraRegionsEU<R>::RegionDecreaseDataRate() [with R = SX126x]	16	static
Regions.cpp:202:36:eStatusLoRaWan LoraRegionsEU<R>::RegionIsAcceptableDataRate(uint8_t) [with R = SX126x]	16	static
Regions.cpp:480:26:void LoraRegionsEU<R>::RegionSaveInFlash() [with R = SX1276]	32	static
Regions.cpp:480:26:void LoraRegionsEU<R>::RegionSaveInFlash() [with R = SX1272]	32	static
Regions.cpp:480:26:void LoraRegionsEU<R>::RegionSaveInFlash() [with R = SX126x]	32	static
Regions.cpp:113:36:eStatusChannel LoraRegionsEU<R>::RegionBuildChannelMask(uint8_t, uint16_t) [with R = SX1276]	24	static
Regions.cpp:214:36:eStatusLoRaWan LoraRegionsEU<R>::RegionIsValidMacFrequency(uint32_t) [with R = SX1276]	8	static
Regions.cpp:226:36:eStatusLoRaWan LoraRegionsEU<R>::RegionIsValidMacRxFrequency(uint32_t) [with R = SX1276]	8	static
Regions.cpp:235:36:eStatusLoRaWan LoraRegionsEU<R>::RegionIsValidTxPower(uint8_t) [with R = SX1276]	8	static
Regions.cpp:113:36:eStatusChannel LoraRegionsEU<R>::RegionBuildChannelMask(uint8_t, uint16_t) [with R = SX1272]	24	static
Regions.cpp:214:36:eStatusLoRaWan LoraRegionsEU<R>::RegionIsValidMacFrequency(uint32_t) [with R = SX1272]	8	static
Regions.cpp:226:36:eStatusLoRaWan LoraRegionsEU<R>::RegionIsValidMacRxFrequency(uint32_t) [with R = SX1272]	8	static
Regions.cpp:235:36:eStatusLoRaWan LoraRegionsEU<R>::RegionIsValidTxPower(uint8_t) [with R = SX1272]	8	static
Regions.cpp:113:36:eStatusChannel LoraRegionsEU<R>::RegionBuildChannelMask(uint8_t, uint16_t) [with R = SX126x]	24	static
Regions.cpp:214:36:eStatusLoRaWan LoraRegionsEU<R>::RegionIsValidMacFrequency(uint32_t) [with R = SX126x]	8	static
Regions.cpp:226:36:eStatusLoRaWan LoraRegionsEU<R>::RegionIsValidMacRxFrequency(uint32_t) [with R = SX126x]	8	static
Regions.cpp:235:36:eStatusLoRaWan LoraRegionsEU<R>::RegionIsValidTxPower(uint8_t) [with R = SX126x]	8	static
Regions.cpp:87:26:void LoraRegionsEU<R>::RegionGetCFList() [with R = SX1276]	32	static
Regions.cpp:72:26:void LoraRegionsEU<R>::RegionSetPower(uint8_t) [with R = SX1276]	24	static
Regions.cpp:146:26:void LoraRegionsEU<R>::RegionSetMask() [with R = SX1276]	24	static
Regions.cpp:187:36:eStatusLoRaWan LoraRegionsEU<R>::RegionIsValidRx1DrOffset(uint8_t) [with R = SX1276]	8	static
Regions.cpp:87:26:void LoraRegionsEU<R>::RegionGetCFList() [with R = SX1272]	32	static
Regions.cpp:72:26:void LoraRegionsEU<R>::RegionSetPower(uint8_t) [with R = SX1272]	24	static
Regions.cpp:146:26:void LoraRegionsEU<R>::RegionSetMask() [with R = SX1272]	24	static
Regions.cpp:187:36:eStatusLoRaWan LoraRegionsEU<R>::RegionIsValidRx1DrOffset(uint8_t) [with R = SX1272]	8	static
Regions.cpp:87:26:void LoraRegionsEU<R>::RegionGetCFList() [with R = SX126x]	32	static
Regions.cpp:72:26:void LoraRegionsEU<R>::RegionSetPower(uint8_t) [with R = SX126x]	24	static
Regions.cpp:146:26:void LoraRegionsEU<R>::RegionSetMask() [with R = SX126x]	24	static
Regions.cpp:187:36:eStatusLoRaWan LoraRegionsEU<R>::RegionIsValidRx1DrOffset(uint8_t) [with R = SX126x]	8	static
Regions.cpp:381:27:void LoraRegionsEU<R>::RegionGiveNextChannel() [with R = SX1276]	16	static
Regions.cpp:381:27:void LoraRegionsEU<R>::RegionGiveNextChannel() [with R = SX1272]	16	static
Regions.cpp:381:27:void LoraRegionsEU<R>::RegionGiveNextChannel() [with R = SX126x]	16	static
Regions.cpp:27:22:LoraRegionsEU<R>::LoraRegionsEU(sLoRaWanKeys, R*, uint32_t) [with R = SX1276]	48	static
Regions.h:34:3:LoraRegionsEU<R>::~LoraRegionsEU() [with R = SX1276]	8	static
Regions.cpp:159:36:eStatusLoRaWan LoraRegionsEU<R>::RegionMaxPayloadSize(uint8_t) [with R = SX1276]	8	static
Regions.cpp:258:26:void LoraRegionsEU<R>::RegionSetDataRateDistribution(uint8_t) [with R = SX1276]	16	static
Regions.cpp:408:26:void LoraRegionsEU<R>::RegionLoadFromFlash() [with R = SX1276]	40	static
Regions.cpp:517:26:void LoraRegionsEU<R>::RegionSetBadCrcInFlash() [with R = SX1276]	32	static
Regions.cpp:552:26:void LoraRegionsEU<R>::TxDataRateToSfBw(uint8_t) [with R = SX1276]	16	static
Regions.cpp:324:26:void LoraRegionsEU<R>::RegionGiveNextDataRate() [with R = SX1276]	16	static
Regions.cpp:570:26:void LoraRegionsEU<R>::Rx2DataRateToSfBw(uint8_t) [with R = SX1276]	16	static
Regions.cpp:171:26:void LoraRegionsEU<R>::RegionSetRxConfig(eRxWinType) [with R = SX1276]	16	static
Regions.cpp:27:22:LoraRegionsEU<R>::LoraRegionsEU(sLoRaWanKeys, R*, uint32_t) [with R = SX1272]	48	static
Regions.h:34:3:LoraRegionsEU<R>::~LoraRegionsEU() [with R = SX1272]	8	static
Regions.cpp:159:36:eStatusLoRaWan LoraRegionsEU<R>::RegionMaxPayloadSize(uint8_t) [with R = SX1272]	8	static
Regions.cpp:258:26:void LoraRegionsEU<R>::RegionSetDataRateDistribution(uint8_t) [with R = SX1272]	16	static
Regions.cpp:408:26:void LoraRegionsEU<R>::RegionLoadFromFlash() [with R = SX1272]	40	static
Regions.cpp:517:26:void LoraRegionsEU<R>::RegionSetBadCrcInFlash() [with R = SX1272]	32	static
Regions.cpp:552:26:void LoraRegionsEU<R>::TxDataRateToSfBw(uint8_t) [with R = SX1272]	16	static
Regions.cpp:324:26:void LoraRegionsEU<R>::RegionGiveNextDataRate() [with R = SX1272]	16	static
Regions.cpp:570:26:void LoraRegionsEU<R>::Rx2DataRateToSfBw(uint8_t) [with R = SX1272]	16	static
Regions.cpp:171:26:void LoraRegionsEU<R>::RegionSetRxConfig(eRxWinType) [with R = SX1272]	16	static
Regions.cpp:27:22:LoraRegionsEU<R>::LoraRegionsEU(sLoRaWanKeys, R*, uint32_t) [with R = SX126x]	48	static
Regions.h:34:3:LoraRegionsEU<R>::~LoraRegionsEU() [with R = SX126x]	8	static
Regions.cpp:159:36:eStatusLoRaWan LoraRegionsEU<R>::RegionMaxPayloadSize(uint8_t) [with R = SX126x]	8	static
Regions.cpp:258:26:void LoraRegionsEU<R>::RegionSetDataRateDistribution(uint8_t) [with R = SX126x]	16	static
Regions.cpp:408:26:void LoraRegionsEU<R>::RegionLoadFromFlash() [with R = SX126x]	40	static
Regions.cpp:517:26:void LoraRegionsEU<R>::RegionSetBadCrcInFlash() [with R = SX126x]	32	static
Regions.cpp:552:26:void LoraRegionsEU<R>::TxDataRateToSfBw(uint8_t) [with R = SX126x]	16	static
Regions.cpp:324:26:void LoraRegionsEU<R>::RegionGiveNextDataRate() [with R = SX126x]	16	static
Regions.cpp:570:26:void LoraRegionsEU<R>::Rx2DataRateToSfBw(uint8_t) [with R = SX126x]	16	static
Regions.cpp:171:26:void LoraRegionsEU<R>::RegionSetRxConfig(eRxWinType) [with R = SX126x]	16	static
