TimerIsrRoutine.cpp:30:40:void LoraWanContainer<NBCHANNEL, R>::IsrTimerRx1() [with int NBCHANNEL = 16; R = SX1276]	16	static
TimerIsrRoutine.cpp:37:40:void LoraWanContainer<NBCHANNEL, R>::IsrTimerRx2() [with int NBCHANNEL = 16; R = SX1276]	8	static
MacLayer.h:150:16:static void LoraWanContainer<NBCHANNEL, R>::CallbackIsrTimerRx1(void*) [with int NBCHANNEL = 16; R = SX1276]	8	static
MacLayer.h:153:16:static void LoraWanContainer<NBCHANNEL, R>::CallbackIsrTimerRx2(void*) [with int NBCHANNEL = 16; R = SX1276]	8	static
MacLayer.h:200:11:uint8_t LoraWanContainer<NBCHANNEL, R>::GetSF() [with int NBCHANNEL = 16; R = SX1276]	0	static
MacLayer.h:204:14:eBandWidth LoraWanContainer<NBCHANNEL, R>::GetBW() [with int NBCHANNEL = 16; R = SX1276]	0	static
TimerIsrRoutine.cpp:30:40:void LoraWanContainer<NBCHANNEL, R>::IsrTimerRx1() [with int NBCHANNEL = 16; R = SX126x]	16	static
TimerIsrRoutine.cpp:37:40:void LoraWanContainer<NBCHANNEL, R>::IsrTimerRx2() [with int NBCHANNEL = 16; R = SX126x]	8	static
MacLayer.h:150:16:static void LoraWanContainer<NBCHANNEL, R>::CallbackIsrTimerRx1(void*) [with int NBCHANNEL = 16; R = SX126x]	8	static
MacLayer.h:153:16:static void LoraWanContainer<NBCHANNEL, R>::CallbackIsrTimerRx2(void*) [with int NBCHANNEL = 16; R = SX126x]	8	static
MacLayer.h:200:11:uint8_t LoraWanContainer<NBCHANNEL, R>::GetSF() [with int NBCHANNEL = 16; R = SX126x]	0	static
MacLayer.h:204:14:eBandWidth LoraWanContainer<NBCHANNEL, R>::GetBW() [with int NBCHANNEL = 16; R = SX126x]	0	static
TimerIsrRoutine.cpp:30:40:void LoraWanContainer<NBCHANNEL, R>::IsrTimerRx1() [with int NBCHANNEL = 72; R = SX1276]	16	static
TimerIsrRoutine.cpp:37:40:void LoraWanContainer<NBCHANNEL, R>::IsrTimerRx2() [with int NBCHANNEL = 72; R = SX1276]	8	static
MacLayer.h:150:16:static void LoraWanContainer<NBCHANNEL, R>::CallbackIsrTimerRx1(void*) [with int NBCHANNEL = 72; R = SX1276]	8	static
MacLayer.h:153:16:static void LoraWanContainer<NBCHANNEL, R>::CallbackIsrTimerRx2(void*) [with int NBCHANNEL = 72; R = SX1276]	8	static
MacLayer.h:200:11:uint8_t LoraWanContainer<NBCHANNEL, R>::GetSF() [with int NBCHANNEL = 72; R = SX1276]	0	static
MacLayer.h:204:14:eBandWidth LoraWanContainer<NBCHANNEL, R>::GetBW() [with int NBCHANNEL = 72; R = SX1276]	0	static
TimerIsrRoutine.cpp:30:40:void LoraWanContainer<NBCHANNEL, R>::IsrTimerRx1() [with int NBCHANNEL = 72; R = SX126x]	16	static
TimerIsrRoutine.cpp:37:40:void LoraWanContainer<NBCHANNEL, R>::IsrTimerRx2() [with int NBCHANNEL = 72; R = SX126x]	8	static
MacLayer.h:150:16:static void LoraWanContainer<NBCHANNEL, R>::CallbackIsrTimerRx1(void*) [with int NBCHANNEL = 72; R = SX126x]	8	static
MacLayer.h:153:16:static void LoraWanContainer<NBCHANNEL, R>::CallbackIsrTimerRx2(void*) [with int NBCHANNEL = 72; R = SX126x]	8	static
MacLayer.h:200:11:uint8_t LoraWanContainer<NBCHANNEL, R>::GetSF() [with int NBCHANNEL = 72; R = SX126x]	0	static
MacLayer.h:204:14:eBandWidth LoraWanContainer<NBCHANNEL, R>::GetBW() [with int NBCHANNEL = 72; R = SX126x]	0	static
TimerIsrRoutine.cpp:30:40:void LoraWanContainer<NBCHANNEL, R>::IsrTimerRx1() [with int NBCHANNEL = 16; R = SX1272]	16	static
TimerIsrRoutine.cpp:37:40:void LoraWanContainer<NBCHANNEL, R>::IsrTimerRx2() [with int NBCHANNEL = 16; R = SX1272]	8	static
MacLayer.h:150:16:static void LoraWanContainer<NBCHANNEL, R>::CallbackIsrTimerRx1(void*) [with int NBCHANNEL = 16; R = SX1272]	8	static
MacLayer.h:153:16:static void LoraWanContainer<NBCHANNEL, R>::CallbackIsrTimerRx2(void*) [with int NBCHANNEL = 16; R = SX1272]	8	static
MacLayer.h:200:11:uint8_t LoraWanContainer<NBCHANNEL, R>::GetSF() [with int NBCHANNEL = 16; R = SX1272]	0	static
MacLayer.h:204:14:eBandWidth LoraWanContainer<NBCHANNEL, R>::GetBW() [with int NBCHANNEL = 16; R = SX1272]	0	static
TimerIsrRoutine.cpp:30:40:void LoraWanContainer<NBCHANNEL, R>::IsrTimerRx1() [with int NBCHANNEL = 72; R = SX1272]	16	static
TimerIsrRoutine.cpp:37:40:void LoraWanContainer<NBCHANNEL, R>::IsrTimerRx2() [with int NBCHANNEL = 72; R = SX1272]	8	static
MacLayer.h:150:16:static void LoraWanContainer<NBCHANNEL, R>::CallbackIsrTimerRx1(void*) [with int NBCHANNEL = 72; R = SX1272]	8	static
MacLayer.h:153:16:static void LoraWanContainer<NBCHANNEL, R>::CallbackIsrTimerRx2(void*) [with int NBCHANNEL = 72; R = SX1272]	8	static
MacLayer.h:200:11:uint8_t LoraWanContainer<NBCHANNEL, R>::GetSF() [with int NBCHANNEL = 72; R = SX1272]	0	static
MacLayer.h:204:14:eBandWidth LoraWanContainer<NBCHANNEL, R>::GetBW() [with int NBCHANNEL = 72; R = SX1272]	0	static
