utilities.cpp:28:6:void InsertTrace(uint8_t, uint8_t)	24	static
utilities.cpp:43:6:void ReadTrace(uint32_t*)	32	static
utilities.cpp:149:6:void StoreTraceInFlash(uint32_t)	8	static
utilities.cpp:154:6:void ReadTraceInFlash(uint32_t)	1032	static
utilities.cpp:171:9:int32_t rand1()	8	static
utilities.cpp:176:6:void srand1(uint32_t)	0	static
utilities.cpp:182:9:int32_t randr(int32_t, int32_t)	16	static
utilities.cpp:187:6:void memcpy1(uint8_t*, const uint8_t*, uint16_t)	8	static
utilities.cpp:195:6:void memcpyr(uint8_t*, const uint8_t*, uint16_t)	12	static
utilities.cpp:204:6:void memset1(uint8_t*, uint8_t, uint16_t)	0	static
utilities.cpp:212:8:int8_t Nibble2HexChar(uint8_t)	0	static
utilities.cpp:233:6:void Crc64(uint8_t*, int, uint32_t*, uint32_t*)	40	static
utilities.cpp:272:6:int Certification(bool, uint8_t*, uint8_t*, uint8_t*, uint8_t*, uint8_t*, uint8_t*, LoraWanObject<LoraRegionsEU, SX1272>*)	24	static
utilities.cpp:341:14:sLoRaWanKeys DeriveKeyForTest(uint8_t*, uint32_t)	64	static
