sx1272.cpp:33:1:SX1272::SX1272(PinName, PinName, PinName, PinName)	16	static
sx1272.cpp:306:6:void SX1272::Write(uint8_t, uint8_t*, uint8_t)	32	static
sx1272.cpp:319:6:void SX1272::Read(uint8_t, uint8_t*, uint8_t)	32	static
sx1272.cpp:331:6:void SX1272::Write(uint8_t, uint8_t)	16	static
sx1272.cpp:39:6:void SX1272::ClearIrqFlagsLora()	8	static
sx1272.cpp:291:6:void SX1272::SetRfFrequency(uint32_t)	16	static
sx1272.cpp:335:6:void SX1272::WriteFifo(uint8_t*, uint8_t)	8	static
sx1272.cpp:340:9:uint8_t SX1272::Read(uint8_t)	16	static
sx1272.cpp:49:12:IrqFlags_t SX1272::GetIrqFlagsLora()	8	static
sx1272.cpp:134:6:void SX1272::CalibrateImage()	24	static
sx1272.cpp:169:6:void SX1272::GetPacketStatusLora(int16_t*, int16_t*, int16_t*)	16	static
sx1272.cpp:182:6:void SX1272::SetModulationParamsTx(uint8_t, eBandWidth, int8_t)	16	static
sx1272.cpp:237:6:void SX1272::SetModulationParamsRx(uint8_t, eBandWidth, uint16_t)	24	static
sx1272.cpp:301:6:void SX1272::SetStandby()	8	static
sx1272.cpp:272:6:void SX1272::SetPayload(uint8_t*, uint8_t)	16	static
sx1272.cpp:346:6:void SX1272::ReadFifo(uint8_t*, uint8_t)	8	static
sx1272.cpp:43:6:void SX1272::FetchPayloadLora(uint8_t*, uint8_t*, int16_t*, int16_t*)	24	static
sx1272.cpp:351:6:void SX1272::SetOpMode(uint8_t)	16	static
sx1272.cpp:69:6:void SX1272::Reset()	16	static
sx1272.cpp:77:6:void SX1272::SendLora(uint8_t*, uint8_t, uint8_t, eBandWidth, uint32_t, int8_t)	32	static
sx1272.cpp:104:6:void SX1272::RxLora(eBandWidth, uint8_t, uint32_t, uint16_t)	32	static
sx1272.cpp:125:6:void SX1272::Sleep(bool)	8	static
