../Drivers/STM32L0xx_HAL_Driver/Src/stm32l0xx_hal_rtc.c:687:13:HAL_RTC_MspInit	0	static
../Drivers/STM32L0xx_HAL_Driver/Src/stm32l0xx_hal_rtc.c:702:13:HAL_RTC_MspDeInit	0	static
../Drivers/STM32L0xx_HAL_Driver/Src/stm32l0xx_hal_rtc.c:1063:6:HAL_RTC_DST_Add1Hour	0	static
../Drivers/STM32L0xx_HAL_Driver/Src/stm32l0xx_hal_rtc.c:1077:6:HAL_RTC_DST_Sub1Hour	0	static
../Drivers/STM32L0xx_HAL_Driver/Src/stm32l0xx_hal_rtc.c:1091:6:HAL_RTC_DST_SetStoreOperation	0	static
../Drivers/STM32L0xx_HAL_Driver/Src/stm32l0xx_hal_rtc.c:1104:6:HAL_RTC_DST_ClearStoreOperation	0	static
../Drivers/STM32L0xx_HAL_Driver/Src/stm32l0xx_hal_rtc.c:1116:10:HAL_RTC_DST_ReadStoreOperation	0	static
../Drivers/STM32L0xx_HAL_Driver/Src/stm32l0xx_hal_rtc.c:1511:19:HAL_RTC_DeactivateAlarm	32	static
../Drivers/STM32L0xx_HAL_Driver/Src/stm32l0xx_hal_rtc.c:1714:13:HAL_RTC_AlarmAEventCallback	0	static
../Drivers/STM32L0xx_HAL_Driver/Src/stm32l0xx_hal_rtc.c:1665:6:HAL_RTC_AlarmIRQHandler	8	static
../Drivers/STM32L0xx_HAL_Driver/Src/stm32l0xx_hal_rtc.c:1730:19:HAL_RTC_PollForAlarmAEvent	24	static
../Drivers/STM32L0xx_HAL_Driver/Src/stm32l0xx_hal_rtc.c:1789:19:HAL_RTC_WaitForSynchro	24	static
../Drivers/STM32L0xx_HAL_Driver/Src/stm32l0xx_hal_rtc.c:1833:21:HAL_RTC_GetState	0	static
../Drivers/STM32L0xx_HAL_Driver/Src/stm32l0xx_hal_rtc.c:1856:19:RTC_EnterInitMode	24	static
../Drivers/STM32L0xx_HAL_Driver/Src/stm32l0xx_hal_rtc.c:231:19:HAL_RTC_Init	16	static
../Drivers/STM32L0xx_HAL_Driver/Src/stm32l0xx_hal_rtc.c:357:19:HAL_RTC_DeInit	32	static
../Drivers/STM32L0xx_HAL_Driver/Src/stm32l0xx_hal_rtc.c:1886:9:RTC_ByteToBcd2	0	static
../Drivers/STM32L0xx_HAL_Driver/Src/stm32l0xx_hal_rtc.c:742:19:HAL_RTC_SetTime	40	static
../Drivers/STM32L0xx_HAL_Driver/Src/stm32l0xx_hal_rtc.c:920:19:HAL_RTC_SetDate	40	static
../Drivers/STM32L0xx_HAL_Driver/Src/stm32l0xx_hal_rtc.c:1148:19:HAL_RTC_SetAlarm	40	static
../Drivers/STM32L0xx_HAL_Driver/Src/stm32l0xx_hal_rtc.c:1329:19:HAL_RTC_SetAlarm_IT	40	static
../Drivers/STM32L0xx_HAL_Driver/Src/stm32l0xx_hal_rtc.c:1905:9:RTC_Bcd2ToByte	0	static
../Drivers/STM32L0xx_HAL_Driver/Src/stm32l0xx_hal_rtc.c:876:19:HAL_RTC_GetTime	16	static
../Drivers/STM32L0xx_HAL_Driver/Src/stm32l0xx_hal_rtc.c:1029:19:HAL_RTC_GetDate	16	static
../Drivers/STM32L0xx_HAL_Driver/Src/stm32l0xx_hal_rtc.c:1605:19:HAL_RTC_GetAlarm	32	static
