../Drivers/STM32L0xx_HAL_Driver/Src/stm32l0xx_hal_lptim.c:2320:26:LPTIM_WaitForFlag	16	static
../Drivers/STM32L0xx_HAL_Driver/Src/stm32l0xx_hal_lptim.c:388:13:HAL_LPTIM_MspInit	0	static
../Drivers/STM32L0xx_HAL_Driver/Src/stm32l0xx_hal_lptim.c:220:19:HAL_LPTIM_Init	24	static
../Drivers/STM32L0xx_HAL_Driver/Src/stm32l0xx_hal_lptim.c:403:13:HAL_LPTIM_MspDeInit	0	static
../Drivers/STM32L0xx_HAL_Driver/Src/stm32l0xx_hal_lptim.c:452:19:HAL_LPTIM_PWM_Start	24	static
../Drivers/STM32L0xx_HAL_Driver/Src/stm32l0xx_hal_lptim.c:675:19:HAL_LPTIM_OnePulse_Start	32	static
../Drivers/STM32L0xx_HAL_Driver/Src/stm32l0xx_hal_lptim.c:898:19:HAL_LPTIM_SetOnce_Start	32	static
../Drivers/STM32L0xx_HAL_Driver/Src/stm32l0xx_hal_lptim.c:1119:19:HAL_LPTIM_Encoder_Start	16	static
../Drivers/STM32L0xx_HAL_Driver/Src/stm32l0xx_hal_lptim.c:1331:19:HAL_LPTIM_TimeOut_Start	24	static
../Drivers/STM32L0xx_HAL_Driver/Src/stm32l0xx_hal_lptim.c:1534:19:HAL_LPTIM_Counter_Start	16	static
../Drivers/STM32L0xx_HAL_Driver/Src/stm32l0xx_hal_lptim.c:1737:10:HAL_LPTIM_ReadCounter	0	static
../Drivers/STM32L0xx_HAL_Driver/Src/stm32l0xx_hal_lptim.c:1750:10:HAL_LPTIM_ReadAutoReload	0	static
../Drivers/STM32L0xx_HAL_Driver/Src/stm32l0xx_hal_lptim.c:1763:10:HAL_LPTIM_ReadCompare	0	static
../Drivers/STM32L0xx_HAL_Driver/Src/stm32l0xx_hal_lptim.c:1929:13:HAL_LPTIM_CompareMatchCallback	0	static
../Drivers/STM32L0xx_HAL_Driver/Src/stm32l0xx_hal_lptim.c:1944:13:HAL_LPTIM_AutoReloadMatchCallback	0	static
../Drivers/STM32L0xx_HAL_Driver/Src/stm32l0xx_hal_lptim.c:1959:13:HAL_LPTIM_TriggerCallback	0	static
../Drivers/STM32L0xx_HAL_Driver/Src/stm32l0xx_hal_lptim.c:1974:13:HAL_LPTIM_CompareWriteCallback	0	static
../Drivers/STM32L0xx_HAL_Driver/Src/stm32l0xx_hal_lptim.c:1989:13:HAL_LPTIM_AutoReloadWriteCallback	0	static
../Drivers/STM32L0xx_HAL_Driver/Src/stm32l0xx_hal_lptim.c:2004:13:HAL_LPTIM_DirectionUpCallback	0	static
../Drivers/STM32L0xx_HAL_Driver/Src/stm32l0xx_hal_lptim.c:2019:13:HAL_LPTIM_DirectionDownCallback	0	static
../Drivers/STM32L0xx_HAL_Driver/Src/stm32l0xx_hal_lptim.c:1802:6:HAL_LPTIM_IRQHandler	8	static
../Drivers/STM32L0xx_HAL_Driver/Src/stm32l0xx_hal_lptim.c:2273:24:HAL_LPTIM_GetState	0	static
../Drivers/STM32L0xx_HAL_Driver/Src/stm32l0xx_hal_lptim.c:2345:6:LPTIM_Disable	40	static,ignoring_inline_asm
../Drivers/STM32L0xx_HAL_Driver/Src/stm32l0xx_hal_lptim.c:341:19:HAL_LPTIM_DeInit	16	static
../Drivers/STM32L0xx_HAL_Driver/Src/stm32l0xx_hal_lptim.c:507:19:HAL_LPTIM_PWM_Stop	8	static
../Drivers/STM32L0xx_HAL_Driver/Src/stm32l0xx_hal_lptim.c:730:19:HAL_LPTIM_OnePulse_Stop	8	static
../Drivers/STM32L0xx_HAL_Driver/Src/stm32l0xx_hal_lptim.c:953:19:HAL_LPTIM_SetOnce_Stop	8	static
../Drivers/STM32L0xx_HAL_Driver/Src/stm32l0xx_hal_lptim.c:1583:19:HAL_LPTIM_Counter_Stop	8	static
../Drivers/STM32L0xx_HAL_Driver/Src/stm32l0xx_hal_lptim.c:539:19:HAL_LPTIM_PWM_Start_IT	32	static
../Drivers/STM32L0xx_HAL_Driver/Src/stm32l0xx_hal_lptim.c:624:19:HAL_LPTIM_PWM_Stop_IT	16	static
../Drivers/STM32L0xx_HAL_Driver/Src/stm32l0xx_hal_lptim.c:847:19:HAL_LPTIM_OnePulse_Stop_IT	8	static
../Drivers/STM32L0xx_HAL_Driver/Src/stm32l0xx_hal_lptim.c:1070:19:HAL_LPTIM_SetOnce_Stop_IT	8	static
../Drivers/STM32L0xx_HAL_Driver/Src/stm32l0xx_hal_lptim.c:762:19:HAL_LPTIM_OnePulse_Start_IT	32	static
../Drivers/STM32L0xx_HAL_Driver/Src/stm32l0xx_hal_lptim.c:985:19:HAL_LPTIM_SetOnce_Start_IT	32	static
../Drivers/STM32L0xx_HAL_Driver/Src/stm32l0xx_hal_lptim.c:1178:19:HAL_LPTIM_Encoder_Stop	16	static
../Drivers/STM32L0xx_HAL_Driver/Src/stm32l0xx_hal_lptim.c:1211:19:HAL_LPTIM_Encoder_Start_IT	16	static
../Drivers/STM32L0xx_HAL_Driver/Src/stm32l0xx_hal_lptim.c:1288:19:HAL_LPTIM_Encoder_Stop_IT	16	static
../Drivers/STM32L0xx_HAL_Driver/Src/stm32l0xx_hal_lptim.c:1386:19:HAL_LPTIM_TimeOut_Stop	16	static
../Drivers/STM32L0xx_HAL_Driver/Src/stm32l0xx_hal_lptim.c:1423:19:HAL_LPTIM_TimeOut_Start_IT	24	static
../Drivers/STM32L0xx_HAL_Driver/Src/stm32l0xx_hal_lptim.c:1495:19:HAL_LPTIM_TimeOut_Stop_IT	16	static
../Drivers/STM32L0xx_HAL_Driver/Src/stm32l0xx_hal_lptim.c:1613:19:HAL_LPTIM_Counter_Start_IT	24	static
../Drivers/STM32L0xx_HAL_Driver/Src/stm32l0xx_hal_lptim.c:1682:19:HAL_LPTIM_Counter_Stop_IT	16	static
