sx1276.cpp:43:1:SX1276::SX1276(PinName, PinName, PinName, PinName)	32	static
sx1276.cpp:66:6:void SX1276::FetchPayloadFsk(uint8_t*, uint8_t*, int16_t*, int16_t*)	16	static
sx1276.cpp:124:6:void SX1276::Reset()	16	static
sx1276.cpp:290:6:void SX1276::ResetFakeIrq()	0	static
sx1276.cpp:295:6:bool SX1276::IsFakeIRQ()	0	static
sx1276.cpp:575:6:void SX1276::Write(uint8_t, uint8_t*, uint8_t)	32	static
sx1276.cpp:587:6:void SX1276::Read(uint8_t, uint8_t*, uint8_t)	32	static
sx1276.cpp:96:12:IrqFlags_t SX1276::GetIrqFlagsFsk()	24	static
sx1276.cpp:343:6:bool SX1276::IsFskFifoLevelReached()	16	static
sx1276.cpp:349:6:bool SX1276::IsPayloadReady()	16	static
sx1276.cpp:355:6:bool SX1276::IsFskFifoEmpty()	16	static
sx1276.cpp:361:6:bool SX1276::HasTimeouted()	16	static
sx1276.cpp:599:6:void SX1276::Write(uint8_t, uint8_t)	16	static
sx1276.cpp:51:6:void SX1276::ClearIrqFlagsLora()	8	static
sx1276.cpp:55:6:void SX1276::ClearIrqFlagsFsk()	8	static
sx1276.cpp:375:6:void SX1276::SetPowerParamsTx(int8_t)	16	static
sx1276.cpp:394:6:void SX1276::SetModulationParamsTxLora(uint8_t, eBandWidth)	16	static
sx1276.cpp:426:6:void SX1276::SetModulationParamsCommonFsk()	8	static
sx1276.cpp:461:6:void SX1276::SetFifoThreshold(uint8_t)	8	static
sx1276.cpp:465:6:void SX1276::SetModulationParamsTxFsk()	8	static
sx1276.cpp:561:6:void SX1276::SetRfFrequency(uint32_t)	16	static
sx1276.cpp:603:6:void SX1276::WriteFifo(uint8_t*, uint8_t)	8	static
sx1276.cpp:303:6:void SX1276::generateFakeIrq()	8	static
sx1276.cpp:284:6:void SX1276::SetAndGenerateFakeIRQ(IrqFlags_t)	8	static
sx1276.cpp:607:9:uint8_t SX1276::Read(uint8_t)	16	static
sx1276.cpp:73:12:IrqFlags_t SX1276::GetIrqFlagsLora()	8	static
sx1276.cpp:310:6:void SX1276::CalibrateImage()	24	static
sx1276.cpp:367:6:void SX1276::GetPacketStatusLora(int16_t*, int16_t*, int16_t*)	16	static
sx1276.cpp:488:6:void SX1276::SetModulationParamsRxLora(uint8_t, eBandWidth, uint16_t)	24	static
sx1276.cpp:571:6:void SX1276::SetStandby()	8	static
sx1276.cpp:544:6:void SX1276::SetPayload(uint8_t*, uint8_t)	16	static
sx1276.cpp:613:6:void SX1276::ReadFifo(uint8_t*, uint8_t)	8	static
sx1276.cpp:60:6:void SX1276::FetchPayloadLora(uint8_t*, uint8_t*, int16_t*, int16_t*)	24	static
sx1276.cpp:617:6:void SX1276::SetOpModeLora(uint8_t, uint8_t, uint8_t)	8	static
sx1276.cpp:621:6:void SX1276::SetOpModeFsk(uint8_t, uint8_t, uint8_t)	8	static
sx1276.cpp:625:6:void SX1276::SetOpMode(uint8_t)	16	static
sx1276.cpp:133:6:void SX1276::SendLora(uint8_t*, uint8_t, uint8_t, eBandWidth, uint32_t, int8_t)	32	static
sx1276.cpp:204:6:void SX1276::RxLora(eBandWidth, uint8_t, uint32_t, uint16_t)	32	static
sx1276.cpp:277:6:void SX1276::Sleep(bool)	8	static
sx1276.cpp:159:6:void SX1276::SendFsk(uint8_t*, uint8_t, uint32_t, int8_t)	32	static
sx1276.cpp:629:6:void SX1276::ConfigureRssi()	8	static
sx1276.cpp:472:6:void SX1276::SetModulationParamsRxFsk(uint8_t)	16	static
sx1276.cpp:633:8:int8_t SX1276::GetCurrentRssi()	16	static
sx1276.cpp:230:6:void SX1276::RxFsk(uint32_t, uint16_t)	48	static
