SEGGER_RTT.c:481:17:_GetAvailWriteSpace	0	static
SEGGER_RTT.c:395:13:_WriteNoCheck	32	static
SEGGER_RTT.c:331:17:_WriteBlocking	32	static
SEGGER_RTT.c:276:13:_DoInit	8	static
SEGGER_RTT.c:459:13:_PostTerminalSwitch.constprop	16	static
SEGGER_RTT.c:522:10:SEGGER_RTT_ReadNoLock	40	static
SEGGER_RTT.c:612:10:SEGGER_RTT_Read	8	static
SEGGER_RTT.c:651:6:SEGGER_RTT_WriteWithOverwriteNoLock	32	static
SEGGER_RTT.c:747:10:SEGGER_RTT_WriteSkipNoLock	32	static
SEGGER_RTT.c:891:10:SEGGER_RTT_WriteNoLock	24	static
SEGGER_RTT.c:962:10:SEGGER_RTT_Write	24	static
SEGGER_RTT.c:999:10:SEGGER_RTT_WriteString	16	static
SEGGER_RTT.c:1029:10:SEGGER_RTT_PutCharSkipNoLock	20	static
SEGGER_RTT.c:1076:10:SEGGER_RTT_PutCharSkip	32	static
SEGGER_RTT.c:1132:10:SEGGER_RTT_PutChar	32	static
SEGGER_RTT.c:1193:5:SEGGER_RTT_GetKey	16	static
SEGGER_RTT.c:1221:5:SEGGER_RTT_WaitKey	8	static
SEGGER_RTT.c:1244:5:SEGGER_RTT_HasKey	8	static
SEGGER_RTT.c:1270:10:SEGGER_RTT_HasData	0	static
SEGGER_RTT.c:1291:10:SEGGER_RTT_HasDataUp	0	static
SEGGER_RTT.c:1319:5:SEGGER_RTT_AllocDownBuffer	32	static
SEGGER_RTT.c:1364:5:SEGGER_RTT_AllocUpBuffer	40	static
SEGGER_RTT.c:1415:5:SEGGER_RTT_ConfigUpBuffer	32	static
SEGGER_RTT.c:1462:5:SEGGER_RTT_ConfigDownBuffer	32	static
SEGGER_RTT.c:1500:5:SEGGER_RTT_SetNameUpBuffer	16	static
SEGGER_RTT.c:1531:5:SEGGER_RTT_SetNameDownBuffer	16	static
SEGGER_RTT.c:1562:5:SEGGER_RTT_SetFlagsUpBuffer	16	static
SEGGER_RTT.c:1593:5:SEGGER_RTT_SetFlagsDownBuffer	16	static
SEGGER_RTT.c:1617:6:SEGGER_RTT_Init	8	static
SEGGER_RTT.c:1635:5:SEGGER_RTT_SetTerminal	32	static
SEGGER_RTT.c:1685:5:SEGGER_RTT_TerminalOut	32	static
