stm32l0xx_hal_flash_ex.c:1023:26:FLASH_OB_ProtectedSectorsConfig	16	static
stm32l0xx_hal_flash_ex.c:327:19:HAL_FLASHEx_OBProgram	32	static
stm32l0xx_hal_flash_ex.c:410:6:HAL_FLASHEx_OBGetConfig	8	static
stm32l0xx_hal_flash_ex.c:443:19:HAL_FLASHEx_AdvOBProgram	16	static
stm32l0xx_hal_flash_ex.c:486:6:HAL_FLASHEx_AdvOBGetConfig	0	static
stm32l0xx_hal_flash_ex.c:526:19:HAL_FLASHEx_OB_SelectPCROP	8	static
stm32l0xx_hal_flash_ex.c:568:19:HAL_FLASHEx_OB_DeSelectPCROP	8	static
stm32l0xx_hal_flash_ex.c:634:19:HAL_FLASHEx_DATAEEPROM_Unlock	0	static
stm32l0xx_hal_flash_ex.c:661:19:HAL_FLASHEx_DATAEEPROM_Lock	0	static
stm32l0xx_hal_flash_ex.c:679:19:HAL_FLASHEx_DATAEEPROM_Erase	8	static
stm32l0xx_hal_flash_ex.c:721:21:HAL_FLASHEx_DATAEEPROM_Program	24	static
stm32l0xx_hal_flash_ex.c:777:6:HAL_FLASHEx_DATAEEPROM_EnableFixedTimeProgram	0	static
stm32l0xx_hal_flash_ex.c:786:6:HAL_FLASHEx_DATAEEPROM_DisableFixedTimeProgram	0	static
stm32l0xx_hal_flash_ex.c:1234:6:FLASH_PageErase	8	static
stm32l0xx_hal_flash_ex.c:171:19:HAL_FLASHEx_Erase	24	static
stm32l0xx_hal_flash_ex.c:235:19:HAL_FLASHEx_Erase_IT	32	static
