stm32l0xx_hal_lptim.c:356:13:HAL_LPTIM_MspInit	0	static
stm32l0xx_hal_lptim.c:207:19:HAL_LPTIM_Init	24	static
stm32l0xx_hal_lptim.c:371:13:HAL_LPTIM_MspDeInit	0	static
stm32l0xx_hal_lptim.c:420:19:HAL_LPTIM_PWM_Start	12	static
stm32l0xx_hal_lptim.c:484:19:HAL_LPTIM_PWM_Start_IT	20	static
stm32l0xx_hal_lptim.c:586:19:HAL_LPTIM_OnePulse_Start	16	static
stm32l0xx_hal_lptim.c:650:19:HAL_LPTIM_OnePulse_Start_IT	20	static
stm32l0xx_hal_lptim.c:752:19:HAL_LPTIM_SetOnce_Start	16	static
stm32l0xx_hal_lptim.c:816:19:HAL_LPTIM_SetOnce_Start_IT	20	static
stm32l0xx_hal_lptim.c:916:19:HAL_LPTIM_Encoder_Start	12	static
stm32l0xx_hal_lptim.c:994:19:HAL_LPTIM_Encoder_Start_IT	12	static
stm32l0xx_hal_lptim.c:1089:19:HAL_LPTIM_TimeOut_Start	12	static
stm32l0xx_hal_lptim.c:1158:19:HAL_LPTIM_TimeOut_Start_IT	16	static
stm32l0xx_hal_lptim.c:1235:19:HAL_LPTIM_Counter_Start	8	static
stm32l0xx_hal_lptim.c:1299:19:HAL_LPTIM_Counter_Start_IT	12	static
stm32l0xx_hal_lptim.c:1398:10:HAL_LPTIM_ReadCounter	0	static
stm32l0xx_hal_lptim.c:1411:10:HAL_LPTIM_ReadAutoReload	0	static
stm32l0xx_hal_lptim.c:1424:10:HAL_LPTIM_ReadCompare	0	static
stm32l0xx_hal_lptim.c:1590:13:HAL_LPTIM_CompareMatchCallback	0	static
stm32l0xx_hal_lptim.c:1605:13:HAL_LPTIM_AutoReloadMatchCallback	0	static
stm32l0xx_hal_lptim.c:1620:13:HAL_LPTIM_TriggerCallback	0	static
stm32l0xx_hal_lptim.c:1635:13:HAL_LPTIM_CompareWriteCallback	0	static
stm32l0xx_hal_lptim.c:1650:13:HAL_LPTIM_AutoReloadWriteCallback	0	static
stm32l0xx_hal_lptim.c:1665:13:HAL_LPTIM_DirectionUpCallback	0	static
stm32l0xx_hal_lptim.c:1680:13:HAL_LPTIM_DirectionDownCallback	0	static
stm32l0xx_hal_lptim.c:1463:6:HAL_LPTIM_IRQHandler	8	static
stm32l0xx_hal_lptim.c:1923:24:HAL_LPTIM_GetState	0	static
stm32l0xx_hal_lptim.c:1972:6:LPTIM_Disable	40	static
stm32l0xx_hal_lptim.c:314:19:HAL_LPTIM_DeInit	16	static
stm32l0xx_hal_lptim.c:872:19:HAL_LPTIM_SetOnce_Stop_IT	16	static
stm32l0xx_hal_lptim.c:706:19:HAL_LPTIM_OnePulse_Stop_IT	8	static
stm32l0xx_hal_lptim.c:540:19:HAL_LPTIM_PWM_Stop_IT	8	static
stm32l0xx_hal_lptim.c:966:19:HAL_LPTIM_Encoder_Stop	16	static
stm32l0xx_hal_lptim.c:1051:19:HAL_LPTIM_Encoder_Stop_IT	16	static
stm32l0xx_hal_lptim.c:1126:19:HAL_LPTIM_TimeOut_Stop	16	static
stm32l0xx_hal_lptim.c:1201:19:HAL_LPTIM_TimeOut_Stop_IT	16	static
stm32l0xx_hal_lptim.c:1274:19:HAL_LPTIM_Counter_Stop	8	static
stm32l0xx_hal_lptim.c:1347:19:HAL_LPTIM_Counter_Stop_IT	16	static
stm32l0xx_hal_lptim.c:789:19:HAL_LPTIM_SetOnce_Stop	8	static
stm32l0xx_hal_lptim.c:457:19:HAL_LPTIM_PWM_Stop	8	static
stm32l0xx_hal_lptim.c:623:19:HAL_LPTIM_OnePulse_Stop	8	static
