../radio/sx126x/radio.c:869:6:RadioCheckRfFrequency	0	static
../radio/sx126x/radio.c:1230:6:RadioOnTxTimeoutIrq	8	static
../radio/sx126x/radio.c:1238:6:RadioOnRxTimeoutIrq	8	static
../radio/sx126x/radio.c:1246:6:RadioOnDioIrq	0	static
../radio/sx126x/radio.c:1060:6:RadioStandby	8	static
../radio/sx126x/radio.c:544:14:RadioGetStatus	8	static
../radio/sx126x/radio.c:582:6:RadioSetChannel	8	static
../radio/sx126x/radio.c:1174:9:RadioRead	8	static
../radio/sx126x/radio.c:1169:6:RadioWrite	8	static
../radio/sx126x/radio.c:1028:6:RadioSend	16	static
../radio/sx126x/radio.c:1050:6:RadioSleep	8	static
../radio/sx126x/radio.c:1111:6:RadioSetRxDutyCycle	8	static
../radio/sx126x/radio.c:1184:6:RadioReadBuffer	8	static
../radio/sx126x/radio.c:1179:6:RadioWriteBuffer	8	static
../radio/sx126x/radio.c:1146:6:RadioStartCad	8	static
../radio/sx126x/radio.c:1152:6:RadioSetTxContinuousWave	16	static
../radio/sx126x/radio.c:1164:9:RadioRssi	8	static
../radio/sx126x/radio.c:1225:10:RadioGetWakeupTime	8	static
../radio/sx126x/radio.c:501:16:RadioGetFskBandwidthRegValue	8	static
../radio/sx126x/radio.c:1189:6:RadioSetMaxPayloadLength	8	static
../radio/sx126x/radio.c:1065:6:RadioRx	16	static
../radio/sx126x/radio.c:1088:6:RadioRxBoosted	16	static
../radio/sx126x/radio.c:1251:6:RadioIrqProcess	40	static
../radio/sx126x/radio.c:997:10:RadioTimeOnAir	32	static
../radio/sx126x/radio.c:1206:6:RadioSetPublicNetwork	8	static
../radio/sx126x/radio.c:559:6:RadioSetModem.part.0	8	static
../radio/sx126x/radio.c:559:6:RadioSetModem	8	static
../radio/sx126x/radio.c:639:6:RadioSetRxConfig	56	static
../radio/sx126x/radio.c:765:6:RadioSetTxConfig	48	static
../radio/sx126x/radio.c:587:6:RadioIsChannelFree	72	static
../radio/sx126x/radio.c:621:10:RadioRandom	8	static
../radio/sx126x/radio.c:1116:6:RadioAddRegisterToRetentionList	32	static
../radio/sx126x/radio.c:521:6:RadioInit	8	static
