../radio/sx126x/sx126x.c:134:6:SX126xCheckDeviceReady	8	static
../radio/sx126x/sx126x.c:143:6:SX126xSetPayload	8	static
../radio/sx126x/sx126x.c:167:9:SX126xSetSyncWord	8	static
../radio/sx126x/sx126x.c:173:6:SX126xSetCrcSeed	16	static
../radio/sx126x/sx126x.c:191:6:SX126xSetCrcPolynomial	16	static
../radio/sx126x/sx126x.c:209:6:SX126xSetWhiteningSeed	8	static
../radio/sx126x/sx126x.c:252:6:SX126xSetSleep	16	static
../radio/sx126x/sx126x.c:267:6:SX126xSetStandby	16	static
../radio/sx126x/sx126x.c:113:6:SX126xInit	8	static
../radio/sx126x/sx126x.c:280:6:SX126xSetFs	8	static
../radio/sx126x/sx126x.c:286:6:SX126xSetTx	16	static
../radio/sx126x/sx126x.c:161:6:SX126xSendPayload	8	static
../radio/sx126x/sx126x.c:298:6:SX126xSetRx	16	static
../radio/sx126x/sx126x.c:227:10:SX126xGetRandom	40	static
../radio/sx126x/sx126x.c:312:6:SX126xSetRxBoosted	16	static
../radio/sx126x/sx126x.c:326:6:SX126xSetRxDutyCycle	16	static
../radio/sx126x/sx126x.c:340:6:SX126xSetCad	8	static
../radio/sx126x/sx126x.c:346:6:SX126xSetTxContinuousWave	8	static
../radio/sx126x/sx126x.c:352:6:SX126xSetTxInfinitePreamble	8	static
../radio/sx126x/sx126x.c:358:6:SX126xSetStopRxTimerOnPreambleDetect	16	static
../radio/sx126x/sx126x.c:363:6:SX126xSetLoRaSymbNumTimeout	24	static
../radio/sx126x/sx126x.c:387:6:SX126xSetRegulatorMode	16	static
../radio/sx126x/sx126x.c:392:6:SX126xCalibrate	16	static
../radio/sx126x/sx126x.c:405:6:SX126xCalibrateImage	16	static
../radio/sx126x/sx126x.c:437:6:SX126xSetPaConfig	16	static
../radio/sx126x/sx126x.c:448:6:SX126xSetRxTxFallbackMode	16	static
../radio/sx126x/sx126x.c:453:6:SX126xSetDioIrqParams	24	static
../radio/sx126x/sx126x.c:468:10:SX126xGetIrqStatus	16	static
../radio/sx126x/sx126x.c:476:6:SX126xSetDio2AsRfSwitchCtrl	16	static
../radio/sx126x/sx126x.c:481:6:SX126xSetDio3AsTcxoCtrl	16	static
../radio/sx126x/sx126x.c:493:6:SX126xSetRfFrequency	24	static
../radio/sx126x/sx126x.c:512:6:SX126xSetPacketType	16	static
../radio/sx126x/sx126x.c:519:20:SX126xGetPacketType	0	static
../radio/sx126x/sx126x.c:524:6:SX126xSetTxParams	24	static
../radio/sx126x/sx126x.c:568:6:SX126xSetModulationParams	24	static
../radio/sx126x/sx126x.c:613:6:SX126xSetPacketParams	32	static
../radio/sx126x/sx126x.c:672:6:SX126xSetCadParams	24	static
../radio/sx126x/sx126x.c:687:6:SX126xSetBufferBaseAddress	16	static
../radio/sx126x/sx126x.c:696:15:SX126xGetStatus	8	static
../radio/sx126x/sx126x.c:707:8:SX126xGetRssiInst	16	static
../radio/sx126x/sx126x.c:717:6:SX126xGetRxBufferStatus	24	static
../radio/sx126x/sx126x.c:148:9:SX126xGetPayload	32	static
../radio/sx126x/sx126x.c:736:6:SX126xGetPacketStatus	24	static
../radio/sx126x/sx126x.c:770:14:SX126xGetDeviceErrors	16	static
../radio/sx126x/sx126x.c:787:6:SX126xClearDeviceErrors	16	static
../radio/sx126x/sx126x.c:793:6:SX126xClearIrqStatus	16	static
