ClassSTM32L071.cpp:231:6:void timerISRBridge(void*)	8	static
ClassSTM32L071.cpp:51:6:void WakeUpAlarmMSecond(int)	8	static
ClassSTM32L071.cpp:63:6:void WakeUpAlarmSecond(int)	8	static
ClassSTM32L071.cpp:80:6:void HAL_LPTIM_CompareMatchCallback(LPTIM_HandleTypeDef*)	8	static
ClassSTM32L071.cpp:93:6:void McuSTM32L071::Init_Irq(PinName)	0	static
ClassSTM32L071.cpp:94:6:void McuSTM32L071::InitSpi()	0	static
ClassSTM32L071.cpp:103:9:uint8_t McuSTM32L071::SpiWrite(int)	40	static
ClassSTM32L071.cpp:114:5:int McuSTM32L071::RestoreContext(uint8_t*, uint32_t, uint32_t)	8	static
ClassSTM32L071.cpp:119:5:int McuSTM32L071::StoreContext(const void*, uint32_t, uint32_t)	8	static
ClassSTM32L071.cpp:135:10:uint32_t McuSTM32L071::RtcGetTimeSecond()	8	static
ClassSTM32L071.cpp:145:10:uint32_t McuSTM32L071::RtcGetTimeMs()	88	static
ClassSTM32L071.cpp:170:6:void McuSTM32L071::GotoSleepSecond(int)	8	static
ClassSTM32L071.cpp:196:6:void McuSTM32L071::GotoSleepMSecond(int)	8	static
ClassSTM32L071.cpp:214:6:void McuSTM32L071::WatchDogStart()	8	static
ClassSTM32L071.cpp:224:6:void McuSTM32L071::WatchDogRelease()	8	static
ClassSTM32L071.cpp:245:6:void McuSTM32L071::StartTimerMsecond(void (*)(void*), void*, int)	40	static
ClassSTM32L071.cpp:275:6:void McuSTM32L071::SetValueDigitalOutPin(PinName, int)	8	static
ClassSTM32L071.cpp:280:5:int McuSTM32L071::GetValueDigitalInPin(PinName)	8	static
ClassSTM32L071.cpp:285:15:GPIO_TypeDef* McuSTM32L071::ReslovePortForPin(PinName)	0	static
ClassSTM32L071.cpp:294:6:void McuSTM32L071::AttachInterruptIn(void (*)(void*), void*)	0	static
