../Drivers/LoRaMac-node/boards/rtc-board.c:412:17:RtcGetCalendarValue	32	static
../Drivers/LoRaMac-node/boards/rtc-board.c:184:10:RtcSetTimerContext	8	static
../Drivers/LoRaMac-node/boards/rtc-board.c:130:6:RtcInit	48	static
../Drivers/LoRaMac-node/boards/rtc-board.c:196:10:RtcGetTimerContext	0	static
../Drivers/LoRaMac-node/boards/rtc-board.c:206:10:RtcGetMinimumTimeout	0	static
../Drivers/LoRaMac-node/boards/rtc-board.c:217:10:RtcMs2Tick	8	static
../Drivers/LoRaMac-node/boards/rtc-board.c:228:10:RtcTick2Ms	0	static
../Drivers/LoRaMac-node/boards/rtc-board.c:277:6:RtcStopAlarm	8	static
../Drivers/LoRaMac-node/boards/rtc-board.c:289:6:RtcStartAlarm	48	static
../Drivers/LoRaMac-node/boards/rtc-board.c:392:10:RtcGetTimerValue	32	static
../Drivers/LoRaMac-node/boards/rtc-board.c:241:6:RtcDelayMs	32	static,ignoring_inline_asm
../Drivers/LoRaMac-node/boards/rtc-board.c:402:10:RtcGetTimerElapsedTime	32	static
../Drivers/LoRaMac-node/boards/rtc-board.c:262:6:RtcSetAlarm	8	static
../Drivers/LoRaMac-node/boards/rtc-board.c:448:10:RtcGetCalendarTime	40	static
../Drivers/LoRaMac-node/boards/rtc-board.c:469:6:RTC_IRQHandler	8	static
../Drivers/LoRaMac-node/boards/rtc-board.c:498:6:HAL_RTC_AlarmAEventCallback	8	static
../Drivers/LoRaMac-node/boards/rtc-board.c:503:6:RtcBkupWrite	16	static
../Drivers/LoRaMac-node/boards/rtc-board.c:509:6:RtcBkupRead	16	static
../Drivers/LoRaMac-node/boards/rtc-board.c:515:6:RtcProcess	0	static
../Drivers/LoRaMac-node/boards/rtc-board.c:520:13:RtcTempCompensation	16	static
