st25dv.c:1652:22:ST25DV_i2c_GetGPO_en_Dyn	0	static
st25dv.c:1706:22:ST25DV_i2c_ResetGPO_en_Dyn	0	static
st25dv.c:240:22:ST25DV_i2c_Init	8	static
st25dv.c:275:22:ST25DV_i2c_IsDeviceReady	8	static
st25dv.c:380:22:ST25DV_i2c_ReadData	8	static
st25dv.c:447:22:ST25DV_i2c_ReadRegister	8	static
st25dv.c:251:22:ST25DV_i2c_ReadID	8	static
st25dv.c:262:22:ST25DV_i2c_ReadICRev	8	static
st25dv.c:295:22:ST25DV_i2c_GetGPOStatus	24	static
st25dv.c:338:22:ST25DV_i2c_ReadITPulse	24	static
st25dv.c:501:22:ST25DV_i2c_ReadUID	16	static
st25dv.c:537:22:ST25DV_i2c_ReadDSFID	8	static
st25dv.c:548:22:ST25DV_i2c_ReadDsfidRFProtection	24	static
st25dv.c:577:22:ST25DV_i2c_ReadAFI	8	static
st25dv.c:588:22:ST25DV_i2c_ReadAfiRFProtection	24	static
st25dv.c:617:22:ST25DV_i2c_ReadI2CProtectZone	24	static
st25dv.c:689:22:ST25DV_i2c_ReadLockCCFile	24	static
st25dv.c:767:22:ST25DV_i2c_ReadLockCFG	24	static
st25dv.c:864:22:ST25DV_i2c_ReadRFZxSS	24	static
st25dv.c:950:22:ST25DV_i2c_ReadEndZonex	8	static
st25dv.c:1141:22:ST25DV_i2c_ReadMemSize	24	static
st25dv.c:1163:22:ST25DV_i2c_ReadEHMode	24	static
st25dv.c:1208:22:ST25DV_i2c_ReadRFMngt	24	static
st25dv.c:1415:22:ST25DV_i2c_ReadMBMode	24	static
st25dv.c:1462:22:ST25DV_i2c_ReadMBWDG	24	static
st25dv.c:393:22:ST25DV_i2c_WriteData	24	static
st25dv.c:461:22:ST25DV_i2c_WriteRegister	32	static
st25dv.c:326:22:ST25DV_i2c_ConfigureGPO	16	static
st25dv.c:362:22:ST25DV_i2c_WriteITPulse	16	static
st25dv.c:645:22:ST25DV_i2c_WriteI2CProtectZonex	24	static
st25dv.c:730:22:ST25DV_i2c_WriteLockCCFile	16	static
st25dv.c:797:22:ST25DV_i2c_WriteLockCFG	16	static
st25dv.c:813:22:ST25DV_i2c_PresentI2CPassword	48	static
st25dv.c:838:22:ST25DV_i2c_WriteI2CPassword	48	static
st25dv.c:911:22:ST25DV_i2c_WriteRFZxSS	24	static
st25dv.c:984:22:ST25DV_i2c_WriteEndZonex	16	static
st25dv.c:1019:22:ST25DV_i2c_InitEndZone	24	static
st25dv.c:1192:22:ST25DV_i2c_WriteEHMode	16	static
st25dv.c:1248:22:ST25DV_i2c_WriteRFMngt	16	static
st25dv.c:1289:22:ST25DV_i2c_SetRFDisable	16	static
st25dv.c:1313:22:ST25DV_i2c_ResetRFDisable	16	static
st25dv.c:1367:22:ST25DV_i2c_SetRFSleep	16	static
st25dv.c:1391:22:ST25DV_i2c_ResetRFSleep	16	static
st25dv.c:1446:22:ST25DV_i2c_WriteMBMode	16	static
st25dv.c:1486:22:ST25DV_i2c_WriteMBWDG	16	static
st25dv.c:434:22:ST25DV_i2c_ReadDataCurrentAddr	8	static
st25dv.c:1504:22:ST25DV_i2c_ReadMailboxData	8	static
st25dv.c:1546:22:ST25DV_i2c_ReadMailboxRegister.part.1	8	static
st25dv.c:1546:22:ST25DV_i2c_ReadMailboxRegister	8	static
st25dv.c:1591:22:ST25DV_i2c_ReadI2CSecuritySession_Dyn	24	static
st25dv.c:1630:22:ST25DV_i2c_ReadITSTStatus_Dyn	8	static
st25dv.c:1730:22:ST25DV_i2c_ReadEHCtrl_Dyn	24	static
st25dv.c:1791:22:ST25DV_i2c_GetEHENMode_Dyn	24	static
st25dv.c:1867:22:ST25DV_i2c_GetEHON_Dyn	24	static
st25dv.c:1897:22:ST25DV_i2c_GetRFField_Dyn	24	static
st25dv.c:1927:22:ST25DV_i2c_GetVCC_Dyn	24	static
st25dv.c:1957:22:ST25DV_i2c_ReadRFMngt_Dyn	24	static
st25dv.c:2085:22:ST25DV_i2c_GetRFSleep_Dyn	24	static
st25dv.c:2009:22:ST25DV_i2c_GetRFDisable_Dyn	8	static
st25dv.c:2161:22:ST25DV_i2c_ReadMBCtrl_Dyn	24	static
st25dv.c:2188:22:ST25DV_i2c_GetMBEN_Dyn	24	static
st25dv.c:2247:22:ST25DV_i2c_ReadMBLength_Dyn	8	static
st25dv.c:1064:22:ST25DV_i2c_CreateUserZone	40	static
st25dv.c:1521:22:ST25DV_i2c_WriteMailboxData	8	static
st25dv.c:1563:22:ST25DV_i2c_WriteMailboxRegister.part.4	8	static
st25dv.c:1563:22:ST25DV_i2c_WriteMailboxRegister	8	static
st25dv.c:1820:22:ST25DV_i2c_SetEHENMode_Dyn	16	static
st25dv.c:1843:22:ST25DV_i2c_ResetEHENMode_Dyn	16	static
st25dv.c:1998:22:ST25DV_i2c_WriteRFMngt_Dyn	16	static
st25dv.c:2038:22:ST25DV_i2c_SetRFDisable_Dyn	16	static
st25dv.c:2061:22:ST25DV_i2c_ResetRFDisable_Dyn	16	static
st25dv.c:2114:22:ST25DV_i2c_SetRFSleep_Dyn	16	static
st25dv.c:2137:22:ST25DV_i2c_ResetRFSleep_Dyn	16	static
st25dv.c:2216:22:ST25DV_i2c_SetMBEN_Dyn	16	static
st25dv.c:2231:22:ST25DV_i2c_ResetMBEN_Dyn	16	static
st25dv.c:1337:22:ST25DV_i2c_GetRFSleep	0	static
st25dv.c:1641:22:ST25DV_i2c_ReadGPO_Dyn	0	static
st25dv.c:1259:22:ST25DV_i2c_GetRFDisable	0	static
st25dv.c:1682:22:ST25DV_i2c_SetGPO_en_Dyn	0	static
