SX126x.cpp:49:1:SX126x::SX126x(PinName, PinName, PinName, PinName)	16	static
SX126x.cpp:121:6:void SX126x::Reset()	16	static
SX126x.cpp:628:6:void SX126x::waitOnBusy()	8	static
SX126x.cpp:294:6:void SX126x::CheckDeviceReady()	16	static
SX126x.cpp:346:6:void SX126x::ReadRegisters(uint16_t, uint8_t*, uint16_t)	32	static
SX126x.cpp:339:9:uint8_t SX126x::ReadRegister(uint16_t)	16	static
SX126x.cpp:325:6:void SX126x::ReadBuffer(uint8_t, uint8_t*, uint8_t)	32	static
SX126x.cpp:393:9:uint8_t SX126x::ReadCommand(SX126x::OpCode_t, uint8_t*, uint16_t)	32	static
SX126x.cpp:90:12:IrqFlags_t SX126x::GetIrqFlagsLora()	16	static
SX126x.cpp:116:12:IrqFlags_t SX126x::GetIrqFlagsFsk()	8	static
SX126x.cpp:307:6:void SX126x::GetPacketStatusLora(int16_t*, int16_t*, int16_t*)	32	static
SX126x.cpp:317:6:void SX126x::GetRxBufferStatus(uint8_t*, uint8_t*)	24	static
SX126x.cpp:66:6:void SX126x::FetchPayloadLora(uint8_t*, uint8_t*, int16_t*, int16_t*)	40	static
SX126x.cpp:80:6:void SX126x::FetchPayloadFsk(uint8_t*, uint8_t*, int16_t*, int16_t*)	16	static
SX126x.cpp:613:6:void SX126x::GetErrors()	16	static
SX126x.cpp:632:6:void SX126x::WriteBuffer(uint8_t, uint8_t*, uint8_t)	32	static
SX126x.cpp:647:6:void SX126x::WriteCommand(SX126x::OpCode_t, uint8_t*, uint16_t)	32	static
SX126x.cpp:261:6:void SX126x::Sleep(bool)	16	static
SX126x.cpp:271:6:void SX126x::CalibrateImage(uint32_t)	16	static
SX126x.cpp:365:6:void SX126x::SetDioIrqParams(uint16_t, uint16_t, uint16_t, uint16_t)	24	static
SX126x.cpp:385:6:void SX126x::ClearIrqStatus(uint16_t)	16	static
SX126x.cpp:57:6:void SX126x::ClearIrqFlagsLora()	8	static
SX126x.cpp:61:6:void SX126x::ClearIrqFlagsFsk()	8	static
SX126x.cpp:410:6:void SX126x::SetBufferBaseAddress(uint8_t, uint8_t)	16	static
SX126x.cpp:418:6:void SX126x::SetModulationParamsLora(uint8_t, eBandWidth)	16	static
SX126x.cpp:449:6:void SX126x::SetModulationParamsFsk()	16	static
SX126x.cpp:462:6:void SX126x::SetPacketParamsLora(uint8_t, SX126x::InvertIQ_t)	16	static
SX126x.cpp:473:6:void SX126x::SetPacketParamsFsk(uint8_t)	32	static
SX126x.cpp:514:6:void SX126x::SetPacketType(eModulationType)	16	static
SX126x.cpp:514:6:void SX126x::SetPacketType(eModulationType)	8	static
SX126x.cpp:521:6:void SX126x::SetPaConfig(uint8_t, uint8_t, uint8_t, uint8_t)	24	static
SX126x.cpp:537:6:void SX126x::SetRfFrequency(uint32_t)	16	static
SX126x.cpp:550:6:void SX126x::SetStandby(SX126x::StandbyModes_t)	16	static
SX126x.cpp:554:6:void SX126x::SetRegulatorMode(SX126x::RadioRegulatorMode_t)	16	static
SX126x.cpp:558:6:void SX126x::SetDio2AsRfSwitchCtrl(uint8_t)	16	static
SX126x.cpp:562:6:void SX126x::SetTxContinuousWave()	8	static
SX126x.cpp:566:6:void SX126x::SetTxInfinitePreamble()	8	static
SX126x.cpp:570:6:void SX126x::SetRx(uint32_t)	16	static
SX126x.cpp:579:6:void SX126x::SetTx(uint32_t)	16	static
SX126x.cpp:622:6:void SX126x::StopTimerOnPreamble(bool)	16	static
SX126x.cpp:659:6:void SX126x::WriteRegisters(uint16_t, uint8_t*, uint16_t)	32	static
SX126x.cpp:215:6:void SX126x::RxLora(eBandWidth, uint8_t, uint32_t, uint32_t)	32	static
SX126x.cpp:492:6:void SX126x::SetCrcSeedFskCCITT()	16	static
SX126x.cpp:499:6:void SX126x::SetCrcPolynomialFskCCITT()	16	static
SX126x.cpp:487:6:void SX126x::ConfigureCrcCCITT()	8	static
SX126x.cpp:589:6:void SX126x::SetTxParams(int8_t)	32	static
SX126x.cpp:132:6:void SX126x::SendCw(uint32_t)	16	static
SX126x.cpp:142:6:void SX126x::SendLora(uint8_t*, uint8_t, uint8_t, eBandWidth, uint32_t, int8_t)	40	static
SX126x.cpp:676:6:void SX126x::WriteRegister(uint16_t, uint8_t)	16	static
SX126x.cpp:507:6:void SX126x::SetSyncWordFskLorawan()	16	static
SX126x.cpp:178:6:void SX126x::SendFsk(uint8_t*, uint8_t, uint32_t, int8_t)	40	static
SX126x.cpp:238:6:void SX126x::RxFsk(uint32_t, uint32_t)	24	static
