Archive member included to satisfy reference by file (symbol)

/opt/Atollic_TrueSTUDIO_for_STM32_x86_64_9.0.0/ARMTools/bin/../lib/gcc/arm-atollic-eabi/6.3.1/../../../../arm-atollic-eabi/lib/armv6-m/libstdc++_nano.a(atexit_arm.o)
                              Src/main.o (__aeabi_atexit)
/opt/Atollic_TrueSTUDIO_for_STM32_x86_64_9.0.0/ARMTools/bin/../lib/gcc/arm-atollic-eabi/6.3.1/../../../../arm-atollic-eabi/lib/armv6-m/libstdc++_nano.a(pure.o)
                              MinimouseSrc/MacLayer.o (__cxa_pure_virtual)
/opt/Atollic_TrueSTUDIO_for_STM32_x86_64_9.0.0/ARMTools/bin/../lib/gcc/arm-atollic-eabi/6.3.1/../../../../arm-atollic-eabi/lib/armv6-m/libstdc++_nano.a(eh_terminate.o)
                              /opt/Atollic_TrueSTUDIO_for_STM32_x86_64_9.0.0/ARMTools/bin/../lib/gcc/arm-atollic-eabi/6.3.1/../../../../arm-atollic-eabi/lib/armv6-m/libstdc++_nano.a(pure.o) (std::terminate())
/opt/Atollic_TrueSTUDIO_for_STM32_x86_64_9.0.0/ARMTools/bin/../lib/gcc/arm-atollic-eabi/6.3.1/../../../../arm-atollic-eabi/lib/armv6-m/libstdc++_nano.a(eh_term_handler.o)
                              /opt/Atollic_TrueSTUDIO_for_STM32_x86_64_9.0.0/ARMTools/bin/../lib/gcc/arm-atollic-eabi/6.3.1/../../../../arm-atollic-eabi/lib/armv6-m/libstdc++_nano.a(eh_terminate.o) (__cxxabiv1::__terminate_handler)
/opt/Atollic_TrueSTUDIO_for_STM32_x86_64_9.0.0/ARMTools/bin/../lib/gcc/arm-atollic-eabi/6.3.1/../../../../arm-atollic-eabi/lib/armv6-m/libstdc++_nano.a(eh_unex_handler.o)
                              /opt/Atollic_TrueSTUDIO_for_STM32_x86_64_9.0.0/ARMTools/bin/../lib/gcc/arm-atollic-eabi/6.3.1/../../../../arm-atollic-eabi/lib/armv6-m/libstdc++_nano.a(eh_terminate.o) (__cxxabiv1::__unexpected_handler)
/opt/Atollic_TrueSTUDIO_for_STM32_x86_64_9.0.0/ARMTools/bin/../lib/gcc/arm-atollic-eabi/6.3.1/../../../../arm-atollic-eabi/lib/armv6-m/libm.a(lib_a-s_ceil.o)
                              MinimouseSrc/MacLayer.o (ceil)
/opt/Atollic_TrueSTUDIO_for_STM32_x86_64_9.0.0/ARMTools/bin/../lib/gcc/arm-atollic-eabi/6.3.1/../../../../arm-atollic-eabi/lib/armv6-m/libc_nano.a(lib_a-abort.o)
                              /opt/Atollic_TrueSTUDIO_for_STM32_x86_64_9.0.0/ARMTools/bin/../lib/gcc/arm-atollic-eabi/6.3.1/../../../../arm-atollic-eabi/lib/armv6-m/libstdc++_nano.a(eh_terminate.o) (abort)
/opt/Atollic_TrueSTUDIO_for_STM32_x86_64_9.0.0/ARMTools/bin/../lib/gcc/arm-atollic-eabi/6.3.1/../../../../arm-atollic-eabi/lib/armv6-m/libc_nano.a(lib_a-cxa_atexit.o)
                              /opt/Atollic_TrueSTUDIO_for_STM32_x86_64_9.0.0/ARMTools/bin/../lib/gcc/arm-atollic-eabi/6.3.1/../../../../arm-atollic-eabi/lib/armv6-m/libstdc++_nano.a(atexit_arm.o) (__cxa_atexit)
/opt/Atollic_TrueSTUDIO_for_STM32_x86_64_9.0.0/ARMTools/bin/../lib/gcc/arm-atollic-eabi/6.3.1/../../../../arm-atollic-eabi/lib/armv6-m/libc_nano.a(lib_a-init.o)
                              Src/startup_stm32l051xx.o (__libc_init_array)
/opt/Atollic_TrueSTUDIO_for_STM32_x86_64_9.0.0/ARMTools/bin/../lib/gcc/arm-atollic-eabi/6.3.1/../../../../arm-atollic-eabi/lib/armv6-m/libc_nano.a(lib_a-lcltime.o)
                              McuApi/ClassSTM32L051.o (localtime)
/opt/Atollic_TrueSTUDIO_for_STM32_x86_64_9.0.0/ARMTools/bin/../lib/gcc/arm-atollic-eabi/6.3.1/../../../../arm-atollic-eabi/lib/armv6-m/libc_nano.a(lib_a-lcltime_r.o)
                              /opt/Atollic_TrueSTUDIO_for_STM32_x86_64_9.0.0/ARMTools/bin/../lib/gcc/arm-atollic-eabi/6.3.1/../../../../arm-atollic-eabi/lib/armv6-m/libc_nano.a(lib_a-lcltime.o) (localtime_r)
/opt/Atollic_TrueSTUDIO_for_STM32_x86_64_9.0.0/ARMTools/bin/../lib/gcc/arm-atollic-eabi/6.3.1/../../../../arm-atollic-eabi/lib/armv6-m/libc_nano.a(lib_a-malloc.o)
                              /opt/Atollic_TrueSTUDIO_for_STM32_x86_64_9.0.0/ARMTools/bin/../lib/gcc/arm-atollic-eabi/6.3.1/../../../../arm-atollic-eabi/lib/armv6-m/libc_nano.a(lib_a-lcltime.o) (malloc)
/opt/Atollic_TrueSTUDIO_for_STM32_x86_64_9.0.0/ARMTools/bin/../lib/gcc/arm-atollic-eabi/6.3.1/../../../../arm-atollic-eabi/lib/armv6-m/libc_nano.a(lib_a-memcpy-stub.o)
                              Drivers/RTT/SEGGER_RTT.o (memcpy)
/opt/Atollic_TrueSTUDIO_for_STM32_x86_64_9.0.0/ARMTools/bin/../lib/gcc/arm-atollic-eabi/6.3.1/../../../../arm-atollic-eabi/lib/armv6-m/libc_nano.a(lib_a-memset.o)
                              Drivers/ST25DV/mailboxfunc.o (memset)
/opt/Atollic_TrueSTUDIO_for_STM32_x86_64_9.0.0/ARMTools/bin/../lib/gcc/arm-atollic-eabi/6.3.1/../../../../arm-atollic-eabi/lib/armv6-m/libc_nano.a(lib_a-mktime.o)
                              McuApi/ClassSTM32L051.o (mktime)
/opt/Atollic_TrueSTUDIO_for_STM32_x86_64_9.0.0/ARMTools/bin/../lib/gcc/arm-atollic-eabi/6.3.1/../../../../arm-atollic-eabi/lib/armv6-m/libc_nano.a(lib_a-month_lengths.o)
                              /opt/Atollic_TrueSTUDIO_for_STM32_x86_64_9.0.0/ARMTools/bin/../lib/gcc/arm-atollic-eabi/6.3.1/../../../../arm-atollic-eabi/lib/armv6-m/libc_nano.a(lib_a-lcltime_r.o) (__month_lengths)
[...]
Memory Configuration

Name             Origin             Length             Attributes
FLASH            0x0000000008000000 0x0000000000010000 xr
RAM              0x0000000020000000 0x0000000000002000 xrw
CCMRAM           0x0000000010000000 0x0000000000000000 xrw
FLASHB1          0x0000000000000000 0x0000000000000000 xr
EXTMEMB0         0x0000000000000000 0x0000000000000000 xr
EXTMEMB1         0x0000000000000000 0x0000000000000000 xr
EXTMEMB2         0x0000000000000000 0x0000000000000000 xr
EXTMEMB3         0x0000000000000000 0x0000000000000000 xr
*default*        0x0000000000000000 0xffffffffffffffff

Linker script and memory map

LOAD /opt/Atollic_TrueSTUDIO_for_STM32_x86_64_9.0.0/ARMTools/bin/../lib/gcc/arm-atollic-eabi/6.3.1/armv6-m/crti.o
LOAD /opt/Atollic_TrueSTUDIO_for_STM32_x86_64_9.0.0/ARMTools/bin/../lib/gcc/arm-atollic-eabi/6.3.1/armv6-m/crtbegin.o
LOAD Drivers/RTT/SEGGER_RTT.o
LOAD Drivers/RTT/SEGGER_RTT_Syscalls_GCC.o
LOAD Drivers/RTT/SEGGER_RTT_printf.o
LOAD Drivers/ST25DV/commonfunc.o
LOAD Drivers/ST25DV/mailboxfunc.o
LOAD Drivers/ST25DV/st25_ibt.o
LOAD Drivers/ST25DV/st25_ibt_nfctag.o
LOAD Drivers/ST25DV/st25dv.o
LOAD Drivers/STM32L0xx_HAL_Driver/Src/stm32l0xx_hal.o
LOAD Drivers/STM32L0xx_HAL_Driver/Src/stm32l0xx_hal_adc.o
LOAD Drivers/STM32L0xx_HAL_Driver/Src/stm32l0xx_hal_adc_ex.o
LOAD Drivers/STM32L0xx_HAL_Driver/Src/stm32l0xx_hal_cortex.o
LOAD Drivers/STM32L0xx_HAL_Driver/Src/stm32l0xx_hal_dma.o
LOAD Drivers/STM32L0xx_HAL_Driver/Src/stm32l0xx_hal_flash.o
LOAD Drivers/STM32L0xx_HAL_Driver/Src/stm32l0xx_hal_flash_ex.o
LOAD Drivers/STM32L0xx_HAL_Driver/Src/stm32l0xx_hal_flash_ramfunc.o
LOAD Drivers/STM32L0xx_HAL_Driver/Src/stm32l0xx_hal_gpio.o
LOAD Drivers/STM32L0xx_HAL_Driver/Src/stm32l0xx_hal_i2c.o
LOAD Drivers/STM32L0xx_HAL_Driver/Src/stm32l0xx_hal_i2c_ex.o
LOAD Drivers/STM32L0xx_HAL_Driver/Src/stm32l0xx_hal_iwdg.o
LOAD Drivers/STM32L0xx_HAL_Driver/Src/stm32l0xx_hal_lptim.o
LOAD Drivers/STM32L0xx_HAL_Driver/Src/stm32l0xx_hal_pwr.o
LOAD Drivers/STM32L0xx_HAL_Driver/Src/stm32l0xx_hal_pwr_ex.o
LOAD Drivers/STM32L0xx_HAL_Driver/Src/stm32l0xx_hal_rcc.o
LOAD Drivers/STM32L0xx_HAL_Driver/Src/stm32l0xx_hal_rcc_ex.o
LOAD Drivers/STM32L0xx_HAL_Driver/Src/stm32l0xx_hal_rtc.o
LOAD Drivers/STM32L0xx_HAL_Driver/Src/stm32l0xx_hal_rtc_ex.o
LOAD Drivers/STM32L0xx_HAL_Driver/Src/stm32l0xx_hal_spi.o
LOAD Drivers/STM32L0xx_HAL_Driver/Src/stm32l0xx_hal_tim.o
LOAD Drivers/STM32L0xx_HAL_Driver/Src/stm32l0xx_hal_tim_ex.o
LOAD MBED/timing.o
LOAD McuApi/ClassSTM32L051.o
LOAD MinimouseSrc/LoRaMacCryptoMiniMouse.o
LOAD MinimouseSrc/LoraWanProcess.o
LOAD MinimouseSrc/MacLayer.o
LOAD MinimouseSrc/MiniMouseAes.o
LOAD MinimouseSrc/MiniMouseCmac.o
LOAD MinimouseSrc/PhyLayer.o
LOAD MinimouseSrc/RadioIsrRoutine.o
LOAD MinimouseSrc/Regions.o
LOAD MinimouseSrc/TimerIsrRoutine.o
LOAD MinimouseSrc/utilities.o
LOAD Src/hardware.o
LOAD Src/main.o
LOAD Src/startup_stm32l051xx.o
LOAD Src/stm32l0xx_hal_msp.o
LOAD Src/stm32l0xx_it.o
LOAD Src/system_stm32l0xx.o
LOAD radio/SX126X/SX126x.o
LOAD radio/SX1276Lib/sx1276/sx1276.o
                0x0000000020002000                __stack = (ORIGIN (RAM) + LENGTH (RAM))
                0x0000000020002000                _estack = __stack
                0x0000000000000400                __Main_Stack_Size = 0x400
                [!provide]                        PROVIDE (_Main_Stack_Size, __Main_Stack_Size)
                0x0000000020001c00                __Main_Stack_Limit = (__stack - __Main_Stack_Size)
                [!provide]                        PROVIDE (_Main_Stack_Limit, __Main_Stack_Limit)
                0x0000000000000100                _Minimum_Stack_Size = 0x100
                [!provide]                        PROVIDE (_Heap_Begin, _end_noinit)
                [!provide]                        PROVIDE (_Heap_Limit, (__stack - __Main_Stack_Size))

.isr_vector     0x0000000008000000       0xc0
 FILL mask 0xff
                0x0000000008000000                __vectors_start = ABSOLUTE (.)
                0x0000000008000000                __vectors_start__ = ABSOLUTE (.)
 *(.isr_vector)
 .isr_vector    0x0000000008000000       0xc0 Src/startup_stm32l051xx.o
                0x0000000008000000                g_pfnVectors
 *(.cfmconfig)
 *(.after_vectors .after_vectors.*)

.inits          0x00000000080000c0       0x4c
                0x00000000080000c0                __data_regions_array_start = .
                0x00000000080000c0        0x4 LONG 0x800dfb8 LOADADDR (.data)
                0x00000000080000c4        0x4 LONG 0x20000000 ADDR (.data)
                0x00000000080000c8        0x4 LONG 0x200004d8 (ADDR (.data) + SIZEOF (.data))
                0x00000000080000cc        0x4 LONG 0x800dfb8 LOADADDR (.data_CCMRAM)
                0x00000000080000d0        0x4 LONG 0x10000000 ADDR (.data_CCMRAM)
                0x00000000080000d4        0x4 LONG 0x10000000 (ADDR (.data_CCMRAM) + SIZEOF (.data_CCMRAM))
                0x00000000080000d8                __data_regions_array_end = .
                0x00000000080000d8                __bss_regions_array_start = .
                0x00000000080000d8        0x4 LONG 0x200004d8 ADDR (.bss)
                0x00000000080000dc        0x4 LONG 0x20001760 (ADDR (.bss) + SIZEOF (.bss))
                0x00000000080000e0        0x4 LONG 0x10000000 ADDR (.bss_CCMRAM)
                0x00000000080000e4        0x4 LONG 0x10000000 (ADDR (.bss_CCMRAM) + SIZEOF (.bss_CCMRAM))
                0x00000000080000e8                __bss_regions_array_end = .
 *(.init)
 .init          0x00000000080000e8        0x4 /opt/Atollic_TrueSTUDIO_for_STM32_x86_64_9.0.0/ARMTools/bin/../lib/gcc/arm-atollic-eabi/6.3.1/armv6-m/crti.o
                0x00000000080000e8                _init
 .init          0x00000000080000ec        0x8 /opt/Atollic_TrueSTUDIO_for_STM32_x86_64_9.0.0/ARMTools/bin/../lib/gcc/arm-atollic-eabi/6.3.1/armv6-m/crtn.o
 *(.fini)
 .fini          0x00000000080000f4        0x4 /opt/Atollic_TrueSTUDIO_for_STM32_x86_64_9.0.0/ARMTools/bin/../lib/gcc/arm-atollic-eabi/6.3.1/armv6-m/crti.o
                0x00000000080000f4                _fini
 .fini          0x00000000080000f8        0x8 /opt/Atollic_TrueSTUDIO_for_STM32_x86_64_9.0.0/ARMTools/bin/../lib/gcc/arm-atollic-eabi/6.3.1/armv6-m/crtn.o
                0x0000000008000100                . = ALIGN (0x4)
                0x0000000008000100                PROVIDE (__preinit_array_start, .)
 *(.preinit_array_sysinit .preinit_array_sysinit.*)
 *(.preinit_array_platform .preinit_array_platform.*)
 *(.preinit_array .preinit_array.*)
                0x0000000008000100                PROVIDE (__preinit_array_end, .)
                0x0000000008000100                . = ALIGN (0x4)
                0x0000000008000100                PROVIDE (__init_array_start, .)
 *(SORT(.init_array.*))
 *(.init_array)
 .init_array    0x0000000008000100        0x4 /opt/Atollic_TrueSTUDIO_for_STM32_x86_64_9.0.0/ARMTools/bin/../lib/gcc/arm-atollic-eabi/6.3.1/armv6-m/crtbegin.o
 .init_array    0x0000000008000104        0x4 Src/main.o
                0x0000000008000108                PROVIDE (__init_array_end, .)
                0x0000000008000108                . = ALIGN (0x4)
                [!provide]                        PROVIDE (__fini_array_start, .)
 *(SORT(.fini_array.*))
 *(.fini_array)
 .fini_array    0x0000000008000108        0x4 /opt/Atollic_TrueSTUDIO_for_STM32_x86_64_9.0.0/ARMTools/bin/../lib/gcc/arm-atollic-eabi/6.3.1/armv6-m/crtbegin.o
                [!provide]                        PROVIDE (__fini_array_end, .)

.flashtext
 *(.flashtext .flashtext.*)

.text           0x0000000008000110     0xdea8
 *(.text .text.*)
 .text          0x0000000008000110       0x48 /opt/Atollic_TrueSTUDIO_for_STM32_x86_64_9.0.0/ARMTools/bin/../lib/gcc/arm-atollic-eabi/6.3.1/armv6-m/crtbegin.o
 .text._GetAvailWriteSpace
                0x0000000008000158       0x12 Drivers/RTT/SEGGER_RTT.o
 .text._WriteNoCheck
                0x000000000800016a       0x38 Drivers/RTT/SEGGER_RTT.o
 .text._WriteBlocking
                0x00000000080001a2       0x5a Drivers/RTT/SEGGER_RTT.o
 .text._DoInit  0x00000000080001fc       0x64 Drivers/RTT/SEGGER_RTT.o
 .text.SEGGER_RTT_WriteNoLock
                0x0000000008000260       0x6c Drivers/RTT/SEGGER_RTT.o
                0x0000000008000260                SEGGER_RTT_WriteNoLock
 .text.SEGGER_RTT_Write
                0x00000000080002cc       0x34 Drivers/RTT/SEGGER_RTT.o
                0x00000000080002cc                SEGGER_RTT_Write
 .text.SEGGER_RTT_WriteString
                0x0000000008000300       0x18 Drivers/RTT/SEGGER_RTT.o
                0x0000000008000300                SEGGER_RTT_WriteString
 .text._StoreChar
                0x0000000008000318       0x3e Drivers/RTT/SEGGER_RTT_printf.o
 *fill*         0x0000000008000356        0x2 
 .text._PrintUnsigned
                0x0000000008000358       0xe0 Drivers/RTT/SEGGER_RTT_printf.o
 .text.SEGGER_RTT_vprintf
                0x0000000008000438      0x25a Drivers/RTT/SEGGER_RTT_printf.o
                0x0000000008000438                SEGGER_RTT_vprintf
 .text.SEGGER_RTT_printf
                0x0000000008000692       0x18 Drivers/RTT/SEGGER_RTT_printf.o
                0x0000000008000692                SEGGER_RTT_printf
 *fill*         0x00000000080006aa        0x2 
 .text.PresentPasswd
                0x00000000080006ac       0x60 Drivers/ST25DV/commonfunc.o
                0x00000000080006ac                PresentPasswd
 .text.st25_error
                0x000000000800070c       0x28 Drivers/ST25DV/commonfunc.o
                0x000000000800070c                st25_error
 .text.InitITGPOMode
                0x0000000008000734       0x44 Drivers/ST25DV/commonfunc.o
                0x0000000008000734                InitITGPOMode
 .text.ManageGPO
                0x0000000008000778       0x8c Drivers/ST25DV/commonfunc.o
                0x0000000008000778                ManageGPO
 .text.InitMailBoxMode
                0x0000000008000804       0x58 Drivers/ST25DV/mailboxfunc.o
                0x0000000008000804                InitMailBoxMode
 .text.ReadCompleteMailBoxMsg
                0x000000000800085c       0x3a Drivers/ST25DV/mailboxfunc.o
                0x000000000800085c                ReadCompleteMailBoxMsg
 *fill*         0x0000000008000896        0x2 
 .text.STM32_I2C2_Init
                0x0000000008000898       0x60 Drivers/ST25DV/st25_ibt.o
 .text.ST25DV_IO_Init
                0x00000000080008f8       0x18 Drivers/ST25DV/st25_ibt.o
                0x00000000080008f8                ST25DV_IO_Init
 .text.NFCMEM_IO_MemWriteCompleted_Callback
                0x0000000008000910        0x2 Drivers/ST25DV/st25_ibt.o
                0x0000000008000910                NFCMEM_IO_MemWriteCompleted_Callback
 *fill*         0x0000000008000912        0x2 
 .text.NFCTAG_IO_MemWrite
                0x0000000008000914       0x2c Drivers/ST25DV/st25_ibt.o
                0x0000000008000914                NFCTAG_IO_MemWrite
 .text.NFCTAG_IO_MemRead
                0x0000000008000940       0x4c Drivers/ST25DV/st25_ibt.o
                0x0000000008000940                NFCTAG_IO_MemRead
 .text.ST25DV_IO_MemRead
                0x000000000800098c        0x8 Drivers/ST25DV/st25_ibt.o
                0x000000000800098c                ST25DV_IO_MemRead
 .text.NFCTAG_IO_Read
                0x0000000008000994       0x28 Drivers/ST25DV/st25_ibt.o
                0x0000000008000994                NFCTAG_IO_Read
 .text.ST25DV_IO_Read
                0x00000000080009bc        0x8 Drivers/ST25DV/st25_ibt.o
                0x00000000080009bc                ST25DV_IO_Read
 .text.NFCTAG_IO_IsDeviceReady
                0x00000000080009c4       0x24 Drivers/ST25DV/st25_ibt.o
                0x00000000080009c4                NFCTAG_IO_IsDeviceReady
 .text.ST25DV_IO_IsDeviceReady
                0x00000000080009e8        0x8 Drivers/ST25DV/st25_ibt.o
                0x00000000080009e8                ST25DV_IO_IsDeviceReady
 .text.ST25DV_IO_MemWrite
                0x00000000080009f0       0x54 Drivers/ST25DV/st25_ibt.o
                0x00000000080009f0                ST25DV_IO_MemWrite
 .text.BSP_I2C2_ReInit
                0x0000000008000a44       0x1c Drivers/ST25DV/st25_ibt.o
                0x0000000008000a44                BSP_I2C2_ReInit
 .text.BSP_NFCTAG_Init
                0x0000000008000a60       0x4c Drivers/ST25DV/st25_ibt_nfctag.o
                0x0000000008000a60                BSP_NFCTAG_Init
 .text.BSP_NFCTAG_isInitialized
                0x0000000008000aac        0xc Drivers/ST25DV/st25_ibt_nfctag.o
                0x0000000008000aac                BSP_NFCTAG_isInitialized
 .text.BSP_NFCTAG_ConfigIT
                0x0000000008000ab8       0x1c Drivers/ST25DV/st25_ibt_nfctag.o
                0x0000000008000ab8                BSP_NFCTAG_ConfigIT
 .text.BSP_NFCTAG_GetExtended_Drv
                0x0000000008000ad4        0xc Drivers/ST25DV/st25_ibt_nfctag.o
                0x0000000008000ad4                BSP_NFCTAG_GetExtended_Drv
 .text.ST25DV_i2c_GetGPO_en_Dyn
                0x0000000008000ae0        0x4 Drivers/ST25DV/st25dv.o
                0x0000000008000ae0                ST25DV_i2c_GetGPO_en_Dyn
 .text.ST25DV_i2c_ResetGPO_en_Dyn
                0x0000000008000ae4        0x4 Drivers/ST25DV/st25dv.o
                0x0000000008000ae4                ST25DV_i2c_ResetGPO_en_Dyn
 .text.ST25DV_i2c_Init
                0x0000000008000ae8        0x8 Drivers/ST25DV/st25dv.o
                0x0000000008000ae8                ST25DV_i2c_Init
 .text.ST25DV_i2c_IsDeviceReady
                0x0000000008000af0        0xc Drivers/ST25DV/st25dv.o
                0x0000000008000af0                ST25DV_i2c_IsDeviceReady
 .text.ST25DV_i2c_ReadData
                0x0000000008000afc        0xe Drivers/ST25DV/st25dv.o
                0x0000000008000afc                ST25DV_i2c_ReadData
 .text.ST25DV_i2c_ReadRegister
                0x0000000008000b0a        0xe Drivers/ST25DV/st25dv.o
                0x0000000008000b0a                ST25DV_i2c_ReadRegister
 .text.ST25DV_i2c_ReadID
                0x0000000008000b18        0xc Drivers/ST25DV/st25dv.o
                0x0000000008000b18                ST25DV_i2c_ReadID
 .text.ST25DV_i2c_ReadICRev
                0x0000000008000b24        0xc Drivers/ST25DV/st25dv.o
                0x0000000008000b24                ST25DV_i2c_ReadICRev
 .text.ST25DV_i2c_GetGPOStatus
                0x0000000008000b30       0x1c Drivers/ST25DV/st25dv.o
                0x0000000008000b30                ST25DV_i2c_GetGPOStatus
 .text.ST25DV_i2c_ReadITPulse
                0x0000000008000b4c       0x1c Drivers/ST25DV/st25dv.o
                0x0000000008000b4c                ST25DV_i2c_ReadITPulse
 .text.ST25DV_i2c_ReadUID
                0x0000000008000b68       0x40 Drivers/ST25DV/st25dv.o
                0x0000000008000b68                ST25DV_i2c_ReadUID
 .text.ST25DV_i2c_ReadDSFID
                0x0000000008000ba8        0xc Drivers/ST25DV/st25dv.o
                0x0000000008000ba8                ST25DV_i2c_ReadDSFID
 .text.ST25DV_i2c_ReadDsfidRFProtection
                0x0000000008000bb4       0x26 Drivers/ST25DV/st25dv.o
                0x0000000008000bb4                ST25DV_i2c_ReadDsfidRFProtection
 .text.ST25DV_i2c_ReadAFI
                0x0000000008000bda        0xc Drivers/ST25DV/st25dv.o
                0x0000000008000bda                ST25DV_i2c_ReadAFI
 .text.ST25DV_i2c_ReadAfiRFProtection
                0x0000000008000be6       0x26 Drivers/ST25DV/st25dv.o
                0x0000000008000be6                ST25DV_i2c_ReadAfiRFProtection
 .text.ST25DV_i2c_ReadI2CProtectZone
                0x0000000008000c0c       0x32 Drivers/ST25DV/st25dv.o
                0x0000000008000c0c                ST25DV_i2c_ReadI2CProtectZone
 .text.ST25DV_i2c_ReadLockCCFile
                0x0000000008000c3e       0x30 Drivers/ST25DV/st25dv.o
                0x0000000008000c3e                ST25DV_i2c_ReadLockCCFile
 .text.ST25DV_i2c_ReadLockCFG
                0x0000000008000c6e       0x26 Drivers/ST25DV/st25dv.o
                0x0000000008000c6e                ST25DV_i2c_ReadLockCFG
 .text.ST25DV_i2c_ReadRFZxSS
                0x0000000008000c94       0x44 Drivers/ST25DV/st25dv.o
                0x0000000008000c94                ST25DV_i2c_ReadRFZxSS
 .text.ST25DV_i2c_ReadEndZonex
                0x0000000008000cd8       0x28 Drivers/ST25DV/st25dv.o
                0x0000000008000cd8                ST25DV_i2c_ReadEndZonex
 .text.ST25DV_i2c_ReadMemSize
                0x0000000008000d00       0x24 Drivers/ST25DV/st25dv.o
                0x0000000008000d00                ST25DV_i2c_ReadMemSize
 .text.ST25DV_i2c_ReadEHMode
                0x0000000008000d24       0x26 Drivers/ST25DV/st25dv.o
                0x0000000008000d24                ST25DV_i2c_ReadEHMode
 .text.ST25DV_i2c_ReadRFMngt
                0x0000000008000d4a       0x34 Drivers/ST25DV/st25dv.o
                0x0000000008000d4a                ST25DV_i2c_ReadRFMngt
 .text.ST25DV_i2c_ReadMBMode
                0x0000000008000d7e       0x26 Drivers/ST25DV/st25dv.o
                0x0000000008000d7e                ST25DV_i2c_ReadMBMode
 .text.ST25DV_i2c_ReadMBWDG
                0x0000000008000da4       0x20 Drivers/ST25DV/st25dv.o
                0x0000000008000da4                ST25DV_i2c_ReadMBWDG
 .text.ST25DV_i2c_WriteData
                0x0000000008000dc4       0x3c Drivers/ST25DV/st25dv.o
                0x0000000008000dc4                ST25DV_i2c_WriteData
 .text.ST25DV_i2c_WriteRegister
                0x0000000008000e00       0x3e Drivers/ST25DV/st25dv.o
                0x0000000008000e00                ST25DV_i2c_WriteRegister
 .text.ST25DV_i2c_ConfigureGPO
                0x0000000008000e3e       0x14 Drivers/ST25DV/st25dv.o
                0x0000000008000e3e                ST25DV_i2c_ConfigureGPO
 .text.ST25DV_i2c_WriteITPulse
                0x0000000008000e52       0x14 Drivers/ST25DV/st25dv.o
                0x0000000008000e52                ST25DV_i2c_WriteITPulse
 .text.ST25DV_i2c_WriteI2CProtectZonex
                0x0000000008000e66       0x5e Drivers/ST25DV/st25dv.o
                0x0000000008000e66                ST25DV_i2c_WriteI2CProtectZonex
 .text.ST25DV_i2c_WriteLockCCFile
                0x0000000008000ec4       0x2a Drivers/ST25DV/st25dv.o
                0x0000000008000ec4                ST25DV_i2c_WriteLockCCFile
 .text.ST25DV_i2c_WriteLockCFG
                0x0000000008000eee       0x14 Drivers/ST25DV/st25dv.o
                0x0000000008000eee                ST25DV_i2c_WriteLockCFG
 .text.ST25DV_i2c_PresentI2CPassword
                0x0000000008000f02       0x4e Drivers/ST25DV/st25dv.o
                0x0000000008000f02                ST25DV_i2c_PresentI2CPassword
 .text.ST25DV_i2c_WriteI2CPassword
                0x0000000008000f50       0x4e Drivers/ST25DV/st25dv.o
                0x0000000008000f50                ST25DV_i2c_WriteI2CPassword
 .text.ST25DV_i2c_WriteRFZxSS
                0x0000000008000f9e       0x46 Drivers/ST25DV/st25dv.o
                0x0000000008000f9e                ST25DV_i2c_WriteRFZxSS
 .text.ST25DV_i2c_WriteEndZonex
                0x0000000008000fe4       0x2c Drivers/ST25DV/st25dv.o
                0x0000000008000fe4                ST25DV_i2c_WriteEndZonex
 .text.ST25DV_i2c_InitEndZone
                0x0000000008001010       0x4a Drivers/ST25DV/st25dv.o
                0x0000000008001010                ST25DV_i2c_InitEndZone
 .text.ST25DV_i2c_WriteEHMode
                0x000000000800105a       0x14 Drivers/ST25DV/st25dv.o
                0x000000000800105a                ST25DV_i2c_WriteEHMode
 .text.ST25DV_i2c_WriteRFMngt
                0x000000000800106e       0x14 Drivers/ST25DV/st25dv.o
                0x000000000800106e                ST25DV_i2c_WriteRFMngt
 .text.ST25DV_i2c_SetRFDisable
                0x0000000008001082       0x2a Drivers/ST25DV/st25dv.o
                0x0000000008001082                ST25DV_i2c_SetRFDisable
 .text.ST25DV_i2c_ResetRFDisable
                0x00000000080010ac       0x2a Drivers/ST25DV/st25dv.o
                0x00000000080010ac                ST25DV_i2c_ResetRFDisable
 .text.ST25DV_i2c_SetRFSleep
                0x00000000080010d6       0x2c Drivers/ST25DV/st25dv.o
                0x00000000080010d6                ST25DV_i2c_SetRFSleep
 .text.ST25DV_i2c_ResetRFSleep
                0x0000000008001102       0x2c Drivers/ST25DV/st25dv.o
                0x0000000008001102                ST25DV_i2c_ResetRFSleep
 .text.ST25DV_i2c_WriteMBMode
                0x000000000800112e       0x14 Drivers/ST25DV/st25dv.o
                0x000000000800112e                ST25DV_i2c_WriteMBMode
 .text.ST25DV_i2c_WriteMBWDG
                0x0000000008001142       0x18 Drivers/ST25DV/st25dv.o
                0x0000000008001142                ST25DV_i2c_WriteMBWDG
 .text.ST25DV_i2c_ReadDataCurrentAddr
                0x000000000800115a        0xc Drivers/ST25DV/st25dv.o
                0x000000000800115a                ST25DV_i2c_ReadDataCurrentAddr
 *fill*         0x0000000008001166        0x2 
 .text.ST25DV_i2c_ReadMailboxData
                0x0000000008001168       0x24 Drivers/ST25DV/st25dv.o
                0x0000000008001168                ST25DV_i2c_ReadMailboxData
 .text.ST25DV_i2c_ReadMailboxRegister.part.1
                0x000000000800118c        0xe Drivers/ST25DV/st25dv.o
 *fill*         0x000000000800119a        0x2 
 .text.ST25DV_i2c_ReadMailboxRegister
                0x000000000800119c       0x1c Drivers/ST25DV/st25dv.o
                0x000000000800119c                ST25DV_i2c_ReadMailboxRegister
 .text.ST25DV_i2c_ReadI2CSecuritySession_Dyn
                0x00000000080011b8       0x2c Drivers/ST25DV/st25dv.o
                0x00000000080011b8                ST25DV_i2c_ReadI2CSecuritySession_Dyn
 .text.ST25DV_i2c_ReadITSTStatus_Dyn
                0x00000000080011e4       0x10 Drivers/ST25DV/st25dv.o
                0x00000000080011e4                ST25DV_i2c_ReadITSTStatus_Dyn
 .text.ST25DV_i2c_ReadEHCtrl_Dyn
                0x00000000080011f4       0x4c Drivers/ST25DV/st25dv.o
                0x00000000080011f4                ST25DV_i2c_ReadEHCtrl_Dyn
 .text.ST25DV_i2c_GetEHENMode_Dyn
                0x0000000008001240       0x2c Drivers/ST25DV/st25dv.o
                0x0000000008001240                ST25DV_i2c_GetEHENMode_Dyn
 .text.ST25DV_i2c_GetEHON_Dyn
                0x000000000800126c       0x30 Drivers/ST25DV/st25dv.o
                0x000000000800126c                ST25DV_i2c_GetEHON_Dyn
 .text.ST25DV_i2c_GetRFField_Dyn
                0x000000000800129c       0x30 Drivers/ST25DV/st25dv.o
                0x000000000800129c                ST25DV_i2c_GetRFField_Dyn
 .text.ST25DV_i2c_GetVCC_Dyn
                0x00000000080012cc       0x30 Drivers/ST25DV/st25dv.o
                0x00000000080012cc                ST25DV_i2c_GetVCC_Dyn
 .text.ST25DV_i2c_ReadRFMngt_Dyn
                0x00000000080012fc       0x38 Drivers/ST25DV/st25dv.o
                0x00000000080012fc                ST25DV_i2c_ReadRFMngt_Dyn
 .text.ST25DV_i2c_GetRFSleep_Dyn
                0x0000000008001334       0x30 Drivers/ST25DV/st25dv.o
                0x0000000008001334                ST25DV_i2c_GetRFSleep_Dyn
 .text.ST25DV_i2c_GetRFDisable_Dyn
                0x0000000008001364        0x8 Drivers/ST25DV/st25dv.o
                0x0000000008001364                ST25DV_i2c_GetRFDisable_Dyn
 .text.ST25DV_i2c_ReadMBCtrl_Dyn
                0x000000000800136c       0x44 Drivers/ST25DV/st25dv.o
                0x000000000800136c                ST25DV_i2c_ReadMBCtrl_Dyn
 .text.ST25DV_i2c_GetMBEN_Dyn
                0x00000000080013b0       0x2c Drivers/ST25DV/st25dv.o
                0x00000000080013b0                ST25DV_i2c_GetMBEN_Dyn
 .text.ST25DV_i2c_ReadMBLength_Dyn
                0x00000000080013dc       0x10 Drivers/ST25DV/st25dv.o
                0x00000000080013dc                ST25DV_i2c_ReadMBLength_Dyn
 .text.ST25DV_i2c_CreateUserZone
                0x00000000080013ec       0xba Drivers/ST25DV/st25dv.o
                0x00000000080013ec                ST25DV_i2c_CreateUserZone
 *fill*         0x00000000080014a6        0x2 
 .text.ST25DV_i2c_WriteMailboxData
                0x00000000080014a8       0x1c Drivers/ST25DV/st25dv.o
                0x00000000080014a8                ST25DV_i2c_WriteMailboxData
 .text.ST25DV_i2c_WriteMailboxRegister.part.4
                0x00000000080014c4        0xe Drivers/ST25DV/st25dv.o
 *fill*         0x00000000080014d2        0x2 
 .text.ST25DV_i2c_WriteMailboxRegister
                0x00000000080014d4       0x20 Drivers/ST25DV/st25dv.o
                0x00000000080014d4                ST25DV_i2c_WriteMailboxRegister
 .text.ST25DV_i2c_SetEHENMode_Dyn
                0x00000000080014f4       0x2c Drivers/ST25DV/st25dv.o
                0x00000000080014f4                ST25DV_i2c_SetEHENMode_Dyn
 .text.ST25DV_i2c_ResetEHENMode_Dyn
                0x0000000008001520       0x2c Drivers/ST25DV/st25dv.o
                0x0000000008001520                ST25DV_i2c_ResetEHENMode_Dyn
 .text.ST25DV_i2c_WriteRFMngt_Dyn
                0x000000000800154c       0x18 Drivers/ST25DV/st25dv.o
                0x000000000800154c                ST25DV_i2c_WriteRFMngt_Dyn
 .text.ST25DV_i2c_SetRFDisable_Dyn
                0x0000000008001564       0x30 Drivers/ST25DV/st25dv.o
                0x0000000008001564                ST25DV_i2c_SetRFDisable_Dyn
 .text.ST25DV_i2c_ResetRFDisable_Dyn
                0x0000000008001594       0x30 Drivers/ST25DV/st25dv.o
                0x0000000008001594                ST25DV_i2c_ResetRFDisable_Dyn
 .text.ST25DV_i2c_SetRFSleep_Dyn
                0x00000000080015c4       0x30 Drivers/ST25DV/st25dv.o
                0x00000000080015c4                ST25DV_i2c_SetRFSleep_Dyn
 .text.ST25DV_i2c_ResetRFSleep_Dyn
                0x00000000080015f4       0x30 Drivers/ST25DV/st25dv.o
                0x00000000080015f4                ST25DV_i2c_ResetRFSleep_Dyn
 .text.ST25DV_i2c_SetMBEN_Dyn
                0x0000000008001624       0x18 Drivers/ST25DV/st25dv.o
                0x0000000008001624                ST25DV_i2c_SetMBEN_Dyn
 .text.ST25DV_i2c_ResetMBEN_Dyn
                0x000000000800163c       0x18 Drivers/ST25DV/st25dv.o
                0x000000000800163c                ST25DV_i2c_ResetMBEN_Dyn
 .text.ST25DV_i2c_GetRFSleep
                0x0000000008001654        0x4 Drivers/ST25DV/st25dv.o
                0x0000000008001654                ST25DV_i2c_GetRFSleep
 .text.ST25DV_i2c_ReadGPO_Dyn
                0x0000000008001658        0x4 Drivers/ST25DV/st25dv.o
                0x0000000008001658                ST25DV_i2c_ReadGPO_Dyn
 .text.ST25DV_i2c_GetRFDisable
                0x000000000800165c        0x4 Drivers/ST25DV/st25dv.o
                0x000000000800165c                ST25DV_i2c_GetRFDisable
 .text.ST25DV_i2c_SetGPO_en_Dyn
                0x0000000008001660        0x4 Drivers/ST25DV/st25dv.o
                0x0000000008001660                ST25DV_i2c_SetGPO_en_Dyn
 .text.HAL_InitTick
                0x0000000008001664       0x28 Drivers/STM32L0xx_HAL_Driver/Src/stm32l0xx_hal.o
                0x0000000008001664                HAL_InitTick
 .text.HAL_Init
                0x000000000800168c       0x20 Drivers/STM32L0xx_HAL_Driver/Src/stm32l0xx_hal.o
                0x000000000800168c                HAL_Init
 .text.HAL_IncTick
                0x00000000080016ac       0x10 Drivers/STM32L0xx_HAL_Driver/Src/stm32l0xx_hal.o
                0x00000000080016ac                HAL_IncTick
 .text.HAL_GetTick
                0x00000000080016bc        0xc Drivers/STM32L0xx_HAL_Driver/Src/stm32l0xx_hal.o
                0x00000000080016bc                HAL_GetTick
 .text.HAL_Delay
                0x00000000080016c8       0x18 Drivers/STM32L0xx_HAL_Driver/Src/stm32l0xx_hal.o
                0x00000000080016c8                HAL_Delay
 .text.ADC_DelayMicroSecond
                0x00000000080016e0       0x2c Drivers/STM32L0xx_HAL_Driver/Src/stm32l0xx_hal_adc.o
 .text.HAL_ADC_Init
                0x000000000800170c      0x1a8 Drivers/STM32L0xx_HAL_Driver/Src/stm32l0xx_hal_adc.o
                0x000000000800170c                HAL_ADC_Init
 .text.HAL_ADC_ConfigChannel
                0x00000000080018b4       0xa8 Drivers/STM32L0xx_HAL_Driver/Src/stm32l0xx_hal_adc.o
                0x00000000080018b4                HAL_ADC_ConfigChannel
 .text.HAL_NVIC_SetPriority
                0x000000000800195c       0x60 Drivers/STM32L0xx_HAL_Driver/Src/stm32l0xx_hal_cortex.o
                0x000000000800195c                HAL_NVIC_SetPriority
 .text.HAL_NVIC_EnableIRQ
                0x00000000080019bc       0x14 Drivers/STM32L0xx_HAL_Driver/Src/stm32l0xx_hal_cortex.o
                0x00000000080019bc                HAL_NVIC_EnableIRQ
 .text.HAL_NVIC_DisableIRQ
                0x00000000080019d0       0x14 Drivers/STM32L0xx_HAL_Driver/Src/stm32l0xx_hal_cortex.o
                0x00000000080019d0                HAL_NVIC_DisableIRQ
 .text.HAL_SYSTICK_Config
                0x00000000080019e4       0x34 Drivers/STM32L0xx_HAL_Driver/Src/stm32l0xx_hal_cortex.o
                0x00000000080019e4                HAL_SYSTICK_Config
 .text.HAL_SYSTICK_CLKSourceConfig
                0x0000000008001a18       0x1c Drivers/STM32L0xx_HAL_Driver/Src/stm32l0xx_hal_cortex.o
                0x0000000008001a18                HAL_SYSTICK_CLKSourceConfig
 .text.HAL_SYSTICK_Callback
                0x0000000008001a34        0x2 Drivers/STM32L0xx_HAL_Driver/Src/stm32l0xx_hal_cortex.o
                0x0000000008001a34                HAL_SYSTICK_Callback
 .text.HAL_SYSTICK_IRQHandler
                0x0000000008001a36        0x8 Drivers/STM32L0xx_HAL_Driver/Src/stm32l0xx_hal_cortex.o
                0x0000000008001a36                HAL_SYSTICK_IRQHandler
 *fill*         0x0000000008001a3e        0x2 
 .text.HAL_DMA_Init
                0x0000000008001a40      0x12c Drivers/STM32L0xx_HAL_Driver/Src/stm32l0xx_hal_dma.o
                0x0000000008001a40                HAL_DMA_Init
 .text.HAL_DMA_DeInit
                0x0000000008001b6c      0x1e0 Drivers/STM32L0xx_HAL_Driver/Src/stm32l0xx_hal_dma.o
                0x0000000008001b6c                HAL_DMA_DeInit
 .text.HAL_DMA_Start_IT
                0x0000000008001d4c       0x56 Drivers/STM32L0xx_HAL_Driver/Src/stm32l0xx_hal_dma.o
                0x0000000008001d4c                HAL_DMA_Start_IT
 *fill*         0x0000000008001da2        0x2 
 .text.HAL_DMA_Abort_IT
                0x0000000008001da4       0xa0 Drivers/STM32L0xx_HAL_Driver/Src/stm32l0xx_hal_dma.o
                0x0000000008001da4                HAL_DMA_Abort_IT
 .text.HAL_DMA_IRQHandler
                0x0000000008001e44      0x190 Drivers/STM32L0xx_HAL_Driver/Src/stm32l0xx_hal_dma.o
                0x0000000008001e44                HAL_DMA_IRQHandler
 .text.HAL_GPIO_Init
                0x0000000008001fd4      0x16c Drivers/STM32L0xx_HAL_Driver/Src/stm32l0xx_hal_gpio.o
                0x0000000008001fd4                HAL_GPIO_Init
 .text.HAL_GPIO_DeInit
                0x0000000008002140       0xf8 Drivers/STM32L0xx_HAL_Driver/Src/stm32l0xx_hal_gpio.o
                0x0000000008002140                HAL_GPIO_DeInit
 .text.HAL_GPIO_ReadPin
                0x0000000008002238        0xc Drivers/STM32L0xx_HAL_Driver/Src/stm32l0xx_hal_gpio.o
                0x0000000008002238                HAL_GPIO_ReadPin
 .text.HAL_GPIO_WritePin
                0x0000000008002244        0xc Drivers/STM32L0xx_HAL_Driver/Src/stm32l0xx_hal_gpio.o
                0x0000000008002244                HAL_GPIO_WritePin
 .text.HAL_GPIO_TogglePin
                0x0000000008002250        0x8 Drivers/STM32L0xx_HAL_Driver/Src/stm32l0xx_hal_gpio.o
                0x0000000008002250                HAL_GPIO_TogglePin
 .text.HAL_GPIO_EXTI_IRQHandler
                0x0000000008002258       0x18 Drivers/STM32L0xx_HAL_Driver/Src/stm32l0xx_hal_gpio.o
                0x0000000008002258                HAL_GPIO_EXTI_IRQHandler
 .text.I2C_Flush_TXDR
                0x0000000008002270       0x1c Drivers/STM32L0xx_HAL_Driver/Src/stm32l0xx_hal_i2c.o
 .text.I2C_TransferConfig
                0x000000000800228c       0x2c Drivers/STM32L0xx_HAL_Driver/Src/stm32l0xx_hal_i2c.o
 .text.I2C_Enable_IRQ
                0x00000000080022b8       0x6c Drivers/STM32L0xx_HAL_Driver/Src/stm32l0xx_hal_i2c.o
 .text.I2C_Disable_IRQ
                0x0000000008002324       0x60 Drivers/STM32L0xx_HAL_Driver/Src/stm32l0xx_hal_i2c.o
 .text.I2C_WaitOnFlagUntilTimeout
                0x0000000008002384       0x4c Drivers/STM32L0xx_HAL_Driver/Src/stm32l0xx_hal_i2c.o
 .text.I2C_DMAMasterReceiveCplt
                0x00000000080023d0       0x44 Drivers/STM32L0xx_HAL_Driver/Src/stm32l0xx_hal_i2c.o
 .text.I2C_IsAcknowledgeFailed
                0x0000000008002414       0x80 Drivers/STM32L0xx_HAL_Driver/Src/stm32l0xx_hal_i2c.o
 .text.I2C_WaitOnTXISFlagUntilTimeout
                0x0000000008002494       0x5a Drivers/STM32L0xx_HAL_Driver/Src/stm32l0xx_hal_i2c.o
 *fill*         0x00000000080024ee        0x2 
 .text.I2C_RequestMemoryWrite
                0x00000000080024f0       0x6c Drivers/STM32L0xx_HAL_Driver/Src/stm32l0xx_hal_i2c.o
 .text.I2C_RequestMemoryRead
                0x000000000800255c       0x68 Drivers/STM32L0xx_HAL_Driver/Src/stm32l0xx_hal_i2c.o
 .text.I2C_WaitOnRXNEFlagUntilTimeout
                0x00000000080025c4       0x78 Drivers/STM32L0xx_HAL_Driver/Src/stm32l0xx_hal_i2c.o
 .text.I2C_WaitOnSTOPFlagUntilTimeout
                0x000000000800263c       0x56 Drivers/STM32L0xx_HAL_Driver/Src/stm32l0xx_hal_i2c.o
 *fill*         0x0000000008002692        0x2 
 .text.HAL_I2C_Init
                0x0000000008002694       0xac Drivers/STM32L0xx_HAL_Driver/Src/stm32l0xx_hal_i2c.o
                0x0000000008002694                HAL_I2C_Init
 .text.HAL_I2C_DeInit
                0x0000000008002740       0x34 Drivers/STM32L0xx_HAL_Driver/Src/stm32l0xx_hal_i2c.o
                0x0000000008002740                HAL_I2C_DeInit
 .text.HAL_I2C_Master_Receive
                0x0000000008002774      0x134 Drivers/STM32L0xx_HAL_Driver/Src/stm32l0xx_hal_i2c.o
                0x0000000008002774                HAL_I2C_Master_Receive
 .text.HAL_I2C_Mem_Write
                0x00000000080028a8      0x174 Drivers/STM32L0xx_HAL_Driver/Src/stm32l0xx_hal_i2c.o
                0x00000000080028a8                HAL_I2C_Mem_Write
 .text.HAL_I2C_Mem_Read
                0x0000000008002a1c      0x180 Drivers/STM32L0xx_HAL_Driver/Src/stm32l0xx_hal_i2c.o
                0x0000000008002a1c                HAL_I2C_Mem_Read
 .text.HAL_I2C_Mem_Read_DMA
                0x0000000008002b9c      0x118 Drivers/STM32L0xx_HAL_Driver/Src/stm32l0xx_hal_i2c.o
                0x0000000008002b9c                HAL_I2C_Mem_Read_DMA
 .text.HAL_I2C_IsDeviceReady
                0x0000000008002cb4      0x12c Drivers/STM32L0xx_HAL_Driver/Src/stm32l0xx_hal_i2c.o
                0x0000000008002cb4                HAL_I2C_IsDeviceReady
 .text.HAL_I2C_EV_IRQHandler
                0x0000000008002de0       0x12 Drivers/STM32L0xx_HAL_Driver/Src/stm32l0xx_hal_i2c.o
                0x0000000008002de0                HAL_I2C_EV_IRQHandler
 .text.HAL_I2C_MasterTxCpltCallback
                0x0000000008002df2        0x2 Drivers/STM32L0xx_HAL_Driver/Src/stm32l0xx_hal_i2c.o
                0x0000000008002df2                HAL_I2C_MasterTxCpltCallback
 .text.HAL_I2C_MasterRxCpltCallback
                0x0000000008002df4        0x2 Drivers/STM32L0xx_HAL_Driver/Src/stm32l0xx_hal_i2c.o
                0x0000000008002df4                HAL_I2C_MasterRxCpltCallback
 .text.HAL_I2C_SlaveTxCpltCallback
                0x0000000008002df6        0x2 Drivers/STM32L0xx_HAL_Driver/Src/stm32l0xx_hal_i2c.o
                0x0000000008002df6                HAL_I2C_SlaveTxCpltCallback
 .text.HAL_I2C_SlaveRxCpltCallback
                0x0000000008002df8        0x2 Drivers/STM32L0xx_HAL_Driver/Src/stm32l0xx_hal_i2c.o
                0x0000000008002df8                HAL_I2C_SlaveRxCpltCallback
 .text.I2C_ITSlaveSequentialCplt
                0x0000000008002dfa       0x52 Drivers/STM32L0xx_HAL_Driver/Src/stm32l0xx_hal_i2c.o
 .text.HAL_I2C_AddrCallback
                0x0000000008002e4c        0x2 Drivers/STM32L0xx_HAL_Driver/Src/stm32l0xx_hal_i2c.o
                0x0000000008002e4c                HAL_I2C_AddrCallback
 .text.HAL_I2C_ListenCpltCallback
                0x0000000008002e4e        0x2 Drivers/STM32L0xx_HAL_Driver/Src/stm32l0xx_hal_i2c.o
                0x0000000008002e4e                HAL_I2C_ListenCpltCallback
 .text.I2C_ITListenCplt
                0x0000000008002e50       0x64 Drivers/STM32L0xx_HAL_Driver/Src/stm32l0xx_hal_i2c.o
 .text.HAL_I2C_MemTxCpltCallback
                0x0000000008002eb4        0x2 Drivers/STM32L0xx_HAL_Driver/Src/stm32l0xx_hal_i2c.o
                0x0000000008002eb4                HAL_I2C_MemTxCpltCallback
 .text.HAL_I2C_ErrorCallback
                0x0000000008002eb6        0x2 Drivers/STM32L0xx_HAL_Driver/Src/stm32l0xx_hal_i2c.o
                0x0000000008002eb6                HAL_I2C_ErrorCallback
 .text.HAL_I2C_AbortCpltCallback
                0x0000000008002eb8        0x2 Drivers/STM32L0xx_HAL_Driver/Src/stm32l0xx_hal_i2c.o
                0x0000000008002eb8                HAL_I2C_AbortCpltCallback
 *fill*         0x0000000008002eba        0x2 
 .text.I2C_ITError
                0x0000000008002ebc       0xe0 Drivers/STM32L0xx_HAL_Driver/Src/stm32l0xx_hal_i2c.o
 .text.I2C_ITSlaveCplt
                0x0000000008002f9c       0xf8 Drivers/STM32L0xx_HAL_Driver/Src/stm32l0xx_hal_i2c.o
 .text.I2C_Slave_ISR_IT
                0x0000000008003094      0x1d0 Drivers/STM32L0xx_HAL_Driver/Src/stm32l0xx_hal_i2c.o
 .text.I2C_Slave_ISR_DMA
                0x0000000008003264       0x72 Drivers/STM32L0xx_HAL_Driver/Src/stm32l0xx_hal_i2c.o
 *fill*         0x00000000080032d6        0x2 
 .text.I2C_ITMasterCplt
                0x00000000080032d8       0xb4 Drivers/STM32L0xx_HAL_Driver/Src/stm32l0xx_hal_i2c.o
 .text.I2C_Master_ISR_DMA
                0x000000000800338c       0xc6 Drivers/STM32L0xx_HAL_Driver/Src/stm32l0xx_hal_i2c.o
 .text.I2C_DMAError
                0x0000000008003452       0x18 Drivers/STM32L0xx_HAL_Driver/Src/stm32l0xx_hal_i2c.o
 .text.HAL_I2C_ER_IRQHandler
                0x000000000800346a       0x5a Drivers/STM32L0xx_HAL_Driver/Src/stm32l0xx_hal_i2c.o
                0x000000000800346a                HAL_I2C_ER_IRQHandler
 .text.I2C_DMAAbort
                0x00000000080034c4       0x34 Drivers/STM32L0xx_HAL_Driver/Src/stm32l0xx_hal_i2c.o
 .text.HAL_I2C_GetState
                0x00000000080034f8        0x8 Drivers/STM32L0xx_HAL_Driver/Src/stm32l0xx_hal_i2c.o
                0x00000000080034f8                HAL_I2C_GetState
 .text.HAL_I2CEx_ConfigAnalogFilter
                0x0000000008003500       0x4c Drivers/STM32L0xx_HAL_Driver/Src/stm32l0xx_hal_i2c_ex.o
                0x0000000008003500                HAL_I2CEx_ConfigAnalogFilter
 .text.HAL_I2CEx_ConfigDigitalFilter
                0x000000000800354c       0x48 Drivers/STM32L0xx_HAL_Driver/Src/stm32l0xx_hal_i2c_ex.o
                0x000000000800354c                HAL_I2CEx_ConfigDigitalFilter
 .text.HAL_I2CEx_EnableFastModePlus
                0x0000000008003594       0x1c Drivers/STM32L0xx_HAL_Driver/Src/stm32l0xx_hal_i2c_ex.o
                0x0000000008003594                HAL_I2CEx_EnableFastModePlus
 .text.HAL_IWDG_Init
                0x00000000080035b0       0x58 Drivers/STM32L0xx_HAL_Driver/Src/stm32l0xx_hal_iwdg.o
                0x00000000080035b0                HAL_IWDG_Init
 .text.HAL_IWDG_Refresh
                0x0000000008003608       0x10 Drivers/STM32L0xx_HAL_Driver/Src/stm32l0xx_hal_iwdg.o
                0x0000000008003608                HAL_IWDG_Refresh
 .text.HAL_LPTIM_Init
                0x0000000008003618       0x88 Drivers/STM32L0xx_HAL_Driver/Src/stm32l0xx_hal_lptim.o
                0x0000000008003618                HAL_LPTIM_Init
 .text.HAL_LPTIM_TimeOut_Start_IT
                0x00000000080036a0       0x4c Drivers/STM32L0xx_HAL_Driver/Src/stm32l0xx_hal_lptim.o
                0x00000000080036a0                HAL_LPTIM_TimeOut_Start_IT
 .text.HAL_LPTIM_CompareMatchCallback
                0x00000000080036ec        0x2 Drivers/STM32L0xx_HAL_Driver/Src/stm32l0xx_hal_lptim.o
                0x00000000080036ec                HAL_LPTIM_CompareMatchCallback
 .text.HAL_LPTIM_AutoReloadMatchCallback
                0x00000000080036ee        0x2 Drivers/STM32L0xx_HAL_Driver/Src/stm32l0xx_hal_lptim.o
                0x00000000080036ee                HAL_LPTIM_AutoReloadMatchCallback
 .text.HAL_LPTIM_TriggerCallback
                0x00000000080036f0        0x2 Drivers/STM32L0xx_HAL_Driver/Src/stm32l0xx_hal_lptim.o
                0x00000000080036f0                HAL_LPTIM_TriggerCallback
 .text.HAL_LPTIM_CompareWriteCallback
                0x00000000080036f2        0x2 Drivers/STM32L0xx_HAL_Driver/Src/stm32l0xx_hal_lptim.o
                0x00000000080036f2                HAL_LPTIM_CompareWriteCallback
 .text.HAL_LPTIM_AutoReloadWriteCallback
                0x00000000080036f4        0x2 Drivers/STM32L0xx_HAL_Driver/Src/stm32l0xx_hal_lptim.o
                0x00000000080036f4                HAL_LPTIM_AutoReloadWriteCallback
 .text.HAL_LPTIM_DirectionUpCallback
                0x00000000080036f6        0x2 Drivers/STM32L0xx_HAL_Driver/Src/stm32l0xx_hal_lptim.o
                0x00000000080036f6                HAL_LPTIM_DirectionUpCallback
 .text.HAL_LPTIM_DirectionDownCallback
                0x00000000080036f8        0x2 Drivers/STM32L0xx_HAL_Driver/Src/stm32l0xx_hal_lptim.o
                0x00000000080036f8                HAL_LPTIM_DirectionDownCallback
 *fill*         0x00000000080036fa        0x2 
 .text.HAL_LPTIM_IRQHandler
                0x00000000080036fc       0xb8 Drivers/STM32L0xx_HAL_Driver/Src/stm32l0xx_hal_lptim.o
                0x00000000080036fc                HAL_LPTIM_IRQHandler
 .text.RCC_SetFlashLatencyFromMSIRange
                0x00000000080037b4       0x74 Drivers/STM32L0xx_HAL_Driver/Src/stm32l0xx_hal_rcc.o
 .text.HAL_RCC_OscConfig
                0x0000000008003828      0x464 Drivers/STM32L0xx_HAL_Driver/Src/stm32l0xx_hal_rcc.o
                0x0000000008003828                HAL_RCC_OscConfig
 .text.HAL_RCC_GetSysClockFreq
                0x0000000008003c8c       0x78 Drivers/STM32L0xx_HAL_Driver/Src/stm32l0xx_hal_rcc.o
                0x0000000008003c8c                HAL_RCC_GetSysClockFreq
 .text.HAL_RCC_ClockConfig
                0x0000000008003d04      0x170 Drivers/STM32L0xx_HAL_Driver/Src/stm32l0xx_hal_rcc.o
                0x0000000008003d04                HAL_RCC_ClockConfig
 .text.HAL_RCC_GetHCLKFreq
                0x0000000008003e74        0xc Drivers/STM32L0xx_HAL_Driver/Src/stm32l0xx_hal_rcc.o
                0x0000000008003e74                HAL_RCC_GetHCLKFreq
 .text.HAL_RCCEx_PeriphCLKConfig
                0x0000000008003e80      0x184 Drivers/STM32L0xx_HAL_Driver/Src/stm32l0xx_hal_rcc_ex.o
                0x0000000008003e80                HAL_RCCEx_PeriphCLKConfig
 .text.HAL_RTC_WaitForSynchro
                0x0000000008004004       0x34 Drivers/STM32L0xx_HAL_Driver/Src/stm32l0xx_hal_rtc.o
                0x0000000008004004                HAL_RTC_WaitForSynchro
 .text.RTC_EnterInitMode
                0x0000000008004038       0x38 Drivers/STM32L0xx_HAL_Driver/Src/stm32l0xx_hal_rtc.o
                0x0000000008004038                RTC_EnterInitMode
 .text.HAL_RTC_Init
                0x0000000008004070       0x94 Drivers/STM32L0xx_HAL_Driver/Src/stm32l0xx_hal_rtc.o
                0x0000000008004070                HAL_RTC_Init
 .text.RTC_ByteToBcd2
                0x0000000008004104       0x16 Drivers/STM32L0xx_HAL_Driver/Src/stm32l0xx_hal_rtc.o
                0x0000000008004104                RTC_ByteToBcd2
 *fill*         0x000000000800411a        0x2 
 .text.HAL_RTC_SetTime
                0x000000000800411c       0xfc Drivers/STM32L0xx_HAL_Driver/Src/stm32l0xx_hal_rtc.o
                0x000000000800411c                HAL_RTC_SetTime
 .text.HAL_RTC_SetDate
                0x0000000008004218       0xd8 Drivers/STM32L0xx_HAL_Driver/Src/stm32l0xx_hal_rtc.o
                0x0000000008004218                HAL_RTC_SetDate
 .text.RTC_Bcd2ToByte
                0x00000000080042f0       0x10 Drivers/STM32L0xx_HAL_Driver/Src/stm32l0xx_hal_rtc.o
                0x00000000080042f0                RTC_Bcd2ToByte
 .text.HAL_RTC_GetTime
                0x0000000008004300       0x54 Drivers/STM32L0xx_HAL_Driver/Src/stm32l0xx_hal_rtc.o
                0x0000000008004300                HAL_RTC_GetTime
 .text.HAL_RTC_GetDate
                0x0000000008004354       0x44 Drivers/STM32L0xx_HAL_Driver/Src/stm32l0xx_hal_rtc.o
                0x0000000008004354                HAL_RTC_GetDate
 .text.SPI_WaitOnFlagUntilTimeout
                0x0000000008004398       0x94 Drivers/STM32L0xx_HAL_Driver/Src/stm32l0xx_hal_spi.o
 .text.HAL_SPI_Init
                0x000000000800442c       0x80 Drivers/STM32L0xx_HAL_Driver/Src/stm32l0xx_hal_spi.o
                0x000000000800442c                HAL_SPI_Init
 .text.HAL_SPI_TransmitReceive
                0x00000000080044ac      0x2f0 Drivers/STM32L0xx_HAL_Driver/Src/stm32l0xx_hal_spi.o
                0x00000000080044ac                HAL_SPI_TransmitReceive
 .text.HAL_SPI_ErrorCallback
                0x000000000800479c        0x2 Drivers/STM32L0xx_HAL_Driver/Src/stm32l0xx_hal_spi.o
                0x000000000800479c                HAL_SPI_ErrorCallback
 .text.HAL_SPI_IRQHandler
                0x000000000800479e       0xb8 Drivers/STM32L0xx_HAL_Driver/Src/stm32l0xx_hal_spi.o
                0x000000000800479e                HAL_SPI_IRQHandler
 .text.wait_ms  0x0000000008004856        0x8 MBED/timing.o
                0x0000000008004856                wait_ms
 *fill*         0x000000000800485e        0x2 
 .text.wait     0x0000000008004860       0x18 MBED/timing.o
                0x0000000008004860                wait
 .text._ZN12McuSTM32L0719DoNothingEPv
                0x0000000008004878        0x2 McuApi/ClassSTM32L051.o
                0x0000000008004878                McuSTM32L071::DoNothing(void*)
 .text._ZN12McuSTM32L071C2E7PinNameS0_S0_
                0x000000000800487a        0x8 McuApi/ClassSTM32L051.o
                0x000000000800487a                McuSTM32L071::McuSTM32L071(PinName, PinName, PinName)
                0x000000000800487a                McuSTM32L071::McuSTM32L071(PinName, PinName, PinName)
 .text._ZN12McuSTM32L071D2Ev
                0x0000000008004882        0x2 McuApi/ClassSTM32L051.o
                0x0000000008004882                McuSTM32L071::~McuSTM32L071()
                0x0000000008004882                McuSTM32L071::~McuSTM32L071()
 .text._ZN12McuSTM32L0717InitMcuEv
                0x0000000008004884        0x2 McuApi/ClassSTM32L051.o
                0x0000000008004884                McuSTM32L071::InitMcu()
 .text._ZN12McuSTM32L0718Init_IrqE7PinName
                0x0000000008004886        0x2 McuApi/ClassSTM32L051.o
                0x0000000008004886                McuSTM32L071::Init_Irq(PinName)
 .text._ZN12McuSTM32L0718SpiWriteEi
                0x0000000008004888       0x48 McuApi/ClassSTM32L051.o
                0x0000000008004888                McuSTM32L071::SpiWrite(int)
 .text._ZN12McuSTM32L07114RestoreContextEPhmm
                0x00000000080048d0        0x4 McuApi/ClassSTM32L051.o
                0x00000000080048d0                McuSTM32L071::RestoreContext(unsigned char*, unsigned long, unsigned long)
 .text._ZN12McuSTM32L07112StoreContextEPKvmm
                0x00000000080048d4        0x4 McuApi/ClassSTM32L051.o
                0x00000000080048d4                McuSTM32L071::StoreContext(void const*, unsigned long, unsigned long)
 .text._ZN12McuSTM32L0717RtcInitEv
                0x00000000080048d8       0x54 McuApi/ClassSTM32L051.o
                0x00000000080048d8                McuSTM32L071::RtcInit()
 .text._ZN12McuSTM32L07112RtcGetTimeMsEv
                0x000000000800492c       0x6c McuApi/ClassSTM32L051.o
                0x000000000800492c                McuSTM32L071::RtcGetTimeMs()
 .text._ZN12McuSTM32L07116RtcGetTimeSecondEv
                0x0000000008004998       0x50 McuApi/ClassSTM32L051.o
                0x0000000008004998                McuSTM32L071::RtcGetTimeSecond()
 .text._ZN12McuSTM32L07115GotoSleepSecondEi
                0x00000000080049e8       0x34 McuApi/ClassSTM32L051.o
                0x00000000080049e8                McuSTM32L071::GotoSleepSecond(int)
 .text._ZN12McuSTM32L07116GotoSleepMSecondEi
                0x0000000008004a1c        0xa McuApi/ClassSTM32L051.o
                0x0000000008004a1c                McuSTM32L071::GotoSleepMSecond(int)
 *fill*         0x0000000008004a26        0x2 
 .text._ZN12McuSTM32L07115WatchDogReleaseEv
                0x0000000008004a28       0x10 McuApi/ClassSTM32L051.o
                0x0000000008004a28                McuSTM32L071::WatchDogRelease()
 .text._ZN12McuSTM32L07121LowPowerTimerLoRaInitEv
                0x0000000008004a38       0x10 McuApi/ClassSTM32L051.o
                0x0000000008004a38                McuSTM32L071::LowPowerTimerLoRaInit()
 .text._ZN12McuSTM32L07117StartTimerMsecondEPFvPvES0_i
                0x0000000008004a48       0x24 McuApi/ClassSTM32L051.o
                0x0000000008004a48                McuSTM32L071::StartTimerMsecond(void (*)(void*), void*, int)
 .text._ZN12McuSTM32L07116ReslovePortForPinE7PinName
                0x0000000008004a6c       0x14 McuApi/ClassSTM32L051.o
                0x0000000008004a6c                McuSTM32L071::ReslovePortForPin(PinName)
 .text._ZN12McuSTM32L07121SetValueDigitalOutPinE7PinNamei
                0x0000000008004a80       0x14 McuApi/ClassSTM32L051.o
                0x0000000008004a80                McuSTM32L071::SetValueDigitalOutPin(PinName, int)
 .text._ZN12McuSTM32L07120GetValueDigitalInPinE7PinName
                0x0000000008004a94       0x10 McuApi/ClassSTM32L051.o
                0x0000000008004a94                McuSTM32L071::GetValueDigitalInPin(PinName)
 .text._ZN12McuSTM32L07117AttachInterruptInEPFvPvES0_
                0x0000000008004aa4        0xa McuApi/ClassSTM32L051.o
                0x0000000008004aa4                McuSTM32L071::AttachInterruptIn(void (*)(void*), void*)
 *fill*         0x0000000008004aae        0x2 
 .text._Z17LoRaMacComputeMicPKhtS0_mhmPm
                0x0000000008004ab0       0x84 MinimouseSrc/LoRaMacCryptoMiniMouse.o
                0x0000000008004ab0                LoRaMacComputeMic(unsigned char const*, unsigned short, unsigned char const*, unsigned long, unsigned char, unsigned long, unsigned long*)
 .text._Z21LoRaMacPayloadEncryptPKhtS0_mhmPh
                0x0000000008004b34       0xc8 MinimouseSrc/LoRaMacCryptoMiniMouse.o
                0x0000000008004b34                LoRaMacPayloadEncrypt(unsigned char const*, unsigned short, unsigned char const*, unsigned long, unsigned char, unsigned long, unsigned char*)
 .text._Z21LoRaMacPayloadDecryptPKhtS0_mhmPh
                0x0000000008004bfc       0x1a MinimouseSrc/LoRaMacCryptoMiniMouse.o
                0x0000000008004bfc                LoRaMacPayloadDecrypt(unsigned char const*, unsigned short, unsigned char const*, unsigned long, unsigned char, unsigned long, unsigned char*)
 *fill*         0x0000000008004c16        0x2 
 .text._Z21LoRaMacJoinComputeMicPKhtS0_Pm
                0x0000000008004c18       0x50 MinimouseSrc/LoRaMacCryptoMiniMouse.o
                0x0000000008004c18                LoRaMacJoinComputeMic(unsigned char const*, unsigned short, unsigned char const*, unsigned long*)
 .text._Z18LoRaMacJoinDecryptPKhtS0_Ph
                0x0000000008004c68       0x44 MinimouseSrc/LoRaMacCryptoMiniMouse.o
                0x0000000008004c68                LoRaMacJoinDecrypt(unsigned char const*, unsigned short, unsigned char const*, unsigned char*)
 .text._Z23LoRaMacJoinComputeSKeysPKhS0_tPhS1_
                0x0000000008004cac       0x98 MinimouseSrc/LoRaMacCryptoMiniMouse.o
                0x0000000008004cac                LoRaMacJoinComputeSKeys(unsigned char const*, unsigned char const*, unsigned short, unsigned char*, unsigned char*)
 .text._Z23LoRaMacComputeAndAddMicPhtPKhmhm
                0x0000000008004d44       0x2c MinimouseSrc/LoRaMacCryptoMiniMouse.o
                0x0000000008004d44                LoRaMacComputeAndAddMic(unsigned char*, unsigned short, unsigned char const*, unsigned long, unsigned char, unsigned long)
 .text._Z15LoRaMacCheckMicPhtPKhmmm
                0x0000000008004d70       0x24 MinimouseSrc/LoRaMacCryptoMiniMouse.o
                0x0000000008004d70                LoRaMacCheckMic(unsigned char*, unsigned short, unsigned char const*, unsigned long, unsigned long, unsigned long)
 .text._Z19LoRaMacCheckJoinMicPKhtS0_m
                0x0000000008004d94       0x16 MinimouseSrc/LoRaMacCryptoMiniMouse.o
                0x0000000008004d94                LoRaMacCheckJoinMic(unsigned char const*, unsigned short, unsigned char const*, unsigned long)
 *fill*         0x0000000008004daa        0x2 
 .text._ZN13LoraWanObjectI13LoraRegionsEU6SX126xEC2E12sLoRaWanKeysPS1_m
                0x0000000008004dac       0x64 MinimouseSrc/LoraWanProcess.o
                0x0000000008004dac                LoraWanObject<LoraRegionsEU, SX126x>::LoraWanObject(sLoRaWanKeys, SX126x*, unsigned long)
                0x0000000008004dac                LoraWanObject<LoraRegionsEU, SX126x>::LoraWanObject(sLoRaWanKeys, SX126x*, unsigned long)
 .text._ZN13LoraWanObjectI13LoraRegionsEU6SX126xE14ReceivePayloadEPhS3_S3_
                0x0000000008004e10       0x3c MinimouseSrc/LoraWanProcess.o
                0x0000000008004e10                LoraWanObject<LoraRegionsEU, SX126x>::ReceivePayload(unsigned char*, unsigned char*, unsigned char*)
 .text._ZN13LoraWanObjectI13LoraRegionsEU6SX126xE4JoinEv
                0x0000000008004e4c       0x78 MinimouseSrc/LoraWanProcess.o
                0x0000000008004e4c                LoraWanObject<LoraRegionsEU, SX126x>::Join()
 .text._ZN13LoraWanObjectI13LoraRegionsEU6SX126xE8IsJoinedEv
                0x0000000008004ec4        0xc MinimouseSrc/LoraWanProcess.o
                0x0000000008004ec4                LoraWanObject<LoraRegionsEU, SX126x>::IsJoined()
 .text._ZN13LoraWanObjectI13LoraRegionsEU6SX126xE19SetDataRateStrategyE17eDataRateStrategy
                0x0000000008004ed0       0x10 MinimouseSrc/LoraWanProcess.o
                0x0000000008004ed0                LoraWanObject<LoraRegionsEU, SX126x>::SetDataRateStrategy(eDataRateStrategy)
 .text._ZN13LoraWanObjectI13LoraRegionsEU6SX126xE14RestoreContextEv
                0x0000000008004ee0        0x8 MinimouseSrc/LoraWanProcess.o
                0x0000000008004ee0                LoraWanObject<LoraRegionsEU, SX126x>::RestoreContext()
 .text._ZN13LoraWanObjectI13LoraRegionsEU6SX126xE12GetNbOfResetEv
                0x0000000008004ee8        0x4 MinimouseSrc/LoraWanProcess.o
                0x0000000008004ee8                LoraWanObject<LoraRegionsEU, SX126x>::GetNbOfReset()
 .text._ZN13LoraWanObjectI13LoraRegionsEU6SX126xE15CopyUserPayloadEPKhh
                0x0000000008004eec       0x18 MinimouseSrc/LoraWanProcess.o
                0x0000000008004eec                LoraWanObject<LoraRegionsEU, SX126x>::CopyUserPayload(unsigned char const*, unsigned char)
 .text._ZN13LoraWanObjectI13LoraRegionsEU6SX126xE10RadioResetEv
                0x0000000008004f04       0x10 MinimouseSrc/LoraWanProcess.o
                0x0000000008004f04                LoraWanObject<LoraRegionsEU, SX126x>::RadioReset()
 .text._ZN13LoraWanObjectI13LoraRegionsEU6SX126xE11SendPayloadEhPKhhh
                0x0000000008004f14       0xa0 MinimouseSrc/LoraWanProcess.o
                0x0000000008004f14                LoraWanObject<LoraRegionsEU, SX126x>::SendPayload(unsigned char, unsigned char const*, unsigned char, unsigned char)
 .text._ZN13LoraWanObjectI13LoraRegionsEU6SX126xE14LoraWanProcessEPh
                0x0000000008004fb4      0x278 MinimouseSrc/LoraWanProcess.o
                0x0000000008004fb4                LoraWanObject<LoraRegionsEU, SX126x>::LoraWanProcess(unsigned char*)
 .text._ZN16LoraWanContainerILi16E6SX126xE19CallbackIsrTimerRx1EPv
                0x000000000800522c        0x8 MinimouseSrc/MacLayer.o
                0x000000000800522c                LoraWanContainer<16, SX126x>::CallbackIsrTimerRx1(void*)
 .text._ZN16LoraWanContainerILi16E6SX126xE19CallbackIsrTimerRx2EPv
                0x0000000008005234        0x8 MinimouseSrc/MacLayer.o
                0x0000000008005234                LoraWanContainer<16, SX126x>::CallbackIsrTimerRx2(void*)
 .text._ZN16LoraWanContainerILi16E6SX126xEC2E12sLoRaWanKeysPS0_m
                0x000000000800523c       0xe4 MinimouseSrc/MacLayer.o
                0x000000000800523c                LoraWanContainer<16, SX126x>::LoraWanContainer(sLoRaWanKeys, SX126x*, unsigned long)
                0x000000000800523c                LoraWanContainer<16, SX126x>::LoraWanContainer(sLoRaWanKeys, SX126x*, unsigned long)
 .text._ZN16LoraWanContainerILi16E6SX126xE14EncryptTxFrameEv
                0x0000000008005320       0x6c MinimouseSrc/MacLayer.o
                0x0000000008005320                LoraWanContainer<16, SX126x>::EncryptTxFrame()
 .text._ZN16LoraWanContainerILi16E6SX126xE21ConfigureRadioAndSendEv
                0x000000000800538c       0x60 MinimouseSrc/MacLayer.o
                0x000000000800538c                LoraWanContainer<16, SX126x>::ConfigureRadioAndSend()
 .text._ZN16LoraWanContainerILi16E6SX126xE20ConfigureRadioForRx1Ev
                0x00000000080053ec       0x3c MinimouseSrc/MacLayer.o
                0x00000000080053ec                LoraWanContainer<16, SX126x>::ConfigureRadioForRx1()
 .text._ZN16LoraWanContainerILi16E6SX126xE20ConfigureRadioForRx2Ev
                0x0000000008005428       0x38 MinimouseSrc/MacLayer.o
                0x0000000008005428                LoraWanContainer<16, SX126x>::ConfigureRadioForRx2()
 .text._ZN16LoraWanContainerILi16E6SX126xE11SaveInFlashEv
                0x0000000008005460      0x148 MinimouseSrc/MacLayer.o
                0x0000000008005460                LoraWanContainer<16, SX126x>::SaveInFlash()
 .text._ZN16LoraWanContainerILi16E6SX126xE19UpdateJoinProcedureEv
                0x00000000080055a8      0x110 MinimouseSrc/MacLayer.o
                0x00000000080055a8                LoraWanContainer<16, SX126x>::UpdateJoinProcedure()
 .text._ZN16LoraWanContainerILi16E6SX126xE13LoadFromFlashEv
                0x00000000080056b8      0x2fc MinimouseSrc/MacLayer.o
                0x00000000080056b8                LoraWanContainer<16, SX126x>::LoadFromFlash()
 .text._ZN16LoraWanContainerILi16E6SX126xE18FindEnabledChannelEh
                0x00000000080059b4       0x26 MinimouseSrc/MacLayer.o
                0x00000000080059b4                LoraWanContainer<16, SX126x>::FindEnabledChannel(unsigned char)
 .text._ZN16LoraWanContainerILi16E6SX126xE12SetMacHeaderEv
                0x00000000080059da       0x18 MinimouseSrc/MacLayer.o
                0x00000000080059da                LoraWanContainer<16, SX126x>::SetMacHeader()
 *fill*         0x00000000080059f2        0x2 
 .text._ZN16LoraWanContainerILi16E6SX126xE18BuildJoinLoraFrameEv
                0x00000000080059f4       0x88 MinimouseSrc/MacLayer.o
                0x00000000080059f4                LoraWanContainer<16, SX126x>::BuildJoinLoraFrame()
 .text._ZN16LoraWanContainerILi16E6SX126xE14SetFrameHeaderEv
                0x0000000008005a7c       0x8c MinimouseSrc/MacLayer.o
                0x0000000008005a7c                LoraWanContainer<16, SX126x>::SetFrameHeader()
 .text._ZN16LoraWanContainerILi16E6SX126xE16BuildTxLoraFrameEv
                0x0000000008005b08       0x78 MinimouseSrc/MacLayer.o
                0x0000000008005b08                LoraWanContainer<16, SX126x>::BuildTxLoraFrame()
 .text._ZN16LoraWanContainerILi16E6SX126xE14UpdateMacLayerEv
                0x0000000008005b80      0x17c MinimouseSrc/MacLayer.o
                0x0000000008005b80                LoraWanContainer<16, SX126x>::UpdateMacLayer()
 .text._ZN16LoraWanContainerILi16E6SX126xE13ExtractRxMhdrEv
                0x0000000008005cfc       0x50 MinimouseSrc/MacLayer.o
                0x0000000008005cfc                LoraWanContainer<16, SX126x>::ExtractRxMhdr()
 .text._ZN16LoraWanContainerILi16E6SX126xE20CheckRxPayloadLengthEv
                0x0000000008005d4c       0x20 MinimouseSrc/MacLayer.o
                0x0000000008005d4c                LoraWanContainer<16, SX126x>::CheckRxPayloadLength()
 .text._ZN16LoraWanContainerILi16E6SX126xE13ExtractRxFhdrEPt
                0x0000000008005d6c       0xd0 MinimouseSrc/MacLayer.o
                0x0000000008005d6c                LoraWanContainer<16, SX126x>::ExtractRxFhdr(unsigned short*)
 .text._ZN16LoraWanContainerILi16E6SX126xE13AcceptFcntDwnEt
                0x0000000008005e3c       0x4c MinimouseSrc/MacLayer.o
                0x0000000008005e3c                LoraWanContainer<16, SX126x>::AcceptFcntDwn(unsigned short)
 .text._ZN16LoraWanContainerILi16E6SX126xE13DecodeRxFrameEv
                0x0000000008005e88      0x20c MinimouseSrc/MacLayer.o
                0x0000000008005e88                LoraWanContainer<16, SX126x>::DecodeRxFrame()
 .text._ZN16LoraWanContainerILi16E6SX126xE8SetAlarmEm10eRxWinType
                0x0000000008006094       0x28 MinimouseSrc/MacLayer.o
                0x0000000008006094                LoraWanContainer<16, SX126x>::SetAlarm(unsigned long, eRxWinType)
 .text._ZN16LoraWanContainerILi16E6SX126xE15LinkCheckParserEv
                0x00000000080060bc       0x34 MinimouseSrc/MacLayer.o
                0x00000000080060bc                LoraWanContainer<16, SX126x>::LinkCheckParser()
 .text._ZN16LoraWanContainerILi16E6SX126xE13LinkADRParserEh
                0x00000000080060f0      0x1cc MinimouseSrc/MacLayer.o
                0x00000000080060f0                LoraWanContainer<16, SX126x>::LinkADRParser(unsigned char)
 .text._ZN16LoraWanContainerILi16E6SX126xE15DutyCycleParserEv
                0x00000000080062bc       0x40 MinimouseSrc/MacLayer.o
                0x00000000080062bc                LoraWanContainer<16, SX126x>::DutyCycleParser()
 .text._ZN16LoraWanContainerILi16E6SX126xE18RXParamSetupParserEv
                0x00000000080062fc      0x160 MinimouseSrc/MacLayer.o
                0x00000000080062fc                LoraWanContainer<16, SX126x>::RXParamSetupParser()
 .text._ZN16LoraWanContainerILi16E6SX126xE15DevStatusParserEv
                0x000000000800645c       0x44 MinimouseSrc/MacLayer.o
                0x000000000800645c                LoraWanContainer<16, SX126x>::DevStatusParser()
 .text._ZN16LoraWanContainerILi16E6SX126xE16NewChannelParserEv
                0x00000000080064a0      0x1c4 MinimouseSrc/MacLayer.o
                0x00000000080064a0                LoraWanContainer<16, SX126x>::NewChannelParser()
 .text._ZN16LoraWanContainerILi16E6SX126xE19RXTimingSetupParserEv
                0x0000000008006664       0x60 MinimouseSrc/MacLayer.o
                0x0000000008006664                LoraWanContainer<16, SX126x>::RXTimingSetupParser()
 .text._ZN16LoraWanContainerILi16E6SX126xE16DicChannelParserEv
                0x00000000080066c4      0x104 MinimouseSrc/MacLayer.o
                0x00000000080066c4                LoraWanContainer<16, SX126x>::DicChannelParser()
 .text._ZN16LoraWanContainerILi16E6SX126xE21ParseManagementPacketEv
                0x00000000080067c8       0xdc MinimouseSrc/MacLayer.o
                0x00000000080067c8                LoraWanContainer<16, SX126x>::ParseManagementPacket()
 .text._ZN16LoraWanContainerILi16E6SX126xE25ComputeRxWindowParametersEh10eBandWidthmmh
                0x00000000080068a4       0xf8 MinimouseSrc/MacLayer.o
                0x00000000080068a4                LoraWanContainer<16, SX126x>::ComputeRxWindowParameters(unsigned char, eBandWidth, unsigned long, unsigned long, unsigned char)
 .text._ZN16LoraWanContainerILi16E6SX126xE19ConfigureTimerForRxE10eRxWinType
                0x000000000800699c      0x154 MinimouseSrc/MacLayer.o
                0x000000000800699c                LoraWanContainer<16, SX126x>::ConfigureTimerForRx(eRxWinType)
 .text._ZL9xor_blockPvPKv
                0x0000000008006af0       0x82 MinimouseSrc/MiniMouseAes.o
 .text._ZL12copy_and_keyPvPKvS1_
                0x0000000008006b72       0x84 MinimouseSrc/MiniMouseAes.o
 *fill*         0x0000000008006bf6        0x2 
 .text._Z11aes_set_keyPKhhP11aes_context
                0x0000000008006bf8      0x10c MinimouseSrc/MiniMouseAes.o
                0x0000000008006bf8                aes_set_key(unsigned char const*, unsigned char, aes_context*)
 .text._Z11aes_encryptPKhPhPK11aes_context
                0x0000000008006d04      0x288 MinimouseSrc/MiniMouseAes.o
                0x0000000008006d04                aes_encrypt(unsigned char const*, unsigned char*, aes_context const*)
 .text._Z13AES_CMAC_InitP13_AES_CMAC_CTX
                0x0000000008006f8c       0x20 MinimouseSrc/MiniMouseCmac.o
                0x0000000008006f8c                AES_CMAC_Init(_AES_CMAC_CTX*)
 .text._Z15AES_CMAC_SetKeyP13_AES_CMAC_CTXPKh
                0x0000000008006fac        0xe MinimouseSrc/MiniMouseCmac.o
                0x0000000008006fac                AES_CMAC_SetKey(_AES_CMAC_CTX*, unsigned char const*)
 .text._Z15AES_CMAC_UpdateP13_AES_CMAC_CTXPKhm
                0x0000000008006fba       0xba MinimouseSrc/MiniMouseCmac.o
                0x0000000008006fba                AES_CMAC_Update(_AES_CMAC_CTX*, unsigned char const*, unsigned long)
 .text._Z14AES_CMAC_FinalPhP13_AES_CMAC_CTX
                0x0000000008007074      0x156 MinimouseSrc/MiniMouseCmac.o
                0x0000000008007074                AES_CMAC_Final(unsigned char*, _AES_CMAC_CTX*)
 .text._ZN14RadioContainerI6SX126xE16CallbackIsrRadioEPv
                0x00000000080071ca        0x8 MinimouseSrc/PhyLayer.o
                0x00000000080071ca                RadioContainer<SX126x>::CallbackIsrRadio(void*)
 *fill*         0x00000000080071d2        0x2 
 .text._ZN14RadioContainerI6SX126xEC2EPS0_
                0x00000000080071d4       0x2c MinimouseSrc/PhyLayer.o
                0x00000000080071d4                RadioContainer<SX126x>::RadioContainer(SX126x*)
                0x00000000080071d4                RadioContainer<SX126x>::RadioContainer(SX126x*)
 .text._ZN14RadioContainerI6SX126xE4SendE15eModulationTypemhh10eBandWidtht
                0x0000000008007200       0xa0 MinimouseSrc/PhyLayer.o
                0x0000000008007200                RadioContainer<SX126x>::Send(eModulationType, unsigned long, unsigned char, unsigned char, eBandWidth, unsigned short)
 .text._ZN14RadioContainerI6SX126xE9AttachIsrEv
                0x00000000080072a0       0x18 MinimouseSrc/PhyLayer.o
                0x00000000080072a0                RadioContainer<SX126x>::AttachIsr()
 .text._ZN14RadioContainerI6SX126xE9DetachIsrEv
                0x00000000080072b8        0x2 MinimouseSrc/PhyLayer.o
                0x00000000080072b8                RadioContainer<SX126x>::DetachIsr()
 .text._ZN14RadioContainerI6SX126xE13GetRadioStateEv
                0x00000000080072ba        0x8 MinimouseSrc/PhyLayer.o
                0x00000000080072ba                RadioContainer<SX126x>::GetRadioState()
 *fill*         0x00000000080072c2        0x2 
 .text._ZN14RadioContainerI6SX126xE11SetRxConfigE15eModulationTypemh10eBandWidthm
                0x00000000080072c4       0x58 MinimouseSrc/PhyLayer.o
                0x00000000080072c4                RadioContainer<SX126x>::SetRxConfig(eModulationType, unsigned long, unsigned char, eBandWidth, unsigned long)
 .text._ZN14RadioContainerI6SX126xE24DumpRxPayloadAndMetadataEv
                0x000000000800731c       0xac MinimouseSrc/PhyLayer.o
                0x000000000800731c                RadioContainer<SX126x>::DumpRxPayloadAndMetadata()
 .text._ZN14RadioContainerI6SX126xE8IsrRadioEv
                0x00000000080073c8       0xe4 MinimouseSrc/RadioIsrRoutine.o
                0x00000000080073c8                RadioContainer<SX126x>::IsrRadio()
 .text._ZN13LoraRegionsEUI6SX126xE21RegionInitChannelMaskEv
                0x00000000080074ac        0xa MinimouseSrc/Regions.o
                0x00000000080074ac                LoraRegionsEU<SX126x>::RegionInitChannelMask()
 .text._ZN13LoraRegionsEUI6SX126xE22RegionDecreaseDataRateEv
                0x00000000080074b6       0x52 MinimouseSrc/Regions.o
                0x00000000080074b6                LoraRegionsEU<SX126x>::RegionDecreaseDataRate()
 .text._ZN13LoraRegionsEUI6SX126xE22RegionBuildChannelMaskEht
                0x0000000008007508       0x72 MinimouseSrc/Regions.o
                0x0000000008007508                LoraRegionsEU<SX126x>::RegionBuildChannelMask(unsigned char, unsigned short)
 .text._ZN13LoraRegionsEUI6SX126xE21RegionIsValidDataRateEh
                0x000000000800757a        0xe MinimouseSrc/Regions.o
                0x000000000800757a                LoraRegionsEU<SX126x>::RegionIsValidDataRate(unsigned char)
 .text._ZN13LoraRegionsEUI6SX126xE26RegionIsAcceptableDataRateEh
                0x0000000008007588       0x34 MinimouseSrc/Regions.o
                0x0000000008007588                LoraRegionsEU<SX126x>::RegionIsAcceptableDataRate(unsigned char)
 .text._ZN13LoraRegionsEUI6SX126xE25RegionIsValidChannelIndexEh
                0x00000000080075bc        0xc MinimouseSrc/Regions.o
                0x00000000080075bc                LoraRegionsEU<SX126x>::RegionIsValidChannelIndex(unsigned char)
 .text._ZN13LoraRegionsEUI6SX126xE20RegionGetAdrAckLimitEv
                0x00000000080075c8        0x4 MinimouseSrc/Regions.o
                0x00000000080075c8                LoraRegionsEU<SX126x>::RegionGetAdrAckLimit()
 .text._ZN13LoraRegionsEUI6SX126xE20RegionGetAdrAckDelayEv
                0x00000000080075cc        0x4 MinimouseSrc/Regions.o
                0x00000000080075cc                LoraRegionsEU<SX126x>::RegionGetAdrAckDelay()
 .text._ZN13LoraRegionsEUI6SX126xE25RegionIsValidMacFrequencyEm
                0x00000000080075d0       0x2c MinimouseSrc/Regions.o
                0x00000000080075d0                LoraRegionsEU<SX126x>::RegionIsValidMacFrequency(unsigned long)
 .text._ZN13LoraRegionsEUI6SX126xE20RegionIsValidTxPowerEh
                0x00000000080075fc       0x1c MinimouseSrc/Regions.o
                0x00000000080075fc                LoraRegionsEU<SX126x>::RegionIsValidTxPower(unsigned char)
 .text._ZN13LoraRegionsEUI6SX126xE15RegionGetCFListEv
                0x0000000008007618       0xbc MinimouseSrc/Regions.o
                0x0000000008007618                LoraRegionsEU<SX126x>::RegionGetCFList()
 .text._ZN13LoraRegionsEUI6SX126xE14RegionSetPowerEh
                0x00000000080076d4       0x40 MinimouseSrc/Regions.o
                0x00000000080076d4                LoraRegionsEU<SX126x>::RegionSetPower(unsigned char)
 .text._ZN13LoraRegionsEUI6SX126xE13RegionSetMaskEv
                0x0000000008007714       0x44 MinimouseSrc/Regions.o
                0x0000000008007714                LoraRegionsEU<SX126x>::RegionSetMask()
 .text._ZN13LoraRegionsEUI6SX126xE24RegionIsValidRx1DrOffsetEh
                0x0000000008007758       0x18 MinimouseSrc/Regions.o
                0x0000000008007758                LoraRegionsEU<SX126x>::RegionIsValidRx1DrOffset(unsigned char)
 .text._ZN13LoraRegionsEUI6SX126xE21RegionGiveNextChannelEv
                0x0000000008007770       0x5c MinimouseSrc/Regions.o
                0x0000000008007770                LoraRegionsEU<SX126x>::RegionGiveNextChannel()
 .text._ZN13LoraRegionsEUI6SX126xEC2E12sLoRaWanKeysPS0_m
                0x00000000080077cc       0xe0 MinimouseSrc/Regions.o
                0x00000000080077cc                LoraRegionsEU<SX126x>::LoraRegionsEU(sLoRaWanKeys, SX126x*, unsigned long)
                0x00000000080077cc                LoraRegionsEU<SX126x>::LoraRegionsEU(sLoRaWanKeys, SX126x*, unsigned long)
 .text._ZN13LoraRegionsEUI6SX126xE20RegionMaxPayloadSizeEh
                0x00000000080078ac       0x2e MinimouseSrc/Regions.o
                0x00000000080078ac                LoraRegionsEU<SX126x>::RegionMaxPayloadSize(unsigned char)
 *fill*         0x00000000080078da        0x2 
 .text._ZN13LoraRegionsEUI6SX126xE29RegionSetDataRateDistributionEh
                0x00000000080078dc       0xfc MinimouseSrc/Regions.o
                0x00000000080078dc                LoraRegionsEU<SX126x>::RegionSetDataRateDistribution(unsigned char)
 .text._ZN13LoraRegionsEUI6SX126xE16TxDataRateToSfBwEh
                0x00000000080079d8       0x5c MinimouseSrc/Regions.o
                0x00000000080079d8                LoraRegionsEU<SX126x>::TxDataRateToSfBw(unsigned char)
 .text._ZN13LoraRegionsEUI6SX126xE22RegionGiveNextDataRateEv
                0x0000000008007a34       0x84 MinimouseSrc/Regions.o
                0x0000000008007a34                LoraRegionsEU<SX126x>::RegionGiveNextDataRate()
 .text._ZN13LoraRegionsEUI6SX126xE17Rx2DataRateToSfBwEh
                0x0000000008007ab8       0x4c MinimouseSrc/Regions.o
                0x0000000008007ab8                LoraRegionsEU<SX126x>::Rx2DataRateToSfBw(unsigned char)
 .text._ZN13LoraRegionsEUI6SX126xE17RegionSetRxConfigE10eRxWinType
                0x0000000008007b04       0x50 MinimouseSrc/Regions.o
                0x0000000008007b04                LoraRegionsEU<SX126x>::RegionSetRxConfig(eRxWinType)
 .text._ZN16LoraWanContainerILi16E6SX126xE11IsrTimerRx1Ev
                0x0000000008007b54       0x14 MinimouseSrc/TimerIsrRoutine.o
                0x0000000008007b54                LoraWanContainer<16, SX126x>::IsrTimerRx1()
 .text._ZN16LoraWanContainerILi16E6SX126xE11IsrTimerRx2Ev
                0x0000000008007b68       0x14 MinimouseSrc/TimerIsrRoutine.o
                0x0000000008007b68                LoraWanContainer<16, SX126x>::IsrTimerRx2()
 .text._Z5rand1v
                0x0000000008007b7c       0x2c MinimouseSrc/utilities.o
                0x0000000008007b7c                rand1()
 .text._Z5randrll
                0x0000000008007ba8       0x16 MinimouseSrc/utilities.o
                0x0000000008007ba8                randr(long, long)
 .text._Z7memcpy1PhPKht
                0x0000000008007bbe       0x12 MinimouseSrc/utilities.o
                0x0000000008007bbe                memcpy1(unsigned char*, unsigned char const*, unsigned short)
 .text._Z7memset1Phht
                0x0000000008007bd0       0x18 MinimouseSrc/utilities.o
                0x0000000008007bd0                memset1(unsigned char*, unsigned char, unsigned short)
 .text._Z5Crc64PhiPmS0_
                0x0000000008007be8       0xb4 MinimouseSrc/utilities.o
                0x0000000008007be8                Crc64(unsigned char*, int, unsigned long*, unsigned long*)
 .text.HAL_I2C_MemRxCpltCallback
                0x0000000008007c9c       0x12 Src/hardware.o
                0x0000000008007c9c                HAL_I2C_MemRxCpltCallback
 .text.blinkXTimes
                0x0000000008007cae       0x34 Src/hardware.o
                0x0000000008007cae                blinkXTimes
 *fill*         0x0000000008007ce2        0x2 
 .text.HAL_GPIO_EXTI_Callback
                0x0000000008007ce4       0x8c Src/hardware.o
                0x0000000008007ce4                HAL_GPIO_EXTI_Callback
 .text._ZN5McuXXI12McuSTM32L071ED2Ev
                0x0000000008007d70        0xc Src/main.o
                0x0000000008007d70                McuXX<McuSTM32L071>::~McuXX()
                0x0000000008007d70                McuXX<McuSTM32L071>::~McuXX()
 .text.MX_GPIO_Init
                0x0000000008007d7c      0x130 Src/main.o
                0x0000000008007d7c                MX_GPIO_Init
 .text._Error_Handler
                0x0000000008007eac       0x44 Src/main.o
                0x0000000008007eac                _Error_Handler
 .text.SystemClock_Config
                0x0000000008007ef0       0xa8 Src/main.o
                0x0000000008007ef0                SystemClock_Config
 .text._Z11MX_ADC_Initv
                0x0000000008007f98       0x7c Src/main.o
                0x0000000008007f98                MX_ADC_Init()
 .text._Z12MX_I2C1_Initv
                0x0000000008008014       0x64 Src/main.o
                0x0000000008008014                MX_I2C1_Init()
 .text._Z12MX_SPI1_Initv
                0x0000000008008078       0x50 Src/main.o
                0x0000000008008078                MX_SPI1_Init()
 .text.startup.main
                0x00000000080080c8      0x374 Src/main.o
                0x00000000080080c8                main
 .text.startup._GLOBAL__sub_I_hadc
                0x000000000800843c       0x28 Src/main.o
 .text.Reset_Handler
                0x0000000008008464       0x50 Src/startup_stm32l051xx.o
                0x0000000008008464                Reset_Handler
 .text.Default_Handler
                0x00000000080084b4        0x2 Src/startup_stm32l051xx.o
                0x00000000080084b4                ADC1_COMP_IRQHandler
                0x00000000080084b4                TIM6_IRQHandler
                0x00000000080084b4                PVD_IRQHandler
                0x00000000080084b4                EXTI2_3_IRQHandler
                0x00000000080084b4                I2C2_IRQHandler
                0x00000000080084b4                RTC_IRQHandler
                0x00000000080084b4                DMA1_Channel4_5_6_7_IRQHandler
                0x00000000080084b4                RCC_IRQHandler
                0x00000000080084b4                DMA1_Channel1_IRQHandler
                0x00000000080084b4                Default_Handler
                0x00000000080084b4                TIM22_IRQHandler
                0x00000000080084b4                SPI2_IRQHandler
                0x00000000080084b4                TIM21_IRQHandler
                0x00000000080084b4                WWDG_IRQHandler
                0x00000000080084b4                LPUART1_IRQHandler
                0x00000000080084b4                TIM2_IRQHandler
                0x00000000080084b4                USART2_IRQHandler
                0x00000000080084b4                FLASH_IRQHandler
                0x00000000080084b4                USART1_IRQHandler
 *fill*         0x00000000080084b6        0x2 
 .text.HAL_MspInit
                0x00000000080084b8       0x40 Src/stm32l0xx_hal_msp.o
                0x00000000080084b8                HAL_MspInit
 .text.HAL_ADC_MspInit
                0x00000000080084f8       0x38 Src/stm32l0xx_hal_msp.o
                0x00000000080084f8                HAL_ADC_MspInit
 .text.HAL_I2C_MspInit
                0x0000000008008530       0x98 Src/stm32l0xx_hal_msp.o
                0x0000000008008530                HAL_I2C_MspInit
 .text.HAL_I2C_MspDeInit
                0x00000000080085c8       0x3c Src/stm32l0xx_hal_msp.o
                0x00000000080085c8                HAL_I2C_MspDeInit
 .text.HAL_LPTIM_MspInit
                0x0000000008008604       0x30 Src/stm32l0xx_hal_msp.o
                0x0000000008008604                HAL_LPTIM_MspInit
 .text.HAL_RTC_MspInit
                0x0000000008008634       0x20 Src/stm32l0xx_hal_msp.o
                0x0000000008008634                HAL_RTC_MspInit
 .text.HAL_SPI_MspInit
                0x0000000008008654       0x50 Src/stm32l0xx_hal_msp.o
                0x0000000008008654                HAL_SPI_MspInit
 .text.NMI_Handler
                0x00000000080086a4        0x2 Src/stm32l0xx_it.o
                0x00000000080086a4                NMI_Handler
 .text.HardFault_Handler
                0x00000000080086a6        0x2 Src/stm32l0xx_it.o
                0x00000000080086a6                HardFault_Handler
 .text.SVC_Handler
                0x00000000080086a8        0x2 Src/stm32l0xx_it.o
                0x00000000080086a8                SVC_Handler
 .text.PendSV_Handler
                0x00000000080086aa        0x2 Src/stm32l0xx_it.o
                0x00000000080086aa                PendSV_Handler
 .text.SysTick_Handler
                0x00000000080086ac        0xc Src/stm32l0xx_it.o
                0x00000000080086ac                SysTick_Handler
 .text.EXTI0_1_IRQHandler
                0x00000000080086b8       0x10 Src/stm32l0xx_it.o
                0x00000000080086b8                EXTI0_1_IRQHandler
 .text.EXTI4_15_IRQHandler
                0x00000000080086c8        0xa Src/stm32l0xx_it.o
                0x00000000080086c8                EXTI4_15_IRQHandler
 *fill*         0x00000000080086d2        0x2 
 .text.DMA1_Channel2_3_IRQHandler
                0x00000000080086d4       0x1c Src/stm32l0xx_it.o
                0x00000000080086d4                DMA1_Channel2_3_IRQHandler
 .text.LPTIM1_IRQHandler
                0x00000000080086f0       0x10 Src/stm32l0xx_it.o
                0x00000000080086f0                LPTIM1_IRQHandler
 .text.I2C1_IRQHandler
                0x0000000008008700       0x20 Src/stm32l0xx_it.o
                0x0000000008008700                I2C1_IRQHandler
 .text.SPI1_IRQHandler
                0x0000000008008720       0x10 Src/stm32l0xx_it.o
                0x0000000008008720                SPI1_IRQHandler
 .text.SystemInit
                0x0000000008008730       0x5c Src/system_stm32l0xx.o
                0x0000000008008730                SystemInit
 .text._ZN6SX126xC2E7PinNameS0_S0_S0_
                0x000000000800878c       0x30 radio/SX126X/SX126x.o
                0x000000000800878c                SX126x::SX126x(PinName, PinName, PinName, PinName)
                0x000000000800878c                SX126x::SX126x(PinName, PinName, PinName, PinName)
 .text._ZN6SX126x5ResetEv
                0x00000000080087bc       0x34 radio/SX126X/SX126x.o
                0x00000000080087bc                SX126x::Reset()
 .text._ZN6SX126x10waitOnBusyEv
                0x00000000080087f0       0x18 radio/SX126X/SX126x.o
                0x00000000080087f0                SX126x::waitOnBusy()
 .text._ZN6SX126x16CheckDeviceReadyEv
                0x0000000008008808       0x38 radio/SX126X/SX126x.o
                0x0000000008008808                SX126x::CheckDeviceReady()
 .text._ZN6SX126x10ReadBufferEhPhh
                0x0000000008008840       0x64 radio/SX126X/SX126x.o
                0x0000000008008840                SX126x::ReadBuffer(unsigned char, unsigned char*, unsigned char)
 .text._ZN6SX126x11ReadCommandE8OpCode_tPht
                0x00000000080088a4       0x64 radio/SX126X/SX126x.o
                0x00000000080088a4                SX126x::ReadCommand(OpCode_t, unsigned char*, unsigned short)
 .text._ZN6SX126x11GetIrqFlagsEv
                0x0000000008008908       0x2e radio/SX126X/SX126x.o
                0x0000000008008908                SX126x::GetIrqFlags()
 .text._ZN6SX126x19GetPacketStatusLoraEPsS0_S0_
                0x0000000008008936       0x36 radio/SX126X/SX126x.o
                0x0000000008008936                SX126x::GetPacketStatusLora(short*, short*, short*)
 .text._ZN6SX126x17GetRxBufferStatusEPhS0_
                0x000000000800896c       0x1c radio/SX126X/SX126x.o
                0x000000000800896c                SX126x::GetRxBufferStatus(unsigned char*, unsigned char*)
 .text._ZN6SX126x12FetchPayloadEPhS0_PsS1_
                0x0000000008008988       0x36 radio/SX126X/SX126x.o
                0x0000000008008988                SX126x::FetchPayload(unsigned char*, unsigned char*, short*, short*)
 *fill*         0x00000000080089be        0x2 
 .text._ZN6SX126x11WriteBufferEhPhh
                0x00000000080089c0       0x54 radio/SX126X/SX126x.o
                0x00000000080089c0                SX126x::WriteBuffer(unsigned char, unsigned char*, unsigned char)
 .text._ZN6SX126x12WriteCommandE8OpCode_tPht
                0x0000000008008a14       0x54 radio/SX126X/SX126x.o
                0x0000000008008a14                SX126x::WriteCommand(OpCode_t, unsigned char*, unsigned short)
 .text._ZN6SX126x5SleepEb
                0x0000000008008a68       0x1e radio/SX126X/SX126x.o
                0x0000000008008a68                SX126x::Sleep(bool)
 *fill*         0x0000000008008a86        0x2 
 .text._ZN6SX126x14CalibrateImageEm
                0x0000000008008a88       0x64 radio/SX126X/SX126x.o
                0x0000000008008a88                SX126x::CalibrateImage(unsigned long)
 .text._ZN6SX126x15SetDioIrqParamsEtttt
                0x0000000008008aec       0x2c radio/SX126X/SX126x.o
                0x0000000008008aec                SX126x::SetDioIrqParams(unsigned short, unsigned short, unsigned short, unsigned short)
 .text._ZN6SX126x14ClearIrqStatusEt
                0x0000000008008b18       0x14 radio/SX126X/SX126x.o
                0x0000000008008b18                SX126x::ClearIrqStatus(unsigned short)
 .text._ZN6SX126x13ClearIrqFlagsEv
                0x0000000008008b2c       0x10 radio/SX126X/SX126x.o
                0x0000000008008b2c                SX126x::ClearIrqFlags()
 .text._ZN6SX126x20SetBufferBaseAddressEhh
                0x0000000008008b3c       0x14 radio/SX126X/SX126x.o
                0x0000000008008b3c                SX126x::SetBufferBaseAddress(unsigned char, unsigned char)
 .text._ZN6SX126x19SetModulationParamsE15eModulationTypeh10eBandWidth
                0x0000000008008b50       0x6c radio/SX126X/SX126x.o
                0x0000000008008b50                SX126x::SetModulationParams(eModulationType, unsigned char, eBandWidth)
 .text._ZN6SX126x15SetPacketParamsE15eModulationTypehNS_10InvertIQ_tE
                0x0000000008008bbc       0x42 radio/SX126X/SX126x.o
                0x0000000008008bbc                SX126x::SetPacketParams(eModulationType, unsigned char, SX126x::InvertIQ_t)
 .text._ZN6SX126x13SetPacketTypeE15eModulationType.part.1
                0x0000000008008bfe       0x12 radio/SX126X/SX126x.o
 .text._ZN6SX126x11SetPaConfigEhhhh
                0x0000000008008c10       0x1c radio/SX126X/SX126x.o
                0x0000000008008c10                SX126x::SetPaConfig(unsigned char, unsigned char, unsigned char, unsigned char)
 .text._ZN6SX126x14SetRfFrequencyEm
                0x0000000008008c2c       0x38 radio/SX126X/SX126x.o
                0x0000000008008c2c                SX126x::SetRfFrequency(unsigned long)
 .text._ZN6SX126x10SetStandbyE14StandbyModes_t
                0x0000000008008c64       0x12 radio/SX126X/SX126x.o
                0x0000000008008c64                SX126x::SetStandby(StandbyModes_t)
 .text._ZN6SX126x5SetRxEm
                0x0000000008008c76       0x18 radio/SX126X/SX126x.o
                0x0000000008008c76                SX126x::SetRx(unsigned long)
 .text._ZN6SX126x5SetTxEm
                0x0000000008008c8e       0x18 radio/SX126X/SX126x.o
                0x0000000008008c8e                SX126x::SetTx(unsigned long)
 .text._ZN6SX126x19StopTimerOnPreambleEb
                0x0000000008008ca6       0x12 radio/SX126X/SX126x.o
                0x0000000008008ca6                SX126x::StopTimerOnPreamble(bool)
 .text._ZN6SX126x14WriteRegistersEtPht
                0x0000000008008cb8       0x5c radio/SX126X/SX126x.o
                0x0000000008008cb8                SX126x::WriteRegisters(unsigned short, unsigned char*, unsigned short)
 .text._ZN6SX126x6RxLoraE10eBandWidthhmm
                0x0000000008008d14       0x74 radio/SX126X/SX126x.o
                0x0000000008008d14                SX126x::RxLora(eBandWidth, unsigned char, unsigned long, unsigned long)
 .text._ZN6SX126x11SetTxParamsEa
                0x0000000008008d88       0x64 radio/SX126X/SX126x.o
                0x0000000008008d88                SX126x::SetTxParams(signed char)
 .text._ZN6SX126x8SendLoraEPhhh10eBandWidthma
                0x0000000008008dec       0xa0 radio/SX126X/SX126x.o
                0x0000000008008dec                SX126x::SendLora(unsigned char*, unsigned char, unsigned char, eBandWidth, unsigned long, signed char)
 .text.__aeabi_atexit
                0x0000000008008e8c        0xe /opt/Atollic_TrueSTUDIO_for_STM32_x86_64_9.0.0/ARMTools/bin/../lib/gcc/arm-atollic-eabi/6.3.1/../../../../arm-atollic-eabi/lib/armv6-m/libstdc++_nano.a(atexit_arm.o)
                0x0000000008008e8c                __aeabi_atexit
 .text.__cxa_pure_virtual
                0x0000000008008e9a        0x6 /opt/Atollic_TrueSTUDIO_for_STM32_x86_64_9.0.0/ARMTools/bin/../lib/gcc/arm-atollic-eabi/6.3.1/../../../../arm-atollic-eabi/lib/armv6-m/libstdc++_nano.a(pure.o)
                0x0000000008008e9a                __cxa_pure_virtual
 .text._ZN10__cxxabiv111__terminateEPFvvE
                0x0000000008008ea0        0x8 /opt/Atollic_TrueSTUDIO_for_STM32_x86_64_9.0.0/ARMTools/bin/../lib/gcc/arm-atollic-eabi/6.3.1/../../../../arm-atollic-eabi/lib/armv6-m/libstdc++_nano.a(eh_terminate.o)
                0x0000000008008ea0                __cxxabiv1::__terminate(void (*)())
 .text._ZSt9terminatev
                0x0000000008008ea8       0x10 /opt/Atollic_TrueSTUDIO_for_STM32_x86_64_9.0.0/ARMTools/bin/../lib/gcc/arm-atollic-eabi/6.3.1/../../../../arm-atollic-eabi/lib/armv6-m/libstdc++_nano.a(eh_terminate.o)
                0x0000000008008ea8                std::terminate()
 .text.ceil     0x0000000008008eb8      0x104 /opt/Atollic_TrueSTUDIO_for_STM32_x86_64_9.0.0/ARMTools/bin/../lib/gcc/arm-atollic-eabi/6.3.1/../../../../arm-atollic-eabi/lib/armv6-m/libm.a(lib_a-s_ceil.o)
                0x0000000008008eb8                ceil
 .text.abort    0x0000000008008fbc        0xe /opt/Atollic_TrueSTUDIO_for_STM32_x86_64_9.0.0/ARMTools/bin/../lib/gcc/arm-atollic-eabi/6.3.1/../../../../arm-atollic-eabi/lib/armv6-m/libc_nano.a(lib_a-abort.o)
                0x0000000008008fbc                abort
 *fill*         0x0000000008008fca        0x2 
 .text.__cxa_atexit
                0x0000000008008fcc       0x1c /opt/Atollic_TrueSTUDIO_for_STM32_x86_64_9.0.0/ARMTools/bin/../lib/gcc/arm-atollic-eabi/6.3.1/../../../../arm-atollic-eabi/lib/armv6-m/libc_nano.a(lib_a-cxa_atexit.o)
                0x0000000008008fcc                __cxa_atexit
 .text.__libc_init_array
                0x0000000008008fe8       0x48 /opt/Atollic_TrueSTUDIO_for_STM32_x86_64_9.0.0/ARMTools/bin/../lib/gcc/arm-atollic-eabi/6.3.1/../../../../arm-atollic-eabi/lib/armv6-m/libc_nano.a(lib_a-init.o)
                0x0000000008008fe8                __libc_init_array
 .text.localtime
                0x0000000008009030       0x24 /opt/Atollic_TrueSTUDIO_for_STM32_x86_64_9.0.0/ARMTools/bin/../lib/gcc/arm-atollic-eabi/6.3.1/../../../../arm-atollic-eabi/lib/armv6-m/libc_nano.a(lib_a-lcltime.o)
                0x0000000008009030                localtime
 .text.localtime_r
                0x0000000008009054      0x1e0 /opt/Atollic_TrueSTUDIO_for_STM32_x86_64_9.0.0/ARMTools/bin/../lib/gcc/arm-atollic-eabi/6.3.1/../../../../arm-atollic-eabi/lib/armv6-m/libc_nano.a(lib_a-lcltime_r.o)
                0x0000000008009054                localtime_r
 .text.malloc   0x0000000008009234       0x14 /opt/Atollic_TrueSTUDIO_for_STM32_x86_64_9.0.0/ARMTools/bin/../lib/gcc/arm-atollic-eabi/6.3.1/../../../../arm-atollic-eabi/lib/armv6-m/libc_nano.a(lib_a-malloc.o)
                0x0000000008009234                malloc
 .text.free     0x0000000008009248       0x14 /opt/Atollic_TrueSTUDIO_for_STM32_x86_64_9.0.0/ARMTools/bin/../lib/gcc/arm-atollic-eabi/6.3.1/../../../../arm-atollic-eabi/lib/armv6-m/libc_nano.a(lib_a-malloc.o)
                0x0000000008009248                free
 .text.memcpy   0x000000000800925c       0x12 /opt/Atollic_TrueSTUDIO_for_STM32_x86_64_9.0.0/ARMTools/bin/../lib/gcc/arm-atollic-eabi/6.3.1/../../../../arm-atollic-eabi/lib/armv6-m/libc_nano.a(lib_a-memcpy-stub.o)
                0x000000000800925c                memcpy
 .text.memset   0x000000000800926e       0x10 /opt/Atollic_TrueSTUDIO_for_STM32_x86_64_9.0.0/ARMTools/bin/../lib/gcc/arm-atollic-eabi/6.3.1/../../../../arm-atollic-eabi/lib/armv6-m/libc_nano.a(lib_a-memset.o)
                0x000000000800926e                memset
 *fill*         0x000000000800927e        0x2 
 .text.validate_structure
                0x0000000008009280      0x198 /opt/Atollic_TrueSTUDIO_for_STM32_x86_64_9.0.0/ARMTools/bin/../lib/gcc/arm-atollic-eabi/6.3.1/../../../../arm-atollic-eabi/lib/armv6-m/libc_nano.a(lib_a-mktime.o)
 .text.mktime   0x0000000008009418      0x314 /opt/Atollic_TrueSTUDIO_for_STM32_x86_64_9.0.0/ARMTools/bin/../lib/gcc/arm-atollic-eabi/6.3.1/../../../../arm-atollic-eabi/lib/armv6-m/libc_nano.a(lib_a-mktime.o)
                0x0000000008009418                mktime
 .text._free_r  0x000000000800972c       0x94 /opt/Atollic_TrueSTUDIO_for_STM32_x86_64_9.0.0/ARMTools/bin/../lib/gcc/arm-atollic-eabi/6.3.1/../../../../arm-atollic-eabi/lib/armv6-m/libc_nano.a(lib_a-nano-freer.o)
                0x000000000800972c                _free_r
 .text._malloc_r
                0x00000000080097c0       0xbc /opt/Atollic_TrueSTUDIO_for_STM32_x86_64_9.0.0/ARMTools/bin/../lib/gcc/arm-atollic-eabi/6.3.1/../../../../arm-atollic-eabi/lib/armv6-m/libc_nano.a(lib_a-nano-mallocr.o)
                0x00000000080097c0                _malloc_r
 .text._sbrk_r  0x000000000800987c       0x24 /opt/Atollic_TrueSTUDIO_for_STM32_x86_64_9.0.0/ARMTools/bin/../lib/gcc/arm-atollic-eabi/6.3.1/../../../../arm-atollic-eabi/lib/armv6-m/libc_nano.a(lib_a-sbrkr.o)
                0x000000000800987c                _sbrk_r
 .text._raise_r
                0x00000000080098a0       0x54 /opt/Atollic_TrueSTUDIO_for_STM32_x86_64_9.0.0/ARMTools/bin/../lib/gcc/arm-atollic-eabi/6.3.1/../../../../arm-atollic-eabi/lib/armv6-m/libc_nano.a(lib_a-signal.o)
                0x00000000080098a0                _raise_r
 .text.raise    0x00000000080098f4       0x14 /opt/Atollic_TrueSTUDIO_for_STM32_x86_64_9.0.0/ARMTools/bin/../lib/gcc/arm-atollic-eabi/6.3.1/../../../../arm-atollic-eabi/lib/armv6-m/libc_nano.a(lib_a-signal.o)
                0x00000000080098f4                raise
 .text._kill_r  0x0000000008009908       0x24 /opt/Atollic_TrueSTUDIO_for_STM32_x86_64_9.0.0/ARMTools/bin/../lib/gcc/arm-atollic-eabi/6.3.1/../../../../arm-atollic-eabi/lib/armv6-m/libc_nano.a(lib_a-signalr.o)
                0x0000000008009908                _kill_r
 .text._getpid_r
                0x000000000800992c        0x8 /opt/Atollic_TrueSTUDIO_for_STM32_x86_64_9.0.0/ARMTools/bin/../lib/gcc/arm-atollic-eabi/6.3.1/../../../../arm-atollic-eabi/lib/armv6-m/libc_nano.a(lib_a-signalr.o)
                0x000000000800992c                _getpid_r
 .text.strcpy   0x0000000008009934       0x10 /opt/Atollic_TrueSTUDIO_for_STM32_x86_64_9.0.0/ARMTools/bin/../lib/gcc/arm-atollic-eabi/6.3.1/../../../../arm-atollic-eabi/lib/armv6-m/libc_nano.a(lib_a-strcpy.o)