bma400.c:1497:15:null_ptr_check	0	static
bma400.c:2512:13:check_mapped_interrupts	0	static
bma400.c:3103:13:unpack_accel.isra.1	20	static
bma400.c:610:8:bma400_set_regs	32	static
bma400.c:657:8:bma400_get_regs	40	dynamic
bma400.c:558:8:bma400_init	32	static
bma400.c:1515:15:set_accel_conf	24	static
bma400.c:703:8:bma400_soft_reset	24	static
bma400.c:727:8:bma400_set_power_mode	32	static
bma400.c:760:8:bma400_get_power_mode	24	static
bma400.c:778:8:bma400_get_accel_data	40	static
bma400.c:799:8:bma400_set_sensor_conf	48	static
bma400.c:906:8:bma400_get_sensor_conf	48	static
bma400.c:999:8:bma400_set_device_conf	48	static
bma400.c:1063:8:bma400_get_device_conf	48	static
bma400.c:1123:8:bma400_get_interrupt_status	24	static
bma400.c:1145:8:bma400_set_step_counter_param	16	static
bma400.c:1162:8:bma400_get_steps_counted	32	static
bma400.c:1181:8:bma400_get_temperature_data	24	static
bma400.c:1201:8:bma400_get_interrupts_enabled	40	static
bma400.c:1276:8:bma400_enable_interrupt	40	static
bma400.c:1350:8:bma400_get_fifo_data	40	static
bma400.c:1409:8:bma400_extract_accel	64	static
bma400.c:1429:8:bma400_set_fifo_flush	24	static
bma400.c:1447:8:bma400_perform_self_test	64	static
bma400.c:3398:6:delay_ms	8	static
bma400.c:3404:8:i2c_reg_write	24	static
bma400.c:3417:8:i2c_reg_read	24	static
bma400.c:3430:6:print_rslt	8	static
bma400.c:3459:7:lsb_to_ms2	16	static
bma400.c:3466:7:sensor_ticks_to_s	8	static
