../Drivers/RTT/SEGGER_RTT.c:489:17:_GetAvailWriteSpace	0	static
../Drivers/RTT/SEGGER_RTT.c:403:13:_WriteNoCheck	32	static
../Drivers/RTT/SEGGER_RTT.c:339:17:_WriteBlocking	32	static
../Drivers/RTT/SEGGER_RTT.c:284:13:_DoInit	8	static
../Drivers/RTT/SEGGER_RTT.c:467:13:_PostTerminalSwitch.constprop	16	static
../Drivers/RTT/SEGGER_RTT.c:530:10:SEGGER_RTT_ReadNoLock	40	static
../Drivers/RTT/SEGGER_RTT.c:620:10:SEGGER_RTT_Read	8	static,ignoring_inline_asm
../Drivers/RTT/SEGGER_RTT.c:659:6:SEGGER_RTT_WriteWithOverwriteNoLock	32	static
../Drivers/RTT/SEGGER_RTT.c:755:10:SEGGER_RTT_WriteSkipNoLock	40	static
../Drivers/RTT/SEGGER_RTT.c:899:10:SEGGER_RTT_WriteNoLock	24	static
../Drivers/RTT/SEGGER_RTT.c:970:10:SEGGER_RTT_Write	24	static,ignoring_inline_asm
../Drivers/RTT/SEGGER_RTT.c:1007:10:SEGGER_RTT_WriteString	16	static
../Drivers/RTT/SEGGER_RTT.c:1037:10:SEGGER_RTT_PutCharSkipNoLock	20	static
../Drivers/RTT/SEGGER_RTT.c:1084:10:SEGGER_RTT_PutCharSkip	32	static,ignoring_inline_asm
../Drivers/RTT/SEGGER_RTT.c:1140:10:SEGGER_RTT_PutChar	32	static,ignoring_inline_asm
../Drivers/RTT/SEGGER_RTT.c:1201:5:SEGGER_RTT_GetKey	16	static
../Drivers/RTT/SEGGER_RTT.c:1229:5:SEGGER_RTT_WaitKey	8	static
../Drivers/RTT/SEGGER_RTT.c:1252:5:SEGGER_RTT_HasKey	8	static
../Drivers/RTT/SEGGER_RTT.c:1278:10:SEGGER_RTT_HasData	0	static
../Drivers/RTT/SEGGER_RTT.c:1299:10:SEGGER_RTT_HasDataUp	0	static
../Drivers/RTT/SEGGER_RTT.c:1327:5:SEGGER_RTT_AllocDownBuffer	32	static,ignoring_inline_asm
../Drivers/RTT/SEGGER_RTT.c:1372:5:SEGGER_RTT_AllocUpBuffer	32	static,ignoring_inline_asm
../Drivers/RTT/SEGGER_RTT.c:1423:5:SEGGER_RTT_ConfigUpBuffer	32	static,ignoring_inline_asm
../Drivers/RTT/SEGGER_RTT.c:1470:5:SEGGER_RTT_ConfigDownBuffer	32	static,ignoring_inline_asm
../Drivers/RTT/SEGGER_RTT.c:1508:5:SEGGER_RTT_SetNameUpBuffer	16	static,ignoring_inline_asm
../Drivers/RTT/SEGGER_RTT.c:1539:5:SEGGER_RTT_SetNameDownBuffer	16	static,ignoring_inline_asm
../Drivers/RTT/SEGGER_RTT.c:1570:5:SEGGER_RTT_SetFlagsUpBuffer	16	static,ignoring_inline_asm
../Drivers/RTT/SEGGER_RTT.c:1601:5:SEGGER_RTT_SetFlagsDownBuffer	16	static,ignoring_inline_asm
../Drivers/RTT/SEGGER_RTT.c:1625:6:SEGGER_RTT_Init	8	static
../Drivers/RTT/SEGGER_RTT.c:1643:5:SEGGER_RTT_SetTerminal	24	static,ignoring_inline_asm
../Drivers/RTT/SEGGER_RTT.c:1693:5:SEGGER_RTT_TerminalOut	40	static,ignoring_inline_asm
