../BMA400/bma400.c:1496:15:null_ptr_check	0	static
../BMA400/bma400.c:2511:13:check_mapped_interrupts	0	static
../BMA400/bma400.c:3102:13:unpack_accel	20	static
../BMA400/bma400.c:609:8:bma400_set_regs	32	static
../BMA400/bma400.c:656:8:bma400_get_regs	40	dynamic
../BMA400/bma400.c:557:8:bma400_init	24	static
../BMA400/bma400.c:1514:15:set_accel_conf	24	static
../BMA400/bma400.c:702:8:bma400_soft_reset	24	static
../BMA400/bma400.c:726:8:bma400_set_power_mode	32	static
../BMA400/bma400.c:759:8:bma400_get_power_mode	24	static
../BMA400/bma400.c:777:8:bma400_get_accel_data	40	static
../BMA400/bma400.c:798:8:bma400_set_sensor_conf	48	static
../BMA400/bma400.c:905:8:bma400_get_sensor_conf	48	static
../BMA400/bma400.c:998:8:bma400_set_device_conf	48	static
../BMA400/bma400.c:1062:8:bma400_get_device_conf	48	static
../BMA400/bma400.c:1122:8:bma400_get_interrupt_status	24	static
../BMA400/bma400.c:1144:8:bma400_set_step_counter_param	16	static
../BMA400/bma400.c:1161:8:bma400_get_steps_counted	32	static
../BMA400/bma400.c:1180:8:bma400_get_temperature_data	24	static
../BMA400/bma400.c:1200:8:bma400_get_interrupts_enabled	40	static
../BMA400/bma400.c:1275:8:bma400_enable_interrupt	40	static
../BMA400/bma400.c:1349:8:bma400_get_fifo_data	40	static
../BMA400/bma400.c:1408:8:bma400_extract_accel	64	static
../BMA400/bma400.c:1428:8:bma400_set_fifo_flush	24	static
../BMA400/bma400.c:1446:8:bma400_perform_self_test	64	static
../BMA400/bma400.c:3397:6:delay_ms	8	static
../BMA400/bma400.c:3403:8:i2c_reg_write	24	static
../BMA400/bma400.c:3416:8:i2c_reg_read	24	static
../BMA400/bma400.c:3429:6:print_rslt	8	static
../BMA400/bma400.c:3458:7:lsb_to_ms2	16	static
../BMA400/bma400.c:3465:7:sensor_ticks_to_s	8	static
