../Src/hardware.c:85:6:LEDBlinkTask	16	static
../Src/hardware.c:28:10:I2C_Scan	24	static
../Src/hardware.c:49:10:getBatteryVoltage	24	static
../Src/hardware.c:68:6:HAL_I2C_MemRxCpltCallback	8	static
../Src/hardware.c:73:6:LEDBlinkSync	24	static
../Src/hardware.c:110:10:LEDBlink	40	static
../Src/hardware.c:223:6:hal_deinit	32	static
../Src/hardware.c:282:6:hal_reinit	8	static
../Src/hardware.c:297:6:HW_EnterStandbyMode	16	static
../Src/hardware.c:324:6:HW_EnterStopMode	0	static
../Src/hardware.c:390:6:HW_EraseEEPROM	8	static
../Src/hardware.c:398:6:HW_ProgramEEPROM	16	static
../Src/hardware.c:407:6:HW_ResetEEPROM	16	static,ignoring_inline_asm
../Src/hardware.c:420:6:HW_WriteEEPROM	48	static
../Src/hardware.c:450:6:HW_ReadEEPROM	8	static
../Src/hardware.c:464:6:HW_ChangePW	16	static
../Src/hardware.c:498:10:HW_RTCGetMsTime	80	static
../Src/hardware.c:522:10:HW_RTCGetSTime	80	static
../Src/hardware.c:357:6:HW_ExitStopMode	24	static
../Src/hardware.c:540:6:HW_RTCWUTSet	8	static
../Src/hardware.c:546:6:Breakpoint	0	static,ignoring_inline_asm
