../Src/stm32l0xx_it.c:90:6:NMI_Handler	0	static
../Src/stm32l0xx_it.c:103:6:HardFault_Handler	0	static
../Src/stm32l0xx_it.c:118:6:SVC_Handler	0	static
../Src/stm32l0xx_it.c:131:6:PendSV_Handler	0	static
../Src/stm32l0xx_it.c:144:6:SysTick_Handler	8	static
../Src/stm32l0xx_it.c:182:6:RCC_IRQHandler	0	static
../Src/stm32l0xx_it.c:195:6:EXTI0_1_IRQHandler	8	static
../Src/stm32l0xx_it.c:210:6:EXTI2_3_IRQHandler	8	static
../Src/stm32l0xx_it.c:224:6:EXTI4_15_IRQHandler	8	static
../Src/stm32l0xx_it.c:240:6:DMA1_Channel1_IRQHandler	8	static
../Src/stm32l0xx_it.c:254:6:DMA1_Channel2_3_IRQHandler	8	static
../Src/stm32l0xx_it.c:268:6:LPTIM1_IRQHandler	8	static
../Src/stm32l0xx_it.c:282:6:I2C1_IRQHandler	8	static
../Src/stm32l0xx_it.c:300:6:SPI1_IRQHandler	8	static,ignoring_inline_asm
