../Drivers/LoRaMac-node/mac/region/RegionEU868.c:86:20:GetTimeOnAir	40	static
../Drivers/LoRaMac-node/mac/region/RegionEU868.c:46:13:VerifyRfFreq	24	static
../Drivers/LoRaMac-node/mac/region/RegionEU868.c:103:12:RegionEU868GetPhyParam	24	static
../Drivers/LoRaMac-node/mac/region/RegionEU868.c:299:6:RegionEU868SetBandTxDone	16	static
../Drivers/LoRaMac-node/mac/region/RegionEU868.c:305:6:RegionEU868InitDefaults	160	static
../Drivers/LoRaMac-node/mac/region/RegionEU868.c:368:6:RegionEU868Verify	16	static
../Drivers/LoRaMac-node/mac/region/RegionEU868.c:463:6:RegionEU868ChanMaskSet	8	static
../Drivers/LoRaMac-node/mac/region/RegionEU868.c:483:6:RegionEU868ComputeRxWindowParameters	40	static
../Drivers/LoRaMac-node/mac/region/RegionEU868.c:503:6:RegionEU868RxConfig	80	static
../Drivers/LoRaMac-node/mac/region/RegionEU868.c:549:6:RegionEU868TxConfig	88	static
../Drivers/LoRaMac-node/mac/region/RegionEU868.c:584:9:RegionEU868LinkAdrReq	96	static
../Drivers/LoRaMac-node/mac/region/RegionEU868.c:689:9:RegionEU868RxParamSetupReq	24	static
../Drivers/LoRaMac-node/mac/region/RegionEU868.c:768:8:RegionEU868TxParamSetupReq	0	static
../Drivers/LoRaMac-node/mac/region/RegionEU868.c:774:8:RegionEU868DlChannelReq	16	static
../Drivers/LoRaMac-node/mac/region/RegionEU868.c:800:8:RegionEU868AlternateDr	0	static
../Drivers/LoRaMac-node/mac/region/RegionEU868.c:805:17:RegionEU868NextChannel	128	static
../Drivers/LoRaMac-node/mac/region/RegionEU868.c:856:17:RegionEU868ChannelAdd	40	static
../Drivers/LoRaMac-node/mac/region/RegionEU868.c:916:6:RegionEU868ChannelsRemove	16	static
../Drivers/LoRaMac-node/mac/region/RegionEU868.c:404:6:RegionEU868ApplyCFList	48	static
../Drivers/LoRaMac-node/mac/region/RegionEU868.c:715:8:RegionEU868NewChannelReq	24	static
../Drivers/LoRaMac-node/mac/region/RegionEU868.c:931:9:RegionEU868ApplyDrOffset	0	static
../Drivers/LoRaMac-node/mac/region/RegionEU868.c:942:6:RegionEU868RxBeaconSetup	32	static
