../Drivers/LoRaMac-node/mac/region/RegionCommon.c:219:6:RegionCommonChanVerifyDr	32	static
../Drivers/LoRaMac-node/mac/region/RegionCommon.c:244:9:RegionCommonValueInRange	0	static
../Drivers/LoRaMac-node/mac/region/RegionCommon.c:253:6:RegionCommonChanDisable	12	static
../Drivers/LoRaMac-node/mac/region/RegionCommon.c:268:9:RegionCommonCountChannels	32	static
../Drivers/LoRaMac-node/mac/region/RegionCommon.c:285:6:RegionCommonChanMaskCopy	8	static
../Drivers/LoRaMac-node/mac/region/RegionCommon.c:296:6:RegionCommonSetBandTxDone	16	static
../Drivers/LoRaMac-node/mac/region/RegionCommon.c:314:13:RegionCommonUpdateBandTimeOff	96	static
../Drivers/LoRaMac-node/mac/region/RegionCommon.c:409:9:RegionCommonParseLinkAdrReq	8	static
../Drivers/LoRaMac-node/mac/region/RegionCommon.c:433:9:RegionCommonLinkAdrReqVerifyParams	48	static
../Drivers/LoRaMac-node/mac/region/RegionCommon.c:498:10:RegionCommonComputeSymbolTimeLoRa	8	static
../Drivers/LoRaMac-node/mac/region/RegionCommon.c:503:10:RegionCommonComputeSymbolTimeFsk	8	static
../Drivers/LoRaMac-node/mac/region/RegionCommon.c:508:6:RegionCommonComputeRxWindowParameters	16	static
../Drivers/LoRaMac-node/mac/region/RegionCommon.c:516:8:RegionCommonComputeTxPower	16	static
../Drivers/LoRaMac-node/mac/region/RegionCommon.c:525:6:RegionCommonRxBeaconSetup	56	static
../Drivers/LoRaMac-node/mac/region/RegionCommon.c:553:6:RegionCommonCountNbOfEnabledChannels	48	static
../Drivers/LoRaMac-node/mac/region/RegionCommon.c:596:17:RegionCommonIdentifyChannels	48	static
../Drivers/LoRaMac-node/mac/region/RegionCommon.c:640:8:RegionCommonGetNextLowerTxDr	24	static
../Drivers/LoRaMac-node/mac/region/RegionCommon.c:660:8:RegionCommonLimitTxPower	0	static
../Drivers/LoRaMac-node/mac/region/RegionCommon.c:666:10:RegionCommonGetBandwidth	0	static
