../Drivers/LoRaMac-node/mac/region/Region.c:526:6:RegionIsActive	0	static
../Drivers/LoRaMac-node/mac/region/Region.c:547:12:RegionGetPhyParam	16	static
../Drivers/LoRaMac-node/mac/region/Region.c:569:6:RegionSetBandTxDone	8	static
../Drivers/LoRaMac-node/mac/region/Region.c:590:6:RegionInitDefaults	8	static
../Drivers/LoRaMac-node/mac/region/Region.c:611:6:RegionVerify	8	static
../Drivers/LoRaMac-node/mac/region/Region.c:632:6:RegionApplyCFList	8	static
../Drivers/LoRaMac-node/mac/region/Region.c:653:6:RegionChanMaskSet	8	static
../Drivers/LoRaMac-node/mac/region/Region.c:674:6:RegionComputeRxWindowParameters	8	static
../Drivers/LoRaMac-node/mac/region/Region.c:695:6:RegionRxConfig	8	static
../Drivers/LoRaMac-node/mac/region/Region.c:716:6:RegionTxConfig	8	static
../Drivers/LoRaMac-node/mac/region/Region.c:737:9:RegionLinkAdrReq	16	static
../Drivers/LoRaMac-node/mac/region/Region.c:758:9:RegionRxParamSetupReq	8	static
../Drivers/LoRaMac-node/mac/region/Region.c:779:8:RegionNewChannelReq	8	static
../Drivers/LoRaMac-node/mac/region/Region.c:800:8:RegionTxParamSetupReq	8	static
../Drivers/LoRaMac-node/mac/region/Region.c:821:8:RegionDlChannelReq	8	static
../Drivers/LoRaMac-node/mac/region/Region.c:842:8:RegionAlternateDr	8	static
../Drivers/LoRaMac-node/mac/region/Region.c:863:17:RegionNextChannel	8	static
../Drivers/LoRaMac-node/mac/region/Region.c:884:17:RegionChannelAdd	8	static
../Drivers/LoRaMac-node/mac/region/Region.c:905:6:RegionChannelsRemove	8	static
../Drivers/LoRaMac-node/mac/region/Region.c:926:9:RegionApplyDrOffset	8	static
../Drivers/LoRaMac-node/mac/region/Region.c:947:6:RegionRxBeaconSetup	8	static
../Drivers/LoRaMac-node/mac/region/Region.c:968:11:RegionGetVersion	0	static
