../Drivers/LoRaMac-node/mac/region/RegionUS915.c:94:20:GetTimeOnAir	32	static
../Drivers/LoRaMac-node/mac/region/RegionUS915.c:70:13:VerifyRfFreq	16	static
../Drivers/LoRaMac-node/mac/region/RegionUS915.c:102:12:RegionUS915GetPhyParam	24	static
../Drivers/LoRaMac-node/mac/region/RegionUS915.c:312:6:RegionUS915SetBandTxDone	16	static
../Drivers/LoRaMac-node/mac/region/RegionUS915.c:318:6:RegionUS915InitDefaults	48	static
../Drivers/LoRaMac-node/mac/region/RegionUS915.c:400:6:RegionUS915Verify	8	static
../Drivers/LoRaMac-node/mac/region/RegionUS915.c:435:6:RegionUS915ApplyCFList	20	static
../Drivers/LoRaMac-node/mac/region/RegionUS915.c:463:6:RegionUS915ChanMaskSet	24	static
../Drivers/LoRaMac-node/mac/region/RegionUS915.c:500:6:RegionUS915ComputeRxWindowParameters	40	static
../Drivers/LoRaMac-node/mac/region/RegionUS915.c:513:6:RegionUS915RxConfig	80	static
../Drivers/LoRaMac-node/mac/region/RegionUS915.c:544:6:RegionUS915TxConfig	88	static
../Drivers/LoRaMac-node/mac/region/RegionUS915.c:569:9:RegionUS915LinkAdrReq	112	static
../Drivers/LoRaMac-node/mac/region/RegionUS915.c:730:9:RegionUS915RxParamSetupReq	16	static
../Drivers/LoRaMac-node/mac/region/RegionUS915.c:760:8:RegionUS915NewChannelReq	0	static
../Drivers/LoRaMac-node/mac/region/RegionUS915.c:766:8:RegionUS915TxParamSetupReq	0	static
../Drivers/LoRaMac-node/mac/region/RegionUS915.c:772:8:RegionUS915DlChannelReq	0	static
../Drivers/LoRaMac-node/mac/region/RegionUS915.c:778:8:RegionUS915AlternateDr	0	static
../Drivers/LoRaMac-node/mac/region/RegionUS915.c:803:17:RegionUS915NextChannel	176	static
../Drivers/LoRaMac-node/mac/region/RegionUS915.c:893:17:RegionUS915ChannelAdd	0	static
../Drivers/LoRaMac-node/mac/region/RegionUS915.c:898:6:RegionUS915ChannelsRemove	0	static
../Drivers/LoRaMac-node/mac/region/RegionUS915.c:903:9:RegionUS915ApplyDrOffset	0	static
../Drivers/LoRaMac-node/mac/region/RegionUS915.c:914:6:RegionUS915RxBeaconSetup	32	static
