st25dv.c:243:9:ST25DV_IsDeviceReady	8	static
st25dv.c:348:9:ST25DV_ReadData	16	static
st25dv.c:361:9:ST25DV_WriteData	40	static
st25dv.c:219:9:ST25DV_ReadID	8	static
st25dv.c:197:9:ST25DV_Init	24	static
st25dv.c:263:9:ST25DV_GetGPOStatus	24	static
st25dv.c:294:9:ST25DV_ConfigureGPO	16	static
st25dv.c:2080:16:ReadRegWrap	8	static
st25dv.c:2091:16:WriteRegWrap	16	static
st25dv.c:161:9:ST25DV_RegisterBusIO	8	static
st25dv.c:230:9:ST25DV_ReadICRev	8	static
st25dv.c:306:9:ST25DV_ReadITPulse	24	static
st25dv.c:330:9:ST25DV_WriteITPulse	16	static
st25dv.c:420:9:ST25DV_ReadRegister	16	static
st25dv.c:434:9:ST25DV_WriteRegister	40	static
st25dv.c:490:9:ST25DV_ReadUID	16	static
st25dv.c:526:9:ST25DV_ReadDSFID	8	static
st25dv.c:537:9:ST25DV_ReadDsfidRFProtection	24	static
st25dv.c:566:9:ST25DV_ReadAFI	8	static
st25dv.c:577:9:ST25DV_ReadAfiRFProtection	24	static
st25dv.c:606:9:ST25DV_ReadI2CProtectZone	24	static
st25dv.c:634:9:ST25DV_WriteI2CProtectZonex	16	static
st25dv.c:673:9:ST25DV_ReadLockCCFile	24	static
st25dv.c:714:9:ST25DV_WriteLockCCFile	16	static
st25dv.c:751:9:ST25DV_ReadLockCFG	24	static
st25dv.c:781:9:ST25DV_WriteLockCFG	16	static
st25dv.c:797:9:ST25DV_PresentI2CPassword	56	static
st25dv.c:822:9:ST25DV_WriteI2CPassword	56	static
st25dv.c:848:9:ST25DV_ReadRFZxSS	24	static
st25dv.c:892:9:ST25DV_WriteRFZxSS	32	static
st25dv.c:930:9:ST25DV_ReadEndZonex	8	static
st25dv.c:963:9:ST25DV_WriteEndZonex	16	static
st25dv.c:1122:9:ST25DV_ReadMemSize	32	static
st25dv.c:994:9:ST25DV_InitEndZone	24	static
st25dv.c:1042:9:ST25DV_CreateUserZone	40	static
st25dv.c:1150:9:ST25DV_ReadEHMode	24	static
st25dv.c:1179:9:ST25DV_WriteEHMode	16	static
st25dv.c:1195:9:ST25DV_ReadRFMngt	24	static
st25dv.c:1235:9:ST25DV_WriteRFMngt	16	static
st25dv.c:1246:9:ST25DV_GetRFDisable	24	static
st25dv.c:1276:9:ST25DV_SetRFDisable	16	static
st25dv.c:1289:9:ST25DV_ResetRFDisable	16	static
st25dv.c:1302:9:ST25DV_GetRFSleep	24	static
st25dv.c:1333:9:ST25DV_SetRFSleep	16	static
st25dv.c:1346:9:ST25DV_ResetRFSleep	16	static
st25dv.c:1359:9:ST25DV_ReadMBMode	24	static
st25dv.c:1390:9:ST25DV_WriteMBMode	16	static
st25dv.c:1408:9:ST25DV_ReadMBWDG	8	static
st25dv.c:1428:9:ST25DV_WriteMBWDG	16	static
st25dv.c:1441:9:ST25DV_ReadMailboxData	16	static
st25dv.c:1457:9:ST25DV_WriteMailboxData	8	static
st25dv.c:1482:9:ST25DV_ReadMailboxRegister	16	static
st25dv.c:1499:9:ST25DV_WriteMailboxRegister	16	static
st25dv.c:1516:9:ST25DV_ReadI2CSecuritySession_Dyn	24	static
st25dv.c:1555:9:ST25DV_ReadITSTStatus_Dyn	8	static
st25dv.c:1566:9:ST25DV_ReadGPO_Dyn	8	static
st25dv.c:1577:9:ST25DV_GetGPO_en_Dyn	24	static
st25dv.c:1607:9:ST25DV_SetGPO_en_Dyn	16	static
st25dv.c:1620:9:ST25DV_ResetGPO_en_Dyn	16	static
st25dv.c:1633:9:ST25DV_ReadEHCtrl_Dyn	24	static
st25dv.c:1694:9:ST25DV_GetEHENMode_Dyn	24	static
st25dv.c:1723:9:ST25DV_SetEHENMode_Dyn	16	static
st25dv.c:1735:9:ST25DV_ResetEHENMode_Dyn	16	static
st25dv.c:1748:9:ST25DV_GetEHON_Dyn	24	static
st25dv.c:1778:9:ST25DV_GetRFField_Dyn	24	static
st25dv.c:1808:9:ST25DV_GetVCC_Dyn	24	static
st25dv.c:1838:9:ST25DV_ReadRFMngt_Dyn	24	static
st25dv.c:1879:9:ST25DV_WriteRFMngt_Dyn	16	static
st25dv.c:1890:9:ST25DV_GetRFDisable_Dyn	24	static
st25dv.c:1919:9:ST25DV_SetRFDisable_Dyn	16	static
st25dv.c:1930:9:ST25DV_ResetRFDisable_Dyn	16	static
st25dv.c:1942:9:ST25DV_GetRFSleep_Dyn	24	static
st25dv.c:1971:9:ST25DV_SetRFSleep_Dyn	16	static
st25dv.c:1982:9:ST25DV_ResetRFSleep_Dyn	16	static
st25dv.c:1994:9:ST25DV_ReadMBCtrl_Dyn	24	static
st25dv.c:2021:9:ST25DV_GetMBEN_Dyn	24	static
st25dv.c:2049:9:ST25DV_SetMBEN_Dyn	16	static
st25dv.c:2061:9:ST25DV_ResetMBEN_Dyn	16	static
st25dv.c:2074:9:ST25DV_ReadMBLength_Dyn	8	static
