st25dv_reg.c:3:9:ST25DV_ReadReg	8	static
st25dv_reg.c:8:9:ST25DV_WriteReg	8	static
st25dv_reg.c:15:9:ST25DV_GetICREF	8	static
st25dv_reg.c:22:9:ST25DV_GetENDA1	8	static
st25dv_reg.c:29:9:ST25DV_SetENDA1	8	static
st25dv_reg.c:34:9:ST25DV_GetENDA2	8	static
st25dv_reg.c:41:9:ST25DV_SetENDA2	8	static
st25dv_reg.c:46:9:ST25DV_GetENDA3	8	static
st25dv_reg.c:53:9:ST25DV_SetENDA3	8	static
st25dv_reg.c:58:9:ST25DV_GetDSFID	8	static
st25dv_reg.c:65:9:ST25DV_GetAFI	8	static
st25dv_reg.c:72:9:ST25DV_GetMEM_SIZE_MSB	8	static
st25dv_reg.c:79:9:ST25DV_GetBLK_SIZE	8	static
st25dv_reg.c:86:9:ST25DV_GetMEM_SIZE_LSB	8	static
st25dv_reg.c:93:9:ST25DV_GetICREV	8	static
st25dv_reg.c:100:9:ST25DV_GetUID	8	static
st25dv_reg.c:107:9:ST25DV_GetI2CPASSWD	8	static
st25dv_reg.c:114:9:ST25DV_SetI2CPASSWD	8	static
st25dv_reg.c:121:9:ST25DV_GetLOCKDSFID	8	static
st25dv_reg.c:128:9:ST25DV_GetLOCKAFI	8	static
st25dv_reg.c:135:9:ST25DV_GetMB_MODE_RW	8	static
st25dv_reg.c:144:9:ST25DV_SetMB_MODE_RW	24	static
st25dv_reg.c:158:9:ST25DV_GetMBLEN_DYN_MBLEN	8	static
st25dv_reg.c:165:9:ST25DV_GetMB_CTRL_DYN_MBEN	8	static
st25dv_reg.c:174:9:ST25DV_SetMB_CTRL_DYN_MBEN	24	static
st25dv_reg.c:188:9:ST25DV_GetMB_CTRL_DYN_HOSTPUTMSG	8	static
st25dv_reg.c:197:9:ST25DV_GetMB_CTRL_DYN_RFPUTMSG	8	static
st25dv_reg.c:206:9:ST25DV_GetMB_CTRL_DYN_STRESERVED	8	static
st25dv_reg.c:215:9:ST25DV_GetMB_CTRL_DYN_HOSTMISSMSG	8	static
st25dv_reg.c:224:9:ST25DV_GetMB_CTRL_DYN_RFMISSMSG	8	static
st25dv_reg.c:233:9:ST25DV_GetMB_CTRL_DYN_CURRENTMSG	8	static
st25dv_reg.c:242:9:ST25DV_GetMB_CTRL_DYN_ALL	8	static
st25dv_reg.c:249:9:ST25DV_GetMB_WDG_DELAY	8	static
st25dv_reg.c:258:9:ST25DV_SetMB_WDG_DELAY	24	static
st25dv_reg.c:272:9:ST25DV_GetGPO_RFUSERSTATE	8	static
st25dv_reg.c:281:9:ST25DV_SetGPO_RFUSERSTATE	24	static
st25dv_reg.c:295:9:ST25DV_GetGPO_RFACTIVITY	8	static
st25dv_reg.c:304:9:ST25DV_SetGPO_RFACTIVITY	24	static
st25dv_reg.c:318:9:ST25DV_GetGPO_RFINTERRUPT	8	static
st25dv_reg.c:327:9:ST25DV_SetGPO_RFINTERRUPT	24	static
st25dv_reg.c:341:9:ST25DV_GetGPO_FIELDCHANGE	8	static
st25dv_reg.c:350:9:ST25DV_SetGPO_FIELDCHANGE	24	static
st25dv_reg.c:364:9:ST25DV_GetGPO_RFPUTMSG	8	static
st25dv_reg.c:373:9:ST25DV_SetGPO_RFPUTMSG	24	static
st25dv_reg.c:387:9:ST25DV_GetGPO_RFGETMSG	8	static
st25dv_reg.c:396:9:ST25DV_SetGPO_RFGETMSG	24	static
st25dv_reg.c:410:9:ST25DV_GetGPO_RFWRITE	8	static
st25dv_reg.c:419:9:ST25DV_SetGPO_RFWRITE	24	static
st25dv_reg.c:433:9:ST25DV_GetGPO_ENABLE	8	static
st25dv_reg.c:442:9:ST25DV_SetGPO_ENABLE	24	static
st25dv_reg.c:456:9:ST25DV_GetGPO_ALL	8	static
st25dv_reg.c:463:9:ST25DV_SetGPO_ALL	8	static
st25dv_reg.c:470:9:ST25DV_GetGPO_DYN_RFUSERSTATE	8	static
st25dv_reg.c:479:9:ST25DV_SetGPO_DYN_RFUSERSTATE	24	static
st25dv_reg.c:493:9:ST25DV_GetGPO_DYN_RFACTIVITY	8	static
st25dv_reg.c:502:9:ST25DV_SetGPO_DYN_RFACTIVITY	24	static
st25dv_reg.c:516:9:ST25DV_GetGPO_DYN_RFINTERRUPT	8	static
st25dv_reg.c:525:9:ST25DV_SetGPO_DYN_RFINTERRUPT	24	static
st25dv_reg.c:539:9:ST25DV_GetGPO_DYN_FIELDCHANGE	8	static
st25dv_reg.c:548:9:ST25DV_SetGPO_DYN_FIELDCHANGE	24	static
st25dv_reg.c:562:9:ST25DV_GetGPO_DYN_RFPUTMSG	8	static
st25dv_reg.c:571:9:ST25DV_SetGPO_DYN_RFPUTMSG	24	static
st25dv_reg.c:585:9:ST25DV_GetGPO_DYN_RFGETMSG	8	static
st25dv_reg.c:594:9:ST25DV_SetGPO_DYN_RFGETMSG	24	static
st25dv_reg.c:608:9:ST25DV_GetGPO_DYN_RFWRITE	8	static
st25dv_reg.c:617:9:ST25DV_SetGPO_DYN_RFWRITE	24	static
st25dv_reg.c:631:9:ST25DV_GetGPO_DYN_ENABLE	8	static
st25dv_reg.c:640:9:ST25DV_SetGPO_DYN_ENABLE	24	static
st25dv_reg.c:654:9:ST25DV_GetGPO_DYN_ALL	8	static
st25dv_reg.c:661:9:ST25DV_SetGPO_DYN_ALL	8	static
st25dv_reg.c:668:9:ST25DV_GetITTIME_DELAY	8	static
st25dv_reg.c:677:9:ST25DV_SetITTIME_DELAY	24	static
st25dv_reg.c:691:9:ST25DV_GetITSTS_DYN_RFUSERSTATE	8	static
st25dv_reg.c:700:9:ST25DV_GetITSTS_DYN_RFACTIVITY	8	static
st25dv_reg.c:709:9:ST25DV_GetITSTS_DYN_RFINTERRUPT	8	static
st25dv_reg.c:718:9:ST25DV_GetITSTS_DYN_FIELDFALLING	8	static
st25dv_reg.c:727:9:ST25DV_GetITSTS_DYN_FIELDRISING	8	static
st25dv_reg.c:736:9:ST25DV_GetITSTS_DYN_RFPUTMSG	8	static
st25dv_reg.c:745:9:ST25DV_GetITSTS_DYN_RFGETMSG	8	static
st25dv_reg.c:754:9:ST25DV_GetITSTS_DYN_RFWRITE	8	static
st25dv_reg.c:763:9:ST25DV_GetITSTS_DYN_ALL	8	static
st25dv_reg.c:770:9:ST25DV_GetEH_MODE	8	static
st25dv_reg.c:779:9:ST25DV_SetEH_MODE	24	static
st25dv_reg.c:793:9:ST25DV_GetEH_CTRL_DYN_EH_EN	8	static
st25dv_reg.c:802:9:ST25DV_SetEH_CTRL_DYN_EH_EN	24	static
st25dv_reg.c:816:9:ST25DV_GetEH_CTRL_DYN_EH_ON	8	static
st25dv_reg.c:825:9:ST25DV_GetEH_CTRL_DYN_FIELD_ON	8	static
st25dv_reg.c:834:9:ST25DV_GetEH_CTRL_DYN_VCC_ON	8	static
st25dv_reg.c:843:9:ST25DV_GetEH_CTRL_DYN_ALL	8	static
st25dv_reg.c:852:9:ST25DV_GetRF_MNGT_RFDIS	8	static
st25dv_reg.c:861:9:ST25DV_SetRF_MNGT_RFDIS	24	static
st25dv_reg.c:875:9:ST25DV_GetRF_MNGT_RFSLEEP	8	static
st25dv_reg.c:884:9:ST25DV_SetRF_MNGT_RFSLEEP	24	static
st25dv_reg.c:898:9:ST25DV_GetRF_MNGT_ALL	8	static
st25dv_reg.c:907:9:ST25DV_SetRF_MNGT_ALL	24	static
st25dv_reg.c:921:9:ST25DV_GetRF_MNGT_DYN_RFDIS	8	static
st25dv_reg.c:930:9:ST25DV_SetRF_MNGT_DYN_RFDIS	24	static
st25dv_reg.c:944:9:ST25DV_GetRF_MNGT_DYN_RFSLEEP	8	static
st25dv_reg.c:953:9:ST25DV_SetRF_MNGT_DYN_RFSLEEP	24	static
st25dv_reg.c:967:9:ST25DV_GetRF_MNGT_DYN_ALL	8	static
st25dv_reg.c:976:9:ST25DV_SetRF_MNGT_DYN_ALL	24	static
st25dv_reg.c:990:9:ST25DV_GetRFA1SS_PWDCTRL	8	static
st25dv_reg.c:999:9:ST25DV_SetRFA1SS_PWDCTRL	24	static
st25dv_reg.c:1013:9:ST25DV_GetRFA1SS_RWPROT	8	static
st25dv_reg.c:1022:9:ST25DV_SetRFA1SS_RWPROT	24	static
st25dv_reg.c:1036:9:ST25DV_GetRFA1SS_ALL	8	static
st25dv_reg.c:1045:9:ST25DV_SetRFA1SS_ALL	24	static
st25dv_reg.c:1059:9:ST25DV_GetRFA2SS_PWDCTRL	8	static
st25dv_reg.c:1068:9:ST25DV_SetRFA2SS_PWDCTRL	24	static
st25dv_reg.c:1082:9:ST25DV_GetRFA2SS_RWPROT	8	static
st25dv_reg.c:1091:9:ST25DV_SetRFA2SS_RWPROT	24	static
st25dv_reg.c:1105:9:ST25DV_GetRFA2SS_ALL	8	static
st25dv_reg.c:1114:9:ST25DV_SetRFA2SS_ALL	24	static
st25dv_reg.c:1128:9:ST25DV_GetRFA3SS_PWDCTRL	8	static
st25dv_reg.c:1137:9:ST25DV_SetRFA3SS_PWDCTRL	24	static
st25dv_reg.c:1151:9:ST25DV_GetRFA3SS_RWPROT	8	static
st25dv_reg.c:1160:9:ST25DV_SetRFA3SS_RWPROT	24	static
st25dv_reg.c:1174:9:ST25DV_GetRFA3SS_ALL	8	static
st25dv_reg.c:1183:9:ST25DV_SetRFA3SS_ALL	24	static
st25dv_reg.c:1197:9:ST25DV_GetRFA4SS_PWDCTRL	8	static
st25dv_reg.c:1206:9:ST25DV_SetRFA4SS_PWDCTRL	24	static
st25dv_reg.c:1220:9:ST25DV_GetRFA4SS_RWPROT	8	static
st25dv_reg.c:1229:9:ST25DV_SetRFA4SS_RWPROT	24	static
st25dv_reg.c:1243:9:ST25DV_GetRFA4SS_ALL	8	static
st25dv_reg.c:1252:9:ST25DV_SetRFA4SS_ALL	24	static
st25dv_reg.c:1266:9:ST25DV_GetI2CSS_PZ1	8	static
st25dv_reg.c:1275:9:ST25DV_SetI2CSS_PZ1	24	static
st25dv_reg.c:1289:9:ST25DV_GetI2CSS_PZ2	8	static
st25dv_reg.c:1298:9:ST25DV_SetI2CSS_PZ2	24	static
st25dv_reg.c:1312:9:ST25DV_GetI2CSS_PZ3	8	static
st25dv_reg.c:1321:9:ST25DV_SetI2CSS_PZ3	24	static
st25dv_reg.c:1335:9:ST25DV_GetI2CSS_PZ4	8	static
st25dv_reg.c:1344:9:ST25DV_SetI2CSS_PZ4	24	static
st25dv_reg.c:1358:9:ST25DV_GetI2CSS_ALL	8	static
st25dv_reg.c:1365:9:ST25DV_SetI2CSS_ALL	8	static
st25dv_reg.c:1372:9:ST25DV_GetLOCKCCFILE_BLCK0	8	static
st25dv_reg.c:1381:9:ST25DV_SetLOCKCCFILE_BLCK0	24	static
st25dv_reg.c:1395:9:ST25DV_GetLOCKCCFILE_BLCK1	8	static
st25dv_reg.c:1404:9:ST25DV_SetLOCKCCFILE_BLCK1	24	static
st25dv_reg.c:1418:9:ST25DV_GetLOCKCCFILE_ALL	8	static
st25dv_reg.c:1427:9:ST25DV_SetLOCKCCFILE_ALL	24	static
st25dv_reg.c:1441:9:ST25DV_GetLOCKCFG_B0	8	static
st25dv_reg.c:1450:9:ST25DV_SetLOCKCFG_B0	24	static
st25dv_reg.c:1464:9:ST25DV_GetI2C_SSO_DYN_I2CSSO	8	static
