bme680.c:1348:15:null_ptr_check	0	static
bme680.c:1298:15:get_mem_page	24	static
bme680.c:1259:15:set_mem_page	32	static
bme680.c:1320:15:boundary_check.isra.1.constprop	0	static
bme680.c:309:8:bme680_get_regs	32	static
bme680.c:334:8:bme680_set_regs	72	static
bme680.c:373:8:bme680_soft_reset	32	static
bme680.c:281:8:bme680_init	72	static
bme680.c:531:8:bme680_get_sensor_settings	40	static
bme680.c:583:8:bme680_set_sensor_mode	32	static
bme680.c:407:8:bme680_set_sensor_settings	72	static
bme680.c:622:8:bme680_get_sensor_mode	24	static
bme680.c:641:6:bme680_set_profile_dur	24	static
bme680.c:666:6:bme680_get_profile_dur	24	static
bme680.c:699:8:bme680_get_sensor_data	216	static
bme680.c:1363:6:user_delay_ms	8	static
bme680.c:1368:8:user_i2c_read	24	static
bme680.c:1382:8:user_i2c_write	24	static
