MacLayer.h:151:17:static void LoraWanContainer<NBCHANNEL, R>::CallbackIsrTimerRx1(void*) [with int NBCHANNEL = 16; R = SX1276]	8	static
MacLayer.h:152:17:static void LoraWanContainer<NBCHANNEL, R>::CallbackIsrTimerRx2(void*) [with int NBCHANNEL = 16; R = SX1276]	8	static
MacLayer.h:151:17:static void LoraWanContainer<NBCHANNEL, R>::CallbackIsrTimerRx1(void*) [with int NBCHANNEL = 16; R = SX126x]	8	static
MacLayer.h:152:17:static void LoraWanContainer<NBCHANNEL, R>::CallbackIsrTimerRx2(void*) [with int NBCHANNEL = 16; R = SX126x]	8	static
MacLayer.cpp:31:35:LoraWanContainer<NBCHANNEL, R>::LoraWanContainer(sLoRaWanKeys, R*, uint32_t) [with int NBCHANNEL = 16; R = SX1276]	24	static
MacLayer.cpp:58:35:LoraWanContainer<NBCHANNEL, R>::~LoraWanContainer() [with int NBCHANNEL = 16; R = SX1276]	8	static
MacLayer.cpp:86:40:void LoraWanContainer<NBCHANNEL, R>::EncryptTxFrame() [with int NBCHANNEL = 16; R = SX1276]	48	static
MacLayer.cpp:100:40:void LoraWanContainer<NBCHANNEL, R>::ConfigureRadioAndSend() [with int NBCHANNEL = 16; R = SX1276]	24	static
MacLayer.cpp:113:40:void LoraWanContainer<NBCHANNEL, R>::ConfigureRadioForRx1() [with int NBCHANNEL = 16; R = SX1276]	16	static
MacLayer.cpp:122:40:void LoraWanContainer<NBCHANNEL, R>::ConfigureRadioForRx2() [with int NBCHANNEL = 16; R = SX1276]	16	static
MacLayer.cpp:823:40:void LoraWanContainer<NBCHANNEL, R>::SaveInFlash() [with int NBCHANNEL = 16; R = SX1276]	24	static
MacLayer.cpp:680:40:void LoraWanContainer<NBCHANNEL, R>::UpdateJoinProcedure() [with int NBCHANNEL = 16; R = SX1276]	32	static
MacLayer.cpp:887:40:void LoraWanContainer<NBCHANNEL, R>::LoadFromFlash() [with int NBCHANNEL = 16; R = SX1276]	48	static
MacLayer.cpp:855:40:void LoraWanContainer<NBCHANNEL, R>::SetBadCrcInFlash() [with int NBCHANNEL = 16; R = SX1276]	24	static
MacLayer.cpp:993:40:int LoraWanContainer<NBCHANNEL, R>::FindEnabledChannel(uint8_t) [with int NBCHANNEL = 16; R = SX1276]	12	static
MacLayer.cpp:951:40:void LoraWanContainer<NBCHANNEL, R>::PrintMacContext() [with int NBCHANNEL = 16; R = SX1276]	16	static
MacLayer.cpp:738:40:void LoraWanContainer<NBCHANNEL, R>::SetMacHeader() [with int NBCHANNEL = 16; R = SX1276]	0	static
MacLayer.cpp:714:40:void LoraWanContainer<NBCHANNEL, R>::BuildJoinLoraFrame() [with int NBCHANNEL = 16; R = SX1276]	24	static
MacLayer.cpp:741:40:void LoraWanContainer<NBCHANNEL, R>::SetFrameHeader() [with int NBCHANNEL = 16; R = SX1276]	16	static
MacLayer.cpp:71:40:void LoraWanContainer<NBCHANNEL, R>::BuildTxLoraFrame() [with int NBCHANNEL = 16; R = SX1276]	24	static
MacLayer.cpp:239:40:void LoraWanContainer<NBCHANNEL, R>::UpdateMacLayer() [with int NBCHANNEL = 16; R = SX1276]	24	static
MacLayer.cpp:766:39:int LoraWanContainer<NBCHANNEL, R>::ExtractRxMhdr() [with int NBCHANNEL = 16; R = SX1276]	16	static
MacLayer.cpp:756:39:int LoraWanContainer<NBCHANNEL, R>::CheckRxPayloadLength() [with int NBCHANNEL = 16; R = SX1276]	8	static
MacLayer.cpp:779:39:int LoraWanContainer<NBCHANNEL, R>::ExtractRxFhdr(uint16_t*) [with int NBCHANNEL = 16; R = SX1276]	32	static
MacLayer.cpp:804:39:int LoraWanContainer<NBCHANNEL, R>::AcceptFcntDwn(uint16_t) [with int NBCHANNEL = 16; R = SX1276]	16	static
MacLayer.cpp:161:49:eRxPacketType LoraWanContainer<NBCHANNEL, R>::DecodeRxFrame() [with int NBCHANNEL = 16; R = SX1276]	56	static
MacLayer.cpp:981:40:void LoraWanContainer<NBCHANNEL, R>::SetAlarm(uint32_t, eRxWinType) [with int NBCHANNEL = 16; R = SX1276]	8	static
MacLayer.cpp:370:40:void LoraWanContainer<NBCHANNEL, R>::LinkCheckParser() [with int NBCHANNEL = 16; R = SX1276]	16	static
MacLayer.cpp:394:40:void LoraWanContainer<NBCHANNEL, R>::LinkADRParser(uint8_t) [with int NBCHANNEL = 16; R = SX1276]	48	static
MacLayer.cpp:530:40:void LoraWanContainer<NBCHANNEL, R>::DutyCycleParser() [with int NBCHANNEL = 16; R = SX1276]	16	static
MacLayer.cpp:467:40:void LoraWanContainer<NBCHANNEL, R>::RXParamSetupParser() [with int NBCHANNEL = 16; R = SX1276]	40	static
MacLayer.cpp:543:40:void LoraWanContainer<NBCHANNEL, R>::DevStatusParser() [with int NBCHANNEL = 16; R = SX1276]	16	static
MacLayer.cpp:557:40:void LoraWanContainer<NBCHANNEL, R>::NewChannelParser() [with int NBCHANNEL = 16; R = SX1276]	56	static
MacLayer.cpp:625:40:void LoraWanContainer<NBCHANNEL, R>::RXTimingSetupParser() [with int NBCHANNEL = 16; R = SX1276]	16	static
MacLayer.cpp:641:40:void LoraWanContainer<NBCHANNEL, R>::DicChannelParser() [with int NBCHANNEL = 16; R = SX1276]	40	static
MacLayer.cpp:308:50:eStatusLoRaWan LoraWanContainer<NBCHANNEL, R>::ParseManagementPacket() [with int NBCHANNEL = 16; R = SX1276]	32	static
MacLayer.cpp:1006:41:void LoraWanContainer<NBCHANNEL, R>::ComputeRxWindowParameters(uint8_t, eBandWidth, uint32_t, uint32_t, uint8_t) [with int NBCHANNEL = 16; R = SX1276]	40	static
MacLayer.cpp:127:40:void LoraWanContainer<NBCHANNEL, R>::ConfigureTimerForRx(eRxWinType) [with int NBCHANNEL = 16; R = SX1276]	40	static
MacLayer.cpp:31:35:LoraWanContainer<NBCHANNEL, R>::LoraWanContainer(sLoRaWanKeys, R*, uint32_t) [with int NBCHANNEL = 16; R = SX126x]	24	static
MacLayer.cpp:58:35:LoraWanContainer<NBCHANNEL, R>::~LoraWanContainer() [with int NBCHANNEL = 16; R = SX126x]	8	static
MacLayer.cpp:86:40:void LoraWanContainer<NBCHANNEL, R>::EncryptTxFrame() [with int NBCHANNEL = 16; R = SX126x]	48	static
MacLayer.cpp:100:40:void LoraWanContainer<NBCHANNEL, R>::ConfigureRadioAndSend() [with int NBCHANNEL = 16; R = SX126x]	24	static
MacLayer.cpp:113:40:void LoraWanContainer<NBCHANNEL, R>::ConfigureRadioForRx1() [with int NBCHANNEL = 16; R = SX126x]	16	static
MacLayer.cpp:122:40:void LoraWanContainer<NBCHANNEL, R>::ConfigureRadioForRx2() [with int NBCHANNEL = 16; R = SX126x]	16	static
MacLayer.cpp:823:40:void LoraWanContainer<NBCHANNEL, R>::SaveInFlash() [with int NBCHANNEL = 16; R = SX126x]	24	static
MacLayer.cpp:680:40:void LoraWanContainer<NBCHANNEL, R>::UpdateJoinProcedure() [with int NBCHANNEL = 16; R = SX126x]	32	static
MacLayer.cpp:887:40:void LoraWanContainer<NBCHANNEL, R>::LoadFromFlash() [with int NBCHANNEL = 16; R = SX126x]	48	static
MacLayer.cpp:855:40:void LoraWanContainer<NBCHANNEL, R>::SetBadCrcInFlash() [with int NBCHANNEL = 16; R = SX126x]	24	static
MacLayer.cpp:993:40:int LoraWanContainer<NBCHANNEL, R>::FindEnabledChannel(uint8_t) [with int NBCHANNEL = 16; R = SX126x]	12	static
MacLayer.cpp:951:40:void LoraWanContainer<NBCHANNEL, R>::PrintMacContext() [with int NBCHANNEL = 16; R = SX126x]	16	static
MacLayer.cpp:738:40:void LoraWanContainer<NBCHANNEL, R>::SetMacHeader() [with int NBCHANNEL = 16; R = SX126x]	0	static
MacLayer.cpp:714:40:void LoraWanContainer<NBCHANNEL, R>::BuildJoinLoraFrame() [with int NBCHANNEL = 16; R = SX126x]	24	static
MacLayer.cpp:741:40:void LoraWanContainer<NBCHANNEL, R>::SetFrameHeader() [with int NBCHANNEL = 16; R = SX126x]	16	static
MacLayer.cpp:71:40:void LoraWanContainer<NBCHANNEL, R>::BuildTxLoraFrame() [with int NBCHANNEL = 16; R = SX126x]	24	static
MacLayer.cpp:239:40:void LoraWanContainer<NBCHANNEL, R>::UpdateMacLayer() [with int NBCHANNEL = 16; R = SX126x]	24	static
MacLayer.cpp:766:39:int LoraWanContainer<NBCHANNEL, R>::ExtractRxMhdr() [with int NBCHANNEL = 16; R = SX126x]	16	static
MacLayer.cpp:756:39:int LoraWanContainer<NBCHANNEL, R>::CheckRxPayloadLength() [with int NBCHANNEL = 16; R = SX126x]	8	static
MacLayer.cpp:779:39:int LoraWanContainer<NBCHANNEL, R>::ExtractRxFhdr(uint16_t*) [with int NBCHANNEL = 16; R = SX126x]	32	static
MacLayer.cpp:804:39:int LoraWanContainer<NBCHANNEL, R>::AcceptFcntDwn(uint16_t) [with int NBCHANNEL = 16; R = SX126x]	16	static
MacLayer.cpp:161:49:eRxPacketType LoraWanContainer<NBCHANNEL, R>::DecodeRxFrame() [with int NBCHANNEL = 16; R = SX126x]	56	static
MacLayer.cpp:981:40:void LoraWanContainer<NBCHANNEL, R>::SetAlarm(uint32_t, eRxWinType) [with int NBCHANNEL = 16; R = SX126x]	8	static
MacLayer.cpp:370:40:void LoraWanContainer<NBCHANNEL, R>::LinkCheckParser() [with int NBCHANNEL = 16; R = SX126x]	16	static
MacLayer.cpp:394:40:void LoraWanContainer<NBCHANNEL, R>::LinkADRParser(uint8_t) [with int NBCHANNEL = 16; R = SX126x]	48	static
MacLayer.cpp:530:40:void LoraWanContainer<NBCHANNEL, R>::DutyCycleParser() [with int NBCHANNEL = 16; R = SX126x]	16	static
MacLayer.cpp:467:40:void LoraWanContainer<NBCHANNEL, R>::RXParamSetupParser() [with int NBCHANNEL = 16; R = SX126x]	40	static
MacLayer.cpp:543:40:void LoraWanContainer<NBCHANNEL, R>::DevStatusParser() [with int NBCHANNEL = 16; R = SX126x]	16	static
MacLayer.cpp:557:40:void LoraWanContainer<NBCHANNEL, R>::NewChannelParser() [with int NBCHANNEL = 16; R = SX126x]	56	static
MacLayer.cpp:625:40:void LoraWanContainer<NBCHANNEL, R>::RXTimingSetupParser() [with int NBCHANNEL = 16; R = SX126x]	16	static
MacLayer.cpp:641:40:void LoraWanContainer<NBCHANNEL, R>::DicChannelParser() [with int NBCHANNEL = 16; R = SX126x]	40	static
MacLayer.cpp:308:50:eStatusLoRaWan LoraWanContainer<NBCHANNEL, R>::ParseManagementPacket() [with int NBCHANNEL = 16; R = SX126x]	32	static
MacLayer.cpp:1006:41:void LoraWanContainer<NBCHANNEL, R>::ComputeRxWindowParameters(uint8_t, eBandWidth, uint32_t, uint32_t, uint8_t) [with int NBCHANNEL = 16; R = SX126x]	40	static
MacLayer.cpp:127:40:void LoraWanContainer<NBCHANNEL, R>::ConfigureTimerForRx(eRxWinType) [with int NBCHANNEL = 16; R = SX126x]	40	static
