PhyLayer.h:34:17:static void RadioContainer<R>::CallbackIsrRadio(void*) [with R = SX1276]	8	static
PhyLayer.h:34:17:static void RadioContainer<R>::CallbackIsrRadio(void*) [with R = SX126x]	8	static
PhyLayer.cpp:30:20:RadioContainer<R>::RadioContainer(R*) [with R = SX1276]	0	static
PhyLayer.cpp:38:20:RadioContainer<R>::~RadioContainer() [with R = SX1276]	0	static
PhyLayer.cpp:62:25:void RadioContainer<R>::Send(eModulationType, uint32_t, uint8_t, uint8_t, eBandWidth, uint16_t) [with R = SX1276]	48	static
PhyLayer.cpp:48:25:void RadioContainer<R>::AttachIsr() [with R = SX1276]	8	static
PhyLayer.cpp:53:25:void RadioContainer<R>::DetachIsr() [with R = SX1276]	0	static
PhyLayer.cpp:94:23:int RadioContainer<R>::GetRadioState() [with R = SX1276]	0	static
PhyLayer.cpp:80:25:void RadioContainer<R>::SetRxConfig(eModulationType, uint32_t, uint8_t, eBandWidth, uint32_t) [with R = SX1276]	24	static
PhyLayer.cpp:99:29:uint32_t RadioContainer<R>::GetTxFrequency() [with R = SX1276]	0	static
PhyLayer.cpp:110:24:int RadioContainer<R>::DumpRxPayloadAndMetadata() [with R = SX1276]	32	static
PhyLayer.cpp:30:20:RadioContainer<R>::RadioContainer(R*) [with R = SX126x]	0	static
PhyLayer.cpp:38:20:RadioContainer<R>::~RadioContainer() [with R = SX126x]	0	static
PhyLayer.cpp:62:25:void RadioContainer<R>::Send(eModulationType, uint32_t, uint8_t, uint8_t, eBandWidth, uint16_t) [with R = SX126x]	48	static
PhyLayer.cpp:48:25:void RadioContainer<R>::AttachIsr() [with R = SX126x]	8	static
PhyLayer.cpp:53:25:void RadioContainer<R>::DetachIsr() [with R = SX126x]	0	static
PhyLayer.cpp:94:23:int RadioContainer<R>::GetRadioState() [with R = SX126x]	0	static
PhyLayer.cpp:80:25:void RadioContainer<R>::SetRxConfig(eModulationType, uint32_t, uint8_t, eBandWidth, uint32_t) [with R = SX126x]	24	static
PhyLayer.cpp:99:29:uint32_t RadioContainer<R>::GetTxFrequency() [with R = SX126x]	0	static
PhyLayer.cpp:110:24:int RadioContainer<R>::DumpRxPayloadAndMetadata() [with R = SX126x]	32	static
