Regions.cpp:139:26:void LoraRegionsEU<R>::RegionInitChannelMask() [with R = SX1276]	0	static
Regions.cpp:336:26:void LoraRegionsEU<R>::RegionDecreaseDataRate() [with R = SX1276]	12	static
Regions.cpp:111:36:eStatusChannel LoraRegionsEU<R>::RegionBuildChannelMask(uint8_t, uint16_t) [with R = SX1276]	16	static
Regions.cpp:190:36:eStatusLoRaWan LoraRegionsEU<R>::RegionIsValidDataRate(uint8_t) [with R = SX1276]	0	static
Regions.cpp:196:36:eStatusLoRaWan LoraRegionsEU<R>::RegionIsAcceptableDataRate(uint8_t) [with R = SX1276]	12	static
Regions.cpp:226:36:eStatusLoRaWan LoraRegionsEU<R>::RegionIsValidChannelIndex(uint8_t) [with R = SX1276]	0	static
Regions.cpp:381:30:uint8_t LoraRegionsEU<R>::RegionGetAdrAckLimit() [with R = SX1276]	0	static
Regions.cpp:384:30:uint8_t LoraRegionsEU<R>::RegionGetAdrAckDelay() [with R = SX1276]	0	static
Regions.cpp:139:26:void LoraRegionsEU<R>::RegionInitChannelMask() [with R = SX126x]	0	static
Regions.cpp:336:26:void LoraRegionsEU<R>::RegionDecreaseDataRate() [with R = SX126x]	12	static
Regions.cpp:111:36:eStatusChannel LoraRegionsEU<R>::RegionBuildChannelMask(uint8_t, uint16_t) [with R = SX126x]	16	static
Regions.cpp:190:36:eStatusLoRaWan LoraRegionsEU<R>::RegionIsValidDataRate(uint8_t) [with R = SX126x]	0	static
Regions.cpp:196:36:eStatusLoRaWan LoraRegionsEU<R>::RegionIsAcceptableDataRate(uint8_t) [with R = SX126x]	12	static
Regions.cpp:226:36:eStatusLoRaWan LoraRegionsEU<R>::RegionIsValidChannelIndex(uint8_t) [with R = SX126x]	0	static
Regions.cpp:381:30:uint8_t LoraRegionsEU<R>::RegionGetAdrAckLimit() [with R = SX126x]	0	static
Regions.cpp:384:30:uint8_t LoraRegionsEU<R>::RegionGetAdrAckDelay() [with R = SX126x]	0	static
Regions.cpp:207:36:eStatusLoRaWan LoraRegionsEU<R>::RegionIsValidMacFrequency(uint32_t) [with R = SX1276]	8	static
Regions.cpp:218:36:eStatusLoRaWan LoraRegionsEU<R>::RegionIsValidTxPower(uint8_t) [with R = SX1276]	8	static
Regions.cpp:207:36:eStatusLoRaWan LoraRegionsEU<R>::RegionIsValidMacFrequency(uint32_t) [with R = SX126x]	8	static
Regions.cpp:218:36:eStatusLoRaWan LoraRegionsEU<R>::RegionIsValidTxPower(uint8_t) [with R = SX126x]	8	static
Regions.cpp:86:26:void LoraRegionsEU<R>::RegionGetCFList() [with R = SX1276]	32	static
Regions.cpp:71:26:void LoraRegionsEU<R>::RegionSetPower(uint8_t) [with R = SX1276]	16	static
Regions.cpp:142:26:void LoraRegionsEU<R>::RegionSetMask() [with R = SX1276]	24	static
Regions.cpp:181:36:eStatusLoRaWan LoraRegionsEU<R>::RegionIsValidRx1DrOffset(uint8_t) [with R = SX1276]	8	static
Regions.cpp:86:26:void LoraRegionsEU<R>::RegionGetCFList() [with R = SX126x]	32	static
Regions.cpp:71:26:void LoraRegionsEU<R>::RegionSetPower(uint8_t) [with R = SX126x]	16	static
Regions.cpp:142:26:void LoraRegionsEU<R>::RegionSetMask() [with R = SX126x]	24	static
Regions.cpp:181:36:eStatusLoRaWan LoraRegionsEU<R>::RegionIsValidRx1DrOffset(uint8_t) [with R = SX126x]	8	static
Regions.cpp:362:27:void LoraRegionsEU<R>::RegionGiveNextChannel() [with R = SX1276]	16	static
Regions.cpp:362:27:void LoraRegionsEU<R>::RegionGiveNextChannel() [with R = SX126x]	16	static
Regions.cpp:26:22:LoraRegionsEU<R>::LoraRegionsEU(sLoRaWanKeys, R*, uint32_t) [with R = SX1276]	48	static
Regions.h:38:5:LoraRegionsEU<R>::~LoraRegionsEU() [with R = SX1276]	8	static
Regions.cpp:154:36:eStatusLoRaWan LoraRegionsEU<R>::RegionMaxPayloadSize(uint8_t) [with R = SX1276]	8	static
Regions.cpp:241:26:void LoraRegionsEU<R>::RegionSetDataRateDistribution(uint8_t) [with R = SX1276]	32	static
Regions.cpp:391:26:void LoraRegionsEU<R>::TxDataRateToSfBw(uint8_t) [with R = SX1276]	8	static
Regions.cpp:307:26:void LoraRegionsEU<R>::RegionGiveNextDataRate() [with R = SX1276]	16	static
Regions.cpp:407:26:void LoraRegionsEU<R>::Rx2DataRateToSfBw(uint8_t) [with R = SX1276]	8	static
Regions.cpp:166:26:void LoraRegionsEU<R>::RegionSetRxConfig(eRxWinType) [with R = SX1276]	8	static
Regions.cpp:26:22:LoraRegionsEU<R>::LoraRegionsEU(sLoRaWanKeys, R*, uint32_t) [with R = SX126x]	48	static
Regions.h:38:5:LoraRegionsEU<R>::~LoraRegionsEU() [with R = SX126x]	8	static
Regions.cpp:154:36:eStatusLoRaWan LoraRegionsEU<R>::RegionMaxPayloadSize(uint8_t) [with R = SX126x]	8	static
Regions.cpp:241:26:void LoraRegionsEU<R>::RegionSetDataRateDistribution(uint8_t) [with R = SX126x]	32	static
Regions.cpp:391:26:void LoraRegionsEU<R>::TxDataRateToSfBw(uint8_t) [with R = SX126x]	8	static
Regions.cpp:307:26:void LoraRegionsEU<R>::RegionGiveNextDataRate() [with R = SX126x]	16	static
Regions.cpp:407:26:void LoraRegionsEU<R>::Rx2DataRateToSfBw(uint8_t) [with R = SX126x]	8	static
Regions.cpp:166:26:void LoraRegionsEU<R>::RegionSetRxConfig(eRxWinType) [with R = SX126x]	8	static
