TimerIsrRoutine.cpp:26:40:void LoraWanContainer<NBCHANNEL, R>::IsrTimerRx1() [with int NBCHANNEL = 16; R = SX1276]	8	static
TimerIsrRoutine.cpp:31:40:void LoraWanContainer<NBCHANNEL, R>::IsrTimerRx2() [with int NBCHANNEL = 16; R = SX1276]	8	static
MacLayer.h:151:17:static void LoraWanContainer<NBCHANNEL, R>::CallbackIsrTimerRx1(void*) [with int NBCHANNEL = 16; R = SX1276]	8	static
MacLayer.h:152:17:static void LoraWanContainer<NBCHANNEL, R>::CallbackIsrTimerRx2(void*) [with int NBCHANNEL = 16; R = SX1276]	8	static
TimerIsrRoutine.cpp:26:40:void LoraWanContainer<NBCHANNEL, R>::IsrTimerRx1() [with int NBCHANNEL = 16; R = SX126x]	8	static
TimerIsrRoutine.cpp:31:40:void LoraWanContainer<NBCHANNEL, R>::IsrTimerRx2() [with int NBCHANNEL = 16; R = SX126x]	8	static
MacLayer.h:151:17:static void LoraWanContainer<NBCHANNEL, R>::CallbackIsrTimerRx1(void*) [with int NBCHANNEL = 16; R = SX126x]	8	static
MacLayer.h:152:17:static void LoraWanContainer<NBCHANNEL, R>::CallbackIsrTimerRx2(void*) [with int NBCHANNEL = 16; R = SX126x]	8	static
