utilities.cpp:30:9:int32_t rand1()	8	static
utilities.cpp:35:6:void srand1(uint32_t)	0	static
utilities.cpp:41:9:int32_t randr(int32_t, int32_t)	16	static
utilities.cpp:46:6:void memcpy1(uint8_t*, const uint8_t*, uint16_t)	8	static
utilities.cpp:54:6:void memcpyr(uint8_t*, const uint8_t*, uint16_t)	12	static
utilities.cpp:63:6:void memset1(uint8_t*, uint8_t, uint16_t)	0	static
utilities.cpp:71:8:int8_t Nibble2HexChar(uint8_t)	0	static
utilities.cpp:92:6:void Crc64(uint8_t*, int, uint32_t*, uint32_t*)	40	static
utilities.cpp:129:6:int Certification(bool, uint8_t*, uint8_t*, uint8_t*, uint8_t*, uint8_t*, uint8_t*, LoraWanObject<LoraRegionsEU, SX1276>*)	24	static
