stm32l0xx_hal_rtc.c:679:13:HAL_RTC_MspInit	0	static
stm32l0xx_hal_rtc.c:694:13:HAL_RTC_MspDeInit	0	static
stm32l0xx_hal_rtc.c:1436:19:HAL_RTC_DeactivateAlarm	32	static
stm32l0xx_hal_rtc.c:1639:13:HAL_RTC_AlarmAEventCallback	0	static
stm32l0xx_hal_rtc.c:1590:6:HAL_RTC_AlarmIRQHandler	8	static
stm32l0xx_hal_rtc.c:1655:19:HAL_RTC_PollForAlarmAEvent	24	static
stm32l0xx_hal_rtc.c:1714:19:HAL_RTC_WaitForSynchro	24	static
stm32l0xx_hal_rtc.c:1758:21:HAL_RTC_GetState	0	static
stm32l0xx_hal_rtc.c:1781:19:RTC_EnterInitMode	24	static
stm32l0xx_hal_rtc.c:231:19:HAL_RTC_Init	16	static
stm32l0xx_hal_rtc.c:357:19:HAL_RTC_DeInit	32	static
stm32l0xx_hal_rtc.c:1811:9:RTC_ByteToBcd2	0	static
stm32l0xx_hal_rtc.c:732:19:HAL_RTC_SetTime	40	static
stm32l0xx_hal_rtc.c:910:19:HAL_RTC_SetDate	40	static
stm32l0xx_hal_rtc.c:1073:19:HAL_RTC_SetAlarm	32	static
stm32l0xx_hal_rtc.c:1254:19:HAL_RTC_SetAlarm_IT	32	static
stm32l0xx_hal_rtc.c:1830:9:RTC_Bcd2ToByte	0	static
stm32l0xx_hal_rtc.c:866:19:HAL_RTC_GetTime	16	static
stm32l0xx_hal_rtc.c:1019:19:HAL_RTC_GetDate	16	static
stm32l0xx_hal_rtc.c:1530:19:HAL_RTC_GetAlarm	32	static
