stm32l0xx_hal_spi.c:3867:13:SPI_AbortRx_ISR	16	static
stm32l0xx_hal_spi.c:3900:13:SPI_AbortTx_ISR	0	static
stm32l0xx_hal_spi.c:3491:26:SPI_WaitFlagStateUntilTimeout.constprop	40	static
stm32l0xx_hal_spi.c:3558:26:SPI_EndRxTransaction	24	static
stm32l0xx_hal_spi.c:3608:26:SPI_EndRxTxTransaction	24	static
stm32l0xx_hal_spi.c:491:13:HAL_SPI_MspInit	0	static
stm32l0xx_hal_spi.c:321:19:HAL_SPI_Init	24	static
stm32l0xx_hal_spi.c:507:13:HAL_SPI_MspDeInit	0	static
stm32l0xx_hal_spi.c:447:19:HAL_SPI_DeInit	16	static
stm32l0xx_hal_spi.c:779:19:HAL_SPI_Transmit	40	static
stm32l0xx_hal_spi.c:1151:19:HAL_SPI_TransmitReceive	40	static
stm32l0xx_hal_spi.c:951:19:HAL_SPI_Receive	48	static
stm32l0xx_hal_spi.c:1378:19:HAL_SPI_Transmit_IT	20	static
stm32l0xx_hal_spi.c:1571:19:HAL_SPI_TransmitReceive_IT	32	static
stm32l0xx_hal_spi.c:1470:19:HAL_SPI_Receive_IT	24	static
stm32l0xx_hal_spi.c:1667:19:HAL_SPI_Transmit_DMA	16	static
stm32l0xx_hal_spi.c:1890:19:HAL_SPI_TransmitReceive_DMA	32	static
stm32l0xx_hal_spi.c:1775:19:HAL_SPI_Receive_DMA	24	static
stm32l0xx_hal_spi.c:2036:19:HAL_SPI_Abort	24	static
stm32l0xx_hal_spi.c:2342:19:HAL_SPI_DMAPause	0	static
stm32l0xx_hal_spi.c:2362:19:HAL_SPI_DMAResume	0	static
stm32l0xx_hal_spi.c:2382:19:HAL_SPI_DMAStop	16	static
stm32l0xx_hal_spi.c:2529:13:HAL_SPI_TxCpltCallback	0	static
stm32l0xx_hal_spi.c:2545:13:HAL_SPI_RxCpltCallback	0	static
stm32l0xx_hal_spi.c:2561:13:HAL_SPI_TxRxCpltCallback	0	static
stm32l0xx_hal_spi.c:2577:13:HAL_SPI_TxHalfCpltCallback	0	static
stm32l0xx_hal_spi.c:2931:13:SPI_DMAHalfTransmitCplt	8	static
stm32l0xx_hal_spi.c:2593:13:HAL_SPI_RxHalfCpltCallback	0	static
stm32l0xx_hal_spi.c:2949:13:SPI_DMAHalfReceiveCplt	8	static
stm32l0xx_hal_spi.c:2609:13:HAL_SPI_TxRxHalfCpltCallback	0	static
stm32l0xx_hal_spi.c:2967:13:SPI_DMAHalfTransmitReceiveCplt	8	static
stm32l0xx_hal_spi.c:2625:13:HAL_SPI_ErrorCallback	0	static
stm32l0xx_hal_spi.c:3806:13:SPI_CloseTx_ISR	16	static
stm32l0xx_hal_spi.c:3436:13:SPI_TxISR_8BIT	8	static
stm32l0xx_hal_spi.c:3461:13:SPI_TxISR_16BIT	8	static
stm32l0xx_hal_spi.c:3743:13:SPI_CloseRx_ISR	16	static
stm32l0xx_hal_spi.c:3351:13:SPI_RxISR_8BIT	8	static
stm32l0xx_hal_spi.c:3403:13:SPI_RxISR_16BIT	8	static
stm32l0xx_hal_spi.c:3648:13:SPI_CloseRxTx_ISR	16	static
stm32l0xx_hal_spi.c:3210:13:SPI_2linesTxISR_8BIT	8	static
stm32l0xx_hal_spi.c:3154:13:SPI_2linesRxISR_8BIT	8	static
stm32l0xx_hal_spi.c:3298:13:SPI_2linesTxISR_16BIT	8	static
stm32l0xx_hal_spi.c:3246:13:SPI_2linesRxISR_16BIT	8	static
stm32l0xx_hal_spi.c:2985:13:SPI_DMAError	8	static
stm32l0xx_hal_spi.c:2715:13:SPI_DMATransmitCplt	24	static
stm32l0xx_hal_spi.c:2772:13:SPI_DMAReceiveCplt	16	static
stm32l0xx_hal_spi.c:2856:13:SPI_DMATransmitReceiveCplt	16	static
stm32l0xx_hal_spi.c:2422:6:HAL_SPI_IRQHandler	40	static
stm32l0xx_hal_spi.c:3008:13:SPI_DMAAbortOnError	8	static
stm32l0xx_hal_spi.c:2643:13:HAL_SPI_AbortCpltCallback	0	static
stm32l0xx_hal_spi.c:2181:19:HAL_SPI_Abort_IT	32	static
stm32l0xx_hal_spi.c:3095:13:SPI_DMARxAbortCallback	24	static
stm32l0xx_hal_spi.c:3030:13:SPI_DMATxAbortCallback	24	static
stm32l0xx_hal_spi.c:2678:22:HAL_SPI_GetState	0	static
stm32l0xx_hal_spi.c:2690:10:HAL_SPI_GetError	0	static
